MPLINK 4.31, Linker
Linker Map File - Created Wed Oct 21 17:27:31 2020

                                 Section Info
                  Section       Type    Address   Location Size(Bytes)
                ---------  ---------  ---------  ---------  ---------
               _entry_scn       code   0x000000    program   0x000006
                   .cinit    romdata   0x000006    program   0x000032
  .romdata_ArraysImages.o    romdata   0x000038    program   0x001800
         .code_vfprintf.o       code   0x001838    program   0x000c22
     .code_Tetris_PIC18.o       code   0x00245a    program   0x000bce
             .code_oled.o       code   0x003028    program   0x0007f0
             .code_main.o       code   0x003818    program   0x0005c2
    .code_Tetris_Mtouch.o       code   0x003dda    program   0x000296
           .code_BMA150.o       code   0x004070    program   0x000274
           .code_mtouch.o       code   0x0042e4    program   0x00025e
      .code_Tetris_Oled.o       code   0x004542    program   0x000220
          .romdata_oled.o    romdata   0x004762    program   0x0001db
        .romdata___init.o    romdata   0x00493d    program   0x000000
      .romdata_fxd1616u.o    romdata   0x00493d    program   0x000000
       .romdata_sprintf.o    romdata   0x00493d    program   0x000000
   .romdata_Tetris_Oled.o    romdata   0x00493d    program   0x000000
   .idata_Tetris_Oled.o_i    romdata   0x00493d    program   0x000000
       .idata_fxm3232.o_i    romdata   0x00493d    program   0x000000
          .idata_putc.o_i    romdata   0x00493d    program   0x000000
         .idata_c018i.o_i    romdata   0x00493d    program   0x000000
  .idata_ArraysImages.o_i    romdata   0x00493d    program   0x000000
        .romdata_BMA150.o    romdata   0x00493d    program   0x000000
          .romdata_main.o    romdata   0x00493d    program   0x000000
     .code_ArraysImages.o       code   0x00493e    program   0x000000
    .code_Tetris_BMA150.o       code   0x00493e    program   0x00018c
             .stringtable    romdata   0x004aca    program   0x000163
          .romdata_putc.o    romdata   0x004c2d    program   0x000000
         .romdata_c018i.o    romdata   0x004c2d    program   0x000000
       .romdata_fxm3232.o    romdata   0x004c2d    program   0x000000
    .idata__user_putc.o_i    romdata   0x004c2d    program   0x000000
      .idata_fxd3232u.o_i    romdata   0x004c2d    program   0x000000
      .idata_vfprintf.o_i    romdata   0x004c2d    program   0x000000
 .idata_Tetris_BMA150.o_i    romdata   0x004c2d    program   0x000000
          .idata_oled.o_i    romdata   0x004c2d    program   0x000000
 .romdata_Tetris_Mtouch.o    romdata   0x004c2d    program   0x000000
 .romdata_Tetris_Pieces.o    romdata   0x004c2d    program   0x000000
            .code_c018i.o       code   0x004c2e    program   0x000000
          .code_sprintf.o       code   0x004c2e    program   0x0000ac
                     PROG       code   0x004cda    program   0x0000a6
               _cinit_scn       code   0x004d80    program   0x00009e
             .code_putc.o       code   0x004e1e    program   0x000084
          .code_fxm3232.o       code   0x004ea2    program   0x000070
                   STRING       code   0x004f12    program   0x000066
         .code_fxd3232u.o       code   0x004f78    program   0x000048
         .code_fxd1616u.o       code   0x004fc0    program   0x00002c
                    CTYPE       code   0x004fec    program   0x000024
             _startup_scn       code   0x005010    program   0x00001c
                    STDIO       code   0x00502c    program   0x00001c
      .romdata_vfprintf.o    romdata   0x005048    program   0x000011
    .romdata__user_putc.o    romdata   0x005059    program   0x000000
      .romdata_fxd3232u.o    romdata   0x005059    program   0x000000
  .romdata_Tetris_PIC18.o    romdata   0x005059    program   0x000000
       .idata_sprintf.o_i    romdata   0x005059    program   0x000000
        .idata___init.o_i    romdata   0x005059    program   0x000000
      .idata_fxd1616u.o_i    romdata   0x005059    program   0x000000
 .romdata_Tetris_BMA150.o    romdata   0x005059    program   0x000000
        .idata_BMA150.o_i    romdata   0x005059    program   0x000000
        .romdata_mtouch.o    romdata   0x005059    program   0x000000
        .idata_mtouch.o_i    romdata   0x005059    program   0x000000
                    .code       code   0x00505a    program   0x00000e
    .code_Tetris_Pieces.o       code   0x00505a    program   0x000000
       .code__user_putc.o       code   0x005068    program   0x000002
           .code___init.o       code   0x00506a    program   0x000002
          .idata_main.o_i    romdata   0x00506c    program   0x000004
 .idata_Tetris_Pieces.o_i    romdata   0x005070    program   0x000070
  .idata_Tetris_PIC18.o_i    romdata   0x0050e0    program   0x000009
 .idata_Tetris_Mtouch.o_i    romdata   0x0050e9    program   0x00000b
      .config_fff8_main.o    romdata   0x00fff8    program   0x000001
      .config_fff9_main.o    romdata   0x00fff9    program   0x000001
      .config_fffa_main.o    romdata   0x00fffa    program   0x000001
      .config_fffb_main.o    romdata   0x00fffb    program   0x000001
      .config_fffc_main.o    romdata   0x00fffc    program   0x000001
      .config_fffd_main.o    romdata   0x00fffd    program   0x000001
      .config_fffe_main.o    romdata   0x00fffe    program   0x000001
      .config_ffff_main.o    romdata   0x00ffff    program   0x000001
                MATH_DATA      udata   0x000000       data   0x000014
                 .tmpdata      udata   0x000014       data   0x00000c
    .udata_Tetris_PIC18.o      udata   0x000060       data   0x000090
            .udata_oled.o      udata   0x0000f0       data   0x00000b
          .udata_mtouch.o      udata   0x0000fb       data   0x000004
         .idata_fxm3232.o      idata   0x0000ff       data   0x000000
          .idata_mtouch.o      idata   0x0000ff       data   0x000000
   .udata_Tetris_Mtouch.o      udata   0x0000ff       data   0x000000
         .udata_fxm3232.o      udata   0x0000ff       data   0x000000
        .idata_fxd3232u.o      idata   0x0000ff       data   0x000000
        .udata_fxd3232u.o      udata   0x0000ff       data   0x000000
        .idata_vfprintf.o      idata   0x0000ff       data   0x000000
        .udata_vfprintf.o      udata   0x0000ff       data   0x000000
         .idata_sprintf.o      idata   0x0000ff       data   0x000000
         .udata_sprintf.o      udata   0x0000ff       data   0x000000
          .idata___init.o      idata   0x0000ff       data   0x000000
          .udata___init.o      udata   0x0000ff       data   0x000000
        .idata_fxd1616u.o      idata   0x0000ff       data   0x000000
        .udata_fxd1616u.o      udata   0x0000ff       data   0x000000
   .udata_Tetris_Pieces.o      udata   0x0000ff       data   0x000000
     .idata_Tetris_Oled.o      idata   0x0000ff       data   0x000000
     .udata_Tetris_Oled.o      udata   0x0000ff       data   0x000000
            .udata_putc.o      udata   0x0000ff       data   0x000000
            .idata_putc.o      idata   0x0000ff       data   0x000000
      .udata__user_putc.o      udata   0x0000ff       data   0x000000
   .idata_Tetris_BMA150.o      idata   0x0000ff       data   0x000000
   .udata_Tetris_BMA150.o      udata   0x0000ff       data   0x000000
            .idata_oled.o      idata   0x0000ff       data   0x000000
          .idata_BMA150.o      idata   0x0000ff       data   0x000000
      .idata__user_putc.o      idata   0x0000ff       data   0x000000
    .idata_ArraysImages.o      idata   0x0000ff       data   0x000000
    .udata_ArraysImages.o      udata   0x0000ff       data   0x000000
           .idata_c018i.o      idata   0x0000ff       data   0x000000
                   .stack      udata   0x000d00       data   0x000100
   .idata_Tetris_Pieces.o      idata   0x000e00       data   0x000070
   .idata_Tetris_Mtouch.o      idata   0x000e70       data   0x00000b
            .udata_main.o      udata   0x000e7b       data   0x00000a
           .udata_c018i.o      udata   0x000e85       data   0x00000a
    .idata_Tetris_PIC18.o      idata   0x000e8f       data   0x000009
          .udata_BMA150.o      udata   0x000e98       data   0x000006
            .idata_main.o      idata   0x000e9e       data   0x000004
              SFR_BANKED0      udata   0x000ec6       data   0x00000e
              SFR_BANKED1      udata   0x000ed7       data   0x000008
              SFR_BANKED2      udata   0x000ee7       data   0x000004
              SFR_BANKED3      udata   0x000eec       data   0x000003
              SFR_BANKED4      udata   0x000ef2       data   0x000002
              SFR_BANKED5      udata   0x000ef6       data   0x000002
              SFR_BANKED6      udata   0x000efb       data   0x000005
              SFR_BANKED7      udata   0x000f26       data   0x000014
              SFR_BANKED8      udata   0x000f3c       data   0x000007
              SFR_BANKED9      udata   0x000f48       data   0x000008
             SFR_BANKED10      udata   0x000f52       data   0x00000e
            SFR_UNBANKED0      udata   0x000f60       data   0x0000a0



                              Program Memory Usage 
                               Start         End      
                           ---------   ---------      
                            0x000000    0x00493c      
                            0x00493e    0x004c2c      
                            0x004c2e    0x005058      
                            0x00505a    0x0050f3      
                            0x00fff8    0x00ffff      
            20729 out of 65538 program addresses used, program memory utilization is 31%



                              Symbols - Sorted by Name
                     Name    Address   Location    Storage File                     
                ---------  ---------  ---------  --------- ---------                
          AppStateMachine   0x003818    program     extern D:\geoff\OneDrive - Haute Ecole Bruxelles Brabant (HE2B)\Ecole 2020 - 2021\UE_SystemesEmbarques\PrograEmbarque\ProgEmb_Tetris_App\main.c
          BMA150_ReadByte   0x004236    program     extern D:\geoff\OneDrive - Haute Ecole Bruxelles Brabant (HE2B)\Ecole 2020 - 2021\UE_SystemesEmbarques\PrograEmbarque\ProgEmb_Tetris_App\src\BMA150.c
         BMA150_WriteByte   0x004154    program     extern D:\geoff\OneDrive - Haute Ecole Bruxelles Brabant (HE2B)\Ecole 2020 - 2021\UE_SystemesEmbarques\PrograEmbarque\ProgEmb_Tetris_App\src\BMA150.c
       CheckButtonPressed   0x003dda    program     extern D:\geoff\OneDrive - Haute Ecole Bruxelles Brabant (HE2B)\Ecole 2020 - 2021\UE_SystemesEmbarques\PrograEmbarque\ProgEmb_Tetris_App\src\Tetris_Mtouch.c
                   D1616S   0x004cfc    program     static C:\MCC18\src\traditional\math\fxd1616s.asm
                D1616SNEG   0x004d0a    program     static C:\MCC18\src\traditional\math\fxd1616s.asm
                 D1616SOK   0x004d06    program     static C:\MCC18\src\traditional\math\fxd1616s.asm
                  D1616SX   0x004d1c    program     static C:\MCC18\src\traditional\math\fxd1616s.asm
                  DA1616S   0x004cec    program     static C:\MCC18\src\traditional\math\fxd1616s.asm
                  DelayMs   0x003028    program     extern D:\geoff\OneDrive - Haute Ecole Bruxelles Brabant (HE2B)\Ecole 2020 - 2021\UE_SystemesEmbarques\PrograEmbarque\ProgEmb_Tetris_App\src\oled.c
                 FXD1616S   0x004cda    program     extern C:\MCC18\src\traditional\math\fxd1616s.asm
                 FXD1616U   0x004fc0    program     extern C:\MCC18\src\traditional\math\fxd1616u.c
                 FXD3232U   0x004f78    program     extern C:\MCC18\src\traditional\math\fxd3232u.c
                 FXM1616S   0x004d26    program     extern C:\MCC18\src\traditional\math\fxm1616s.asm
                  FXM3232   0x004ea2    program     extern C:\MCC18\src\traditional\math\fxm3232.c
              FillDisplay   0x00324c    program     extern D:\geoff\OneDrive - Haute Ecole Bruxelles Brabant (HE2B)\Ecole 2020 - 2021\UE_SystemesEmbarques\PrograEmbarque\ProgEmb_Tetris_App\src\oled.c
       GetScrollDirection   0x003eb0    program     extern D:\geoff\OneDrive - Haute Ecole Bruxelles Brabant (HE2B)\Ecole 2020 - 2021\UE_SystemesEmbarques\PrograEmbarque\ProgEmb_Tetris_App\src\Tetris_Mtouch.c
           GetScrollState   0x003e44    program     extern D:\geoff\OneDrive - Haute Ecole Bruxelles Brabant (HE2B)\Ecole 2020 - 2021\UE_SystemesEmbarques\PrograEmbarque\ProgEmb_Tetris_App\src\Tetris_Mtouch.c
                  InitADC   0x0042fc    program     extern D:\geoff\OneDrive - Haute Ecole Bruxelles Brabant (HE2B)\Ecole 2020 - 2021\UE_SystemesEmbarques\PrograEmbarque\ProgEmb_Tetris_App\src\mtouch.c
          InitApplication   0x003d6e    program     extern D:\geoff\OneDrive - Haute Ecole Bruxelles Brabant (HE2B)\Ecole 2020 - 2021\UE_SystemesEmbarques\PrograEmbarque\ProgEmb_Tetris_App\main.c
               InitBma150   0x004070    program     extern D:\geoff\OneDrive - Haute Ecole Bruxelles Brabant (HE2B)\Ecole 2020 - 2021\UE_SystemesEmbarques\PrograEmbarque\ProgEmb_Tetris_App\src\BMA150.c
                 InitCTMU   0x0042e4    program     extern D:\geoff\OneDrive - Haute Ecole Bruxelles Brabant (HE2B)\Ecole 2020 - 2021\UE_SystemesEmbarques\PrograEmbarque\ProgEmb_Tetris_App\src\mtouch.c
              ResetDevice   0x003082    program     extern D:\geoff\OneDrive - Haute Ecole Bruxelles Brabant (HE2B)\Ecole 2020 - 2021\UE_SystemesEmbarques\PrograEmbarque\ProgEmb_Tetris_App\src\oled.c
       ShowAnimationStart   0x00245a    program     extern D:\geoff\OneDrive - Haute Ecole Bruxelles Brabant (HE2B)\Ecole 2020 - 2021\UE_SystemesEmbarques\PrograEmbarque\ProgEmb_Tetris_App\src\Tetris_PIC18.c
          Show_TetrisGrid   0x002b8a    program     extern D:\geoff\OneDrive - Haute Ecole Bruxelles Brabant (HE2B)\Ecole 2020 - 2021\UE_SystemesEmbarques\PrograEmbarque\ProgEmb_Tetris_App\src\Tetris_PIC18.c
              SpiPinRemap   0x004130    program     extern D:\geoff\OneDrive - Haute Ecole Bruxelles Brabant (HE2B)\Ecole 2020 - 2021\UE_SystemesEmbarques\PrograEmbarque\ProgEmb_Tetris_App\src\BMA150.c
               TSIGN1616A   0x004d72    program     static C:\MCC18\src\traditional\math\fxm1616s.asm
         Tetris_DrawBlock   0x0046d0    program     extern D:\geoff\OneDrive - Haute Ecole Bruxelles Brabant (HE2B)\Ecole 2020 - 2021\UE_SystemesEmbarques\PrograEmbarque\ProgEmb_Tetris_App\src\Tetris_Oled.c
        Tetris_DrawFigure   0x002ca2    program     static D:\geoff\OneDrive - Haute Ecole Bruxelles Brabant (HE2B)\Ecole 2020 - 2021\UE_SystemesEmbarques\PrograEmbarque\ProgEmb_Tetris_App\src\Tetris_PIC18.c
        Tetris_EraseBlock   0x0046aa    program     extern D:\geoff\OneDrive - Haute Ecole Bruxelles Brabant (HE2B)\Ecole 2020 - 2021\UE_SystemesEmbarques\PrograEmbarque\ProgEmb_Tetris_App\src\Tetris_Oled.c
       Tetris_EraseFigure   0x002c1e    program     extern D:\geoff\OneDrive - Haute Ecole Bruxelles Brabant (HE2B)\Ecole 2020 - 2021\UE_SystemesEmbarques\PrograEmbarque\ProgEmb_Tetris_App\src\Tetris_PIC18.c
              Tetris_Init   0x0029c8    program     extern D:\geoff\OneDrive - Haute Ecole Bruxelles Brabant (HE2B)\Ecole 2020 - 2021\UE_SystemesEmbarques\PrograEmbarque\ProgEmb_Tetris_App\src\Tetris_PIC18.c
         Tetris_Oled_Read   0x004568    program     extern D:\geoff\OneDrive - Haute Ecole Bruxelles Brabant (HE2B)\Ecole 2020 - 2021\UE_SystemesEmbarques\PrograEmbarque\ProgEmb_Tetris_App\src\Tetris_Oled.c
        Tetris_Oled_Write   0x004542    program     extern D:\geoff\OneDrive - Haute Ecole Bruxelles Brabant (HE2B)\Ecole 2020 - 2021\UE_SystemesEmbarques\PrograEmbarque\ProgEmb_Tetris_App\src\Tetris_Oled.c
          Tetris_SetBlock   0x004682    program     extern D:\geoff\OneDrive - Haute Ecole Bruxelles Brabant (HE2B)\Ecole 2020 - 2021\UE_SystemesEmbarques\PrograEmbarque\ProgEmb_Tetris_App\src\Tetris_Oled.c
         Tetris_SetFigure   0x002c60    program     extern D:\geoff\OneDrive - Haute Ecole Bruxelles Brabant (HE2B)\Ecole 2020 - 2021\UE_SystemesEmbarques\PrograEmbarque\ProgEmb_Tetris_App\src\Tetris_PIC18.c
        Tetris_WritePixel   0x0045b2    program     extern D:\geoff\OneDrive - Haute Ecole Bruxelles Brabant (HE2B)\Ecole 2020 - 2021\UE_SystemesEmbarques\PrograEmbarque\ProgEmb_Tetris_App\src\Tetris_Oled.c
           Tetris_process   0x002a3c    program     extern D:\geoff\OneDrive - Haute Ecole Bruxelles Brabant (HE2B)\Ecole 2020 - 2021\UE_SystemesEmbarques\PrograEmbarque\ProgEmb_Tetris_App\src\Tetris_PIC18.c
             WriteCommand   0x0031fc    program     extern D:\geoff\OneDrive - Haute Ecole Bruxelles Brabant (HE2B)\Ecole 2020 - 2021\UE_SystemesEmbarques\PrograEmbarque\ProgEmb_Tetris_App\src\oled.c
                WriteData   0x003224    program     extern D:\geoff\OneDrive - Haute Ecole Bruxelles Brabant (HE2B)\Ecole 2020 - 2021\UE_SystemesEmbarques\PrograEmbarque\ProgEmb_Tetris_App\src\oled.c
                   _2jEnd   0x004f62    program     static C:\MCC18\src\traditional\stdclib\slenpgm.asm
       ___case_0_lbl00002   0x0038b8    program     static                          
       ___case_0_lbl00022   0x003c34    program     static                          
      ___case_10_lbl00034   0x003d4e    program     static                          
       ___case_1_lbl00003   0x0038c2    program     static                          
       ___case_1_lbl00023   0x003c72    program     static                          
       ___case_2_lbl00005   0x00398c    program     static                          
       ___case_2_lbl00024   0x003c98    program     static                          
       ___case_3_lbl00006   0x00399e    program     static                          
       ___case_4_lbl00008   0x003a5c    program     static                          
       ___case_5_lbl00009   0x003a6e    program     static                          
       ___case_6_lbl00026   0x003c9e    program     static                          
       ___case_7_lbl00030   0x003cde    program     static                          
       ___case_8_lbl00031   0x003d02    program     static                          
       ___case_9_lbl00033   0x003d4c    program     static                          
      ___default_lbl00035   0x003d58    program     static                          
         ___else_lbl00009   0x00421e    program     static                          
         ___else_lbl00014   0x003a9c    program     static                          
         ___else_lbl00016   0x003b2e    program     static                          
         ___else_lbl00018   0x003b70    program     static                          
         ___else_lbl00020   0x003bb2    program     static                          
         ___else_lbl00029   0x003cee    program     static                          
           ___if_lbl00001   0x0040b6    program     static                          
           ___if_lbl00004   0x00399c    program     static                          
           ___if_lbl00005   0x00417c    program     static                          
           ___if_lbl00007   0x003a6c    program     static                          
           ___if_lbl00008   0x004226    program     static                          
           ___if_lbl00010   0x003a9a    program     static                          
           ___if_lbl00011   0x003abe    program     static                          
           ___if_lbl00012   0x003abe    program     static                          
           ___if_lbl00013   0x003abe    program     static                          
           ___if_lbl00015   0x003b48    program     static                          
           ___if_lbl00017   0x003b8a    program     static                          
           ___if_lbl00019   0x003bcc    program     static                          
           ___if_lbl00025   0x003c9c    program     static                          
           ___if_lbl00027   0x003cdc    program     static                          
           ___if_lbl00028   0x003d00    program     static                          
           ___if_lbl00032   0x003d4a    program     static                          
       ___return_lbl00000   0x003d5a    program     static                          
       ___return_lbl00000   0x00411c    program     static                          
       ___return_lbl00000   0x004fbe    program     static                          
       ___return_lbl00000   0x000004    program     static                          
       ___return_lbl00000   0x004fea    program     static                          
       ___return_lbl00000   0x004f10    program     static                          
       ___return_lbl00001   0x0045a8    program     static                          
       ___return_lbl00001   0x00502a    program     static                          
       ___return_lbl00002   0x004e1c    program     static                          
       ___return_lbl00003   0x00422c    program     static                          
       ___return_lbl00003   0x0043f2    program     static                          
       ___return_lbl00012   0x0042dc    program     static                          
   ___switchexit_lbl00001   0x003d5a    program     static                          
   ___switchexit_lbl00021   0x003c9c    program     static                          
        ___while_lbl00004   0x0043d4    program     static                          
        ___while_lbl00005   0x0043d8    program     static                          
        ___while_lbl00006   0x004186    program     static                          
        ___while_lbl00007   0x00418a    program     static                          
        ___while_lbl00010   0x004226    program     static                          
        ___while_lbl00011   0x00422a    program     static                          
        ___while_lbl00013   0x00424a    program     static                          
        ___while_lbl00014   0x00424e    program     static                          
        ___while_lbl00015   0x0042d2    program     static                          
        ___while_lbl00016   0x0042d6    program     static                          
               __config_0   0x00fff8    program     static D:\geoff\OneDrive - Haute Ecole Bruxelles Brabant (HE2B)\Ecole 2020 - 2021\UE_SystemesEmbarques\PrograEmbarque\ProgEmb_Tetris_App\main.c
               __config_1   0x00fff9    program     static D:\geoff\OneDrive - Haute Ecole Bruxelles Brabant (HE2B)\Ecole 2020 - 2021\UE_SystemesEmbarques\PrograEmbarque\ProgEmb_Tetris_App\main.c
               __config_2   0x00fffa    program     static D:\geoff\OneDrive - Haute Ecole Bruxelles Brabant (HE2B)\Ecole 2020 - 2021\UE_SystemesEmbarques\PrograEmbarque\ProgEmb_Tetris_App\main.c
               __config_3   0x00fffb    program     static D:\geoff\OneDrive - Haute Ecole Bruxelles Brabant (HE2B)\Ecole 2020 - 2021\UE_SystemesEmbarques\PrograEmbarque\ProgEmb_Tetris_App\main.c
               __config_4   0x00fffc    program     static D:\geoff\OneDrive - Haute Ecole Bruxelles Brabant (HE2B)\Ecole 2020 - 2021\UE_SystemesEmbarques\PrograEmbarque\ProgEmb_Tetris_App\main.c
               __config_5   0x00fffd    program     static D:\geoff\OneDrive - Haute Ecole Bruxelles Brabant (HE2B)\Ecole 2020 - 2021\UE_SystemesEmbarques\PrograEmbarque\ProgEmb_Tetris_App\main.c
               __config_6   0x00fffe    program     static D:\geoff\OneDrive - Haute Ecole Bruxelles Brabant (HE2B)\Ecole 2020 - 2021\UE_SystemesEmbarques\PrograEmbarque\ProgEmb_Tetris_App\main.c
               __config_7   0x00ffff    program     static D:\geoff\OneDrive - Haute Ecole Bruxelles Brabant (HE2B)\Ecole 2020 - 2021\UE_SystemesEmbarques\PrograEmbarque\ProgEmb_Tetris_App\main.c
                   __init   0x00506a    program     extern C:\MCC18\src\traditional\stdclib\__init.c
                   __pa_0   0x002178    program     static C:\MCC18\src\traditional\stdclib\vfprintf.c
                   __pa_1   0x002180    program     static C:\MCC18\src\traditional\stdclib\vfprintf.c
                  __pa_10   0x002234    program     static C:\MCC18\src\traditional\stdclib\vfprintf.c
                  __pa_11   0x002242    program     static C:\MCC18\src\traditional\stdclib\vfprintf.c
                  __pa_12   0x002258    program     static C:\MCC18\src\traditional\stdclib\vfprintf.c
                  __pa_13   0x002272    program     static C:\MCC18\src\traditional\stdclib\vfprintf.c
                  __pa_14   0x00228a    program     static C:\MCC18\src\traditional\stdclib\vfprintf.c
                  __pa_15   0x00229a    program     static C:\MCC18\src\traditional\stdclib\vfprintf.c
                  __pa_16   0x0022b0    program     static C:\MCC18\src\traditional\stdclib\vfprintf.c
                  __pa_17   0x0022c2    program     static C:\MCC18\src\traditional\stdclib\vfprintf.c
                  __pa_18   0x0022d4    program     static C:\MCC18\src\traditional\stdclib\vfprintf.c
                  __pa_19   0x0022de    program     static C:\MCC18\src\traditional\stdclib\vfprintf.c
                   __pa_2   0x00218a    program     static C:\MCC18\src\traditional\stdclib\vfprintf.c
                  __pa_20   0x0022ee    program     static C:\MCC18\src\traditional\stdclib\vfprintf.c
                  __pa_21   0x0022fe    program     static C:\MCC18\src\traditional\stdclib\vfprintf.c
                  __pa_22   0x00230e    program     static C:\MCC18\src\traditional\stdclib\vfprintf.c
                  __pa_23   0x00231a    program     static C:\MCC18\src\traditional\stdclib\vfprintf.c
                  __pa_24   0x002328    program     static C:\MCC18\src\traditional\stdclib\vfprintf.c
                  __pa_25   0x002330    program     static C:\MCC18\src\traditional\stdclib\vfprintf.c
                  __pa_26   0x00233a    program     static C:\MCC18\src\traditional\stdclib\vfprintf.c
                  __pa_27   0x002344    program     static C:\MCC18\src\traditional\stdclib\vfprintf.c
                  __pa_28   0x00234c    program     static C:\MCC18\src\traditional\stdclib\vfprintf.c
                  __pa_29   0x00235a    program     static C:\MCC18\src\traditional\stdclib\vfprintf.c
                   __pa_3   0x002194    program     static C:\MCC18\src\traditional\stdclib\vfprintf.c
                  __pa_30   0x002376    program     static C:\MCC18\src\traditional\stdclib\vfprintf.c
                  __pa_31   0x002390    program     static C:\MCC18\src\traditional\stdclib\vfprintf.c
                  __pa_32   0x0023aa    program     static C:\MCC18\src\traditional\stdclib\vfprintf.c
                  __pa_33   0x0023c2    program     static C:\MCC18\src\traditional\stdclib\vfprintf.c
                  __pa_34   0x0023cc    program     static C:\MCC18\src\traditional\stdclib\vfprintf.c
                  __pa_35   0x0023da    program     static C:\MCC18\src\traditional\stdclib\vfprintf.c
                  __pa_36   0x0023e2    program     static C:\MCC18\src\traditional\stdclib\vfprintf.c
                  __pa_37   0x0023ec    program     static C:\MCC18\src\traditional\stdclib\vfprintf.c
                  __pa_38   0x0023fc    program     static C:\MCC18\src\traditional\stdclib\vfprintf.c
                  __pa_39   0x00240a    program     static C:\MCC18\src\traditional\stdclib\vfprintf.c
                   __pa_4   0x0021ac    program     static C:\MCC18\src\traditional\stdclib\vfprintf.c
                  __pa_40   0x002416    program     static C:\MCC18\src\traditional\stdclib\vfprintf.c
                  __pa_41   0x002422    program     static C:\MCC18\src\traditional\stdclib\vfprintf.c
                  __pa_42   0x00242a    program     static C:\MCC18\src\traditional\stdclib\vfprintf.c
                  __pa_43   0x002434    program     static C:\MCC18\src\traditional\stdclib\vfprintf.c
                  __pa_44   0x00243a    program     static C:\MCC18\src\traditional\stdclib\vfprintf.c
                  __pa_45   0x002444    program     static C:\MCC18\src\traditional\stdclib\vfprintf.c
                  __pa_46   0x002450    program     static C:\MCC18\src\traditional\stdclib\vfprintf.c
                   __pa_5   0x0021c0    program     static C:\MCC18\src\traditional\stdclib\vfprintf.c
                   __pa_6   0x0021dc    program     static C:\MCC18\src\traditional\stdclib\vfprintf.c
                   __pa_7   0x0021e6    program     static C:\MCC18\src\traditional\stdclib\vfprintf.c
                   __pa_8   0x0021f2    program     static C:\MCC18\src\traditional\stdclib\vfprintf.c
                   __pa_9   0x002214    program     static C:\MCC18\src\traditional\stdclib\vfprintf.c
               __string_0   0x004c13    program     static D:\geoff\OneDrive - Haute Ecole Bruxelles Brabant (HE2B)\Ecole 2020 - 2021\UE_SystemesEmbarques\PrograEmbarque\ProgEmb_Tetris_App\main.c
               __string_0   0x004c29    program     static D:\geoff\OneDrive - Haute Ecole Bruxelles Brabant (HE2B)\Ecole 2020 - 2021\UE_SystemesEmbarques\PrograEmbarque\ProgEmb_Tetris_App\src\Tetris_Mtouch.c
               __string_1   0x004bfd    program     static D:\geoff\OneDrive - Haute Ecole Bruxelles Brabant (HE2B)\Ecole 2020 - 2021\UE_SystemesEmbarques\PrograEmbarque\ProgEmb_Tetris_App\main.c
              __string_10   0x004b37    program     static D:\geoff\OneDrive - Haute Ecole Bruxelles Brabant (HE2B)\Ecole 2020 - 2021\UE_SystemesEmbarques\PrograEmbarque\ProgEmb_Tetris_App\main.c
              __string_11   0x004b21    program     static D:\geoff\OneDrive - Haute Ecole Bruxelles Brabant (HE2B)\Ecole 2020 - 2021\UE_SystemesEmbarques\PrograEmbarque\ProgEmb_Tetris_App\main.c
              __string_12   0x004b0c    program     static D:\geoff\OneDrive - Haute Ecole Bruxelles Brabant (HE2B)\Ecole 2020 - 2021\UE_SystemesEmbarques\PrograEmbarque\ProgEmb_Tetris_App\main.c
              __string_13   0x004af6    program     static D:\geoff\OneDrive - Haute Ecole Bruxelles Brabant (HE2B)\Ecole 2020 - 2021\UE_SystemesEmbarques\PrograEmbarque\ProgEmb_Tetris_App\main.c
              __string_14   0x004ae0    program     static D:\geoff\OneDrive - Haute Ecole Bruxelles Brabant (HE2B)\Ecole 2020 - 2021\UE_SystemesEmbarques\PrograEmbarque\ProgEmb_Tetris_App\main.c
              __string_15   0x004aca    program     static D:\geoff\OneDrive - Haute Ecole Bruxelles Brabant (HE2B)\Ecole 2020 - 2021\UE_SystemesEmbarques\PrograEmbarque\ProgEmb_Tetris_App\main.c
               __string_2   0x004be7    program     static D:\geoff\OneDrive - Haute Ecole Bruxelles Brabant (HE2B)\Ecole 2020 - 2021\UE_SystemesEmbarques\PrograEmbarque\ProgEmb_Tetris_App\main.c
               __string_3   0x004bd1    program     static D:\geoff\OneDrive - Haute Ecole Bruxelles Brabant (HE2B)\Ecole 2020 - 2021\UE_SystemesEmbarques\PrograEmbarque\ProgEmb_Tetris_App\main.c
               __string_4   0x004bbb    program     static D:\geoff\OneDrive - Haute Ecole Bruxelles Brabant (HE2B)\Ecole 2020 - 2021\UE_SystemesEmbarques\PrograEmbarque\ProgEmb_Tetris_App\main.c
               __string_5   0x004ba5    program     static D:\geoff\OneDrive - Haute Ecole Bruxelles Brabant (HE2B)\Ecole 2020 - 2021\UE_SystemesEmbarques\PrograEmbarque\ProgEmb_Tetris_App\main.c
               __string_6   0x004b8f    program     static D:\geoff\OneDrive - Haute Ecole Bruxelles Brabant (HE2B)\Ecole 2020 - 2021\UE_SystemesEmbarques\PrograEmbarque\ProgEmb_Tetris_App\main.c
               __string_7   0x004b79    program     static D:\geoff\OneDrive - Haute Ecole Bruxelles Brabant (HE2B)\Ecole 2020 - 2021\UE_SystemesEmbarques\PrograEmbarque\ProgEmb_Tetris_App\main.c
               __string_8   0x004b63    program     static D:\geoff\OneDrive - Haute Ecole Bruxelles Brabant (HE2B)\Ecole 2020 - 2021\UE_SystemesEmbarques\PrograEmbarque\ProgEmb_Tetris_App\main.c
               __string_9   0x004b4d    program     static D:\geoff\OneDrive - Haute Ecole Bruxelles Brabant (HE2B)\Ecole 2020 - 2021\UE_SystemesEmbarques\PrograEmbarque\ProgEmb_Tetris_App\main.c
               __tmplbl_0   0x00382e    program     static                          
               __tmplbl_0   0x004170    program     static                          
               __tmplbl_1   0x00383c    program     static                          
               __tmplbl_1   0x004168    program     static                          
              __tmplbl_10   0x0038b4    program     static                          
              __tmplbl_11   0x003c1a    program     static                          
              __tmplbl_12   0x003c26    program     static                          
              __tmplbl_13   0x003c30    program     static                          
              __tmplbl_14   0x003aae    program     static                          
               __tmplbl_2   0x00384a    program     static                          
               __tmplbl_3   0x003858    program     static                          
               __tmplbl_4   0x003866    program     static                          
              __tmplbl_42   0x00230e    program     static                          
              __tmplbl_43   0x002156    program     static                          
              __tmplbl_44   0x00213c    program     static                          
               __tmplbl_5   0x003874    program     static                          
               __tmplbl_6   0x003882    program     static                          
               __tmplbl_7   0x003890    program     static                          
               __tmplbl_8   0x00389e    program     static                          
              __tmplbl_85   0x00188e    program     static                          
               __tmplbl_9   0x0038aa    program     static                          
            __zero_memory   0x00505a    program     extern C:\MCC18\src\traditional\proc\p18F46J50.asm
                _do_cinit   0x004d80    program     extern C:\MCC18\src\traditional\startup\c018i.c
                   _entry   0x000000    program     extern C:\MCC18\src\traditional\startup\c018i.c
                   _false   0x004fba    program     static                          
                 _startup   0x005010    program     extern C:\MCC18\src\traditional\startup\c018i.c
              _usart_putc   0x00502c    program     extern C:\MCC18\src\pmc_common\USART\_usartpc.asm
               _user_putc   0x005068    program     extern C:\MCC18\src\traditional\stdclib\_user_putc.c
                    check   0x002dea    program     extern D:\geoff\OneDrive - Haute Ecole Bruxelles Brabant (HE2B)\Ecole 2020 - 2021\UE_SystemesEmbarques\PrograEmbarque\ProgEmb_Tetris_App\src\Tetris_PIC18.c
               clear_loop   0x005060    program     static C:\MCC18\src\traditional\proc\p18F46J50.asm
                copy_loop   0x004df2    program     static                          
            copy_one_byte   0x004df8    program     static                          
                     done   0x004e1c    program     static                          
             done_copying   0x004e06    program     static                          
                  endloop   0x004fe6    program     static                          
                g_pucFont   0x004762    program     extern D:\geoff\OneDrive - Haute Ecole Bruxelles Brabant (HE2B)\Ecole 2020 - 2021\UE_SystemesEmbarques\PrograEmbarque\ProgEmb_Tetris_App\src\oled.c
                  get_XYZ   0x00493e    program     extern D:\geoff\OneDrive - Haute Ecole Bruxelles Brabant (HE2B)\Ecole 2020 - 2021\UE_SystemesEmbarques\PrograEmbarque\ProgEmb_Tetris_App\src\Tetris_BMA150.c
                  isdigit   0x004fec    program     extern C:\MCC18\src\traditional\stdclib\isdigit.asm
                     jEnd   0x004f64    program     static C:\MCC18\src\traditional\stdclib\slenpgm.asm
                     jEnd   0x004f2c    program     static C:\MCC18\src\traditional\stdclib\strlen.asm
                    jLoop   0x004f4c    program     static C:\MCC18\src\traditional\stdclib\slenpgm.asm
                    jLoop   0x004f22    program     static C:\MCC18\src\traditional\stdclib\strlen.asm
                   jMatch   0x00500c    program     static C:\MCC18\src\traditional\stdclib\isdigit.asm
                 jNoMatch   0x00500e    program     static C:\MCC18\src\traditional\stdclib\isdigit.asm
                     loop   0x005020    program     static                          
                     loop   0x004f86    program     static                          
                     loop   0x004fca    program     static                          
                     loop   0x00503c    program     static C:\MCC18\src\pmc_common\USART\_usartpc.asm
          mTouchCalibrate   0x004406    program     extern D:\geoff\OneDrive - Haute Ecole Bruxelles Brabant (HE2B)\Ecole 2020 - 2021\UE_SystemesEmbarques\PrograEmbarque\ProgEmb_Tetris_App\src\mtouch.c
               mTouchInit   0x004330    program     extern D:\geoff\OneDrive - Haute Ecole Bruxelles Brabant (HE2B)\Ecole 2020 - 2021\UE_SystemesEmbarques\PrograEmbarque\ProgEmb_Tetris_App\src\mtouch.c
         mTouchReadButton   0x004336    program     extern D:\geoff\OneDrive - Haute Ecole Bruxelles Brabant (HE2B)\Ecole 2020 - 2021\UE_SystemesEmbarques\PrograEmbarque\ProgEmb_Tetris_App\src\mtouch.c
                     main   0x003dd2    program     extern D:\geoff\OneDrive - Haute Ecole Bruxelles Brabant (HE2B)\Ecole 2020 - 2021\UE_SystemesEmbarques\PrograEmbarque\ProgEmb_Tetris_App\main.c
                 moveDown   0x002504    program     extern D:\geoff\OneDrive - Haute Ecole Bruxelles Brabant (HE2B)\Ecole 2020 - 2021\UE_SystemesEmbarques\PrograEmbarque\ProgEmb_Tetris_App\src\Tetris_PIC18.c
                 moveLeft   0x002822    program     extern D:\geoff\OneDrive - Haute Ecole Bruxelles Brabant (HE2B)\Ecole 2020 - 2021\UE_SystemesEmbarques\PrograEmbarque\ProgEmb_Tetris_App\src\Tetris_PIC18.c
                moveRight   0x0027a0    program     extern D:\geoff\OneDrive - Haute Ecole Bruxelles Brabant (HE2B)\Ecole 2020 - 2021\UE_SystemesEmbarques\PrograEmbarque\ProgEmb_Tetris_App\src\Tetris_PIC18.c
             oledPutImage   0x00375e    program     extern D:\geoff\OneDrive - Haute Ecole Bruxelles Brabant (HE2B)\Ecole 2020 - 2021\UE_SystemesEmbarques\PrograEmbarque\ProgEmb_Tetris_App\src\oled.c
         oledPutNegString   0x0036f4    program     extern D:\geoff\OneDrive - Haute Ecole Bruxelles Brabant (HE2B)\Ecole 2020 - 2021\UE_SystemesEmbarques\PrograEmbarque\ProgEmb_Tetris_App\src\oled.c
      oledPutROMNegString   0x00361c    program     extern D:\geoff\OneDrive - Haute Ecole Bruxelles Brabant (HE2B)\Ecole 2020 - 2021\UE_SystemesEmbarques\PrograEmbarque\ProgEmb_Tetris_App\src\oled.c
         oledPutROMString   0x0035ae    program     extern D:\geoff\OneDrive - Haute Ecole Bruxelles Brabant (HE2B)\Ecole 2020 - 2021\UE_SystemesEmbarques\PrograEmbarque\ProgEmb_Tetris_App\src\oled.c
            oledPutString   0x00368a    program     extern D:\geoff\OneDrive - Haute Ecole Bruxelles Brabant (HE2B)\Ecole 2020 - 2021\UE_SystemesEmbarques\PrograEmbarque\ProgEmb_Tetris_App\src\oled.c
          oledWriteChar1x   0x0032be    program     extern D:\geoff\OneDrive - Haute Ecole Bruxelles Brabant (HE2B)\Ecole 2020 - 2021\UE_SystemesEmbarques\PrograEmbarque\ProgEmb_Tetris_App\src\oled.c
       oledWriteNegChar1x   0x003436    program     extern D:\geoff\OneDrive - Haute Ecole Bruxelles Brabant (HE2B)\Ecole 2020 - 2021\UE_SystemesEmbarques\PrograEmbarque\ProgEmb_Tetris_App\src\oled.c
                     putc   0x004e1e    program     extern C:\MCC18\src\traditional\stdclib\putc.c
                 s_digits   0x005048    program     static C:\MCC18\src\traditional\stdclib\vfprintf.c
            s_put_n_chars   0x001838    program     static C:\MCC18\src\traditional\stdclib\vfprintf.c
                setFigure   0x0028a4    program     extern D:\geoff\OneDrive - Haute Ecole Bruxelles Brabant (HE2B)\Ecole 2020 - 2021\UE_SystemesEmbarques\PrograEmbarque\ProgEmb_Tetris_App\src\Tetris_PIC18.c
                  sprintf   0x004c2e    program     extern C:\MCC18\src\traditional\stdclib\sprintf.c
                     stop   0x002b60    program     extern D:\geoff\OneDrive - Haute Ecole Bruxelles Brabant (HE2B)\Ecole 2020 - 2021\UE_SystemesEmbarques\PrograEmbarque\ProgEmb_Tetris_App\src\Tetris_PIC18.c
                   strlen   0x004f12    program     extern C:\MCC18\src\traditional\stdclib\strlen.asm
                strlenpgm   0x004f2e    program     extern C:\MCC18\src\traditional\stdclib\slenpgm.asm
           tb_uc_GameOver   0x000838    program     extern D:\geoff\OneDrive - Haute Ecole Bruxelles Brabant (HE2B)\Ecole 2020 - 2021\UE_SystemesEmbarques\PrograEmbarque\ProgEmb_Tetris_App\src\ArraysImages.c
               tb_uc_LOGO   0x000038    program     extern D:\geoff\OneDrive - Haute Ecole Bruxelles Brabant (HE2B)\Ecole 2020 - 2021\UE_SystemesEmbarques\PrograEmbarque\ProgEmb_Tetris_App\src\ArraysImages.c
         tb_uc_PressStart   0x001038    program     extern D:\geoff\OneDrive - Haute Ecole Bruxelles Brabant (HE2B)\Ecole 2020 - 2021\UE_SystemesEmbarques\PrograEmbarque\ProgEmb_Tetris_App\src\ArraysImages.c
                     test   0x004d9a    program     static                          
                 vfprintf   0x001864    program     extern C:\MCC18\src\traditional\stdclib\vfprintf.c
                   ADCON0   0x000fc2       data     extern C:\MCC18\src\traditional\proc\p18F46J50.asm
               ADCON0bits   0x000fc2       data     extern C:\MCC18\src\traditional\proc\p18F46J50.asm
                   ADCON1   0x000fc1       data     extern C:\MCC18\src\traditional\proc\p18F46J50.asm
               ADCON1bits   0x000fc1       data     extern C:\MCC18\src\traditional\proc\p18F46J50.asm
                    ADRES   0x000fc3       data     extern C:\MCC18\src\traditional\proc\p18F46J50.asm
                   ADRESH   0x000fc4       data     extern C:\MCC18\src\traditional\proc\p18F46J50.asm
                   ADRESL   0x000fc3       data     extern C:\MCC18\src\traditional\proc\p18F46J50.asm
                  ALRMCFG   0x000f91       data     extern C:\MCC18\src\traditional\proc\p18F46J50.asm
              ALRMCFGbits   0x000f91       data     extern C:\MCC18\src\traditional\proc\p18F46J50.asm
                  ALRMRPT   0x000f90       data     extern C:\MCC18\src\traditional\proc\p18F46J50.asm
              ALRMRPTbits   0x000f90       data     extern C:\MCC18\src\traditional\proc\p18F46J50.asm
                 ALRMVALH   0x000f8f       data     extern C:\MCC18\src\traditional\proc\p18F46J50.asm
                 ALRMVALL   0x000f8e       data     extern C:\MCC18\src\traditional\proc\p18F46J50.asm
                   ANCON0   0x000f48       data     extern C:\MCC18\src\traditional\proc\p18F46J50.asm
               ANCON0bits   0x000f48       data     extern C:\MCC18\src\traditional\proc\p18F46J50.asm
                   ANCON1   0x000f49       data     extern C:\MCC18\src\traditional\proc\p18F46J50.asm
               ANCON1bits   0x000f49       data     extern C:\MCC18\src\traditional\proc\p18F46J50.asm
                  BAUDCON   0x000f7e       data     extern C:\MCC18\src\traditional\proc\p18F46J50.asm
                 BAUDCON1   0x000f7e       data     extern C:\MCC18\src\traditional\proc\p18F46J50.asm
             BAUDCON1bits   0x000f7e       data     extern C:\MCC18\src\traditional\proc\p18F46J50.asm
                 BAUDCON2   0x000f7c       data     extern C:\MCC18\src\traditional\proc\p18F46J50.asm
             BAUDCON2bits   0x000f7c       data     extern C:\MCC18\src\traditional\proc\p18F46J50.asm
              BAUDCONbits   0x000f7e       data     extern C:\MCC18\src\traditional\proc\p18F46J50.asm
                  BAUDCTL   0x000f7e       data     extern C:\MCC18\src\traditional\proc\p18F46J50.asm
              BAUDCTLbits   0x000f7e       data     extern C:\MCC18\src\traditional\proc\p18F46J50.asm
                      BSR   0x000fe0       data     extern C:\MCC18\src\traditional\proc\p18F46J50.asm
                   Blocks   0x000e00       data     extern D:\geoff\OneDrive - Haute Ecole Bruxelles Brabant (HE2B)\Ecole 2020 - 2021\UE_SystemesEmbarques\PrograEmbarque\ProgEmb_Tetris_App\src\Tetris_Pieces.c
                  CCP1CON   0x000fba       data     extern C:\MCC18\src\traditional\proc\p18F46J50.asm
              CCP1CONbits   0x000fba       data     extern C:\MCC18\src\traditional\proc\p18F46J50.asm
                  CCP2CON   0x000fb4       data     extern C:\MCC18\src\traditional\proc\p18F46J50.asm
              CCP2CONbits   0x000fb4       data     extern C:\MCC18\src\traditional\proc\p18F46J50.asm
                    CCPR1   0x000fbb       data     extern C:\MCC18\src\traditional\proc\p18F46J50.asm
                   CCPR1H   0x000fbc       data     extern C:\MCC18\src\traditional\proc\p18F46J50.asm
                   CCPR1L   0x000fbb       data     extern C:\MCC18\src\traditional\proc\p18F46J50.asm
                    CCPR2   0x000fb5       data     extern C:\MCC18\src\traditional\proc\p18F46J50.asm
                   CCPR2H   0x000fb6       data     extern C:\MCC18\src\traditional\proc\p18F46J50.asm
                   CCPR2L   0x000fb5       data     extern C:\MCC18\src\traditional\proc\p18F46J50.asm
                   CM1CON   0x000fd2       data     extern C:\MCC18\src\traditional\proc\p18F46J50.asm
                  CM1CON1   0x000fd2       data     extern C:\MCC18\src\traditional\proc\p18F46J50.asm
              CM1CON1bits   0x000fd2       data     extern C:\MCC18\src\traditional\proc\p18F46J50.asm
               CM1CONbits   0x000fd2       data     extern C:\MCC18\src\traditional\proc\p18F46J50.asm
                   CM2CON   0x000fd1       data     extern C:\MCC18\src\traditional\proc\p18F46J50.asm
                  CM2CON1   0x000fd1       data     extern C:\MCC18\src\traditional\proc\p18F46J50.asm
              CM2CON1bits   0x000fd1       data     extern C:\MCC18\src\traditional\proc\p18F46J50.asm
               CM2CONbits   0x000fd1       data     extern C:\MCC18\src\traditional\proc\p18F46J50.asm
                   CMSTAT   0x000f70       data     extern C:\MCC18\src\traditional\proc\p18F46J50.asm
                 CMSTATUS   0x000f70       data     extern C:\MCC18\src\traditional\proc\p18F46J50.asm
             CMSTATUSbits   0x000f70       data     extern C:\MCC18\src\traditional\proc\p18F46J50.asm
               CMSTATbits   0x000f70       data     extern C:\MCC18\src\traditional\proc\p18F46J50.asm
                 CTMUCONH   0x000fb3       data     extern C:\MCC18\src\traditional\proc\p18F46J50.asm
             CTMUCONHbits   0x000fb3       data     extern C:\MCC18\src\traditional\proc\p18F46J50.asm
                 CTMUCONL   0x000fb2       data     extern C:\MCC18\src\traditional\proc\p18F46J50.asm
             CTMUCONLbits   0x000fb2       data     extern C:\MCC18\src\traditional\proc\p18F46J50.asm
                 CTMUICON   0x000fb1       data     extern C:\MCC18\src\traditional\proc\p18F46J50.asm
             CTMUICONbits   0x000fb1       data     extern C:\MCC18\src\traditional\proc\p18F46J50.asm
                   CVRCON   0x000f53       data     extern C:\MCC18\src\traditional\proc\p18F46J50.asm
               CVRCONbits   0x000f53       data     extern C:\MCC18\src\traditional\proc\p18F46J50.asm
                   DMABCH   0x000f66       data     extern C:\MCC18\src\traditional\proc\p18F46J50.asm
               DMABCHbits   0x000f66       data     extern C:\MCC18\src\traditional\proc\p18F46J50.asm
                   DMABCL   0x000f67       data     extern C:\MCC18\src\traditional\proc\p18F46J50.asm
                  DMACON1   0x000f88       data     extern C:\MCC18\src\traditional\proc\p18F46J50.asm
              DMACON1bits   0x000f88       data     extern C:\MCC18\src\traditional\proc\p18F46J50.asm
                  DMACON2   0x000f86       data     extern C:\MCC18\src\traditional\proc\p18F46J50.asm
              DMACON2bits   0x000f86       data     extern C:\MCC18\src\traditional\proc\p18F46J50.asm
                   DSCONH   0x000f4d       data     extern C:\MCC18\src\traditional\proc\p18F46J50.asm
               DSCONHbits   0x000f4d       data     extern C:\MCC18\src\traditional\proc\p18F46J50.asm
                   DSCONL   0x000f4c       data     extern C:\MCC18\src\traditional\proc\p18F46J50.asm
               DSCONLbits   0x000f4c       data     extern C:\MCC18\src\traditional\proc\p18F46J50.asm
                   DSGPR0   0x000f4e       data     extern C:\MCC18\src\traditional\proc\p18F46J50.asm
                   DSGPR1   0x000f4f       data     extern C:\MCC18\src\traditional\proc\p18F46J50.asm
                  DSWAKEH   0x000f4b       data     extern C:\MCC18\src\traditional\proc\p18F46J50.asm
              DSWAKEHbits   0x000f4b       data     extern C:\MCC18\src\traditional\proc\p18F46J50.asm
                  DSWAKEL   0x000f4a       data     extern C:\MCC18\src\traditional\proc\p18F46J50.asm
              DSWAKELbits   0x000f4a       data     extern C:\MCC18\src\traditional\proc\p18F46J50.asm
                  ECCP1AS   0x000fbe       data     extern C:\MCC18\src\traditional\proc\p18F46J50.asm
              ECCP1ASbits   0x000fbe       data     extern C:\MCC18\src\traditional\proc\p18F46J50.asm
                 ECCP1CON   0x000fba       data     extern C:\MCC18\src\traditional\proc\p18F46J50.asm
             ECCP1CONbits   0x000fba       data     extern C:\MCC18\src\traditional\proc\p18F46J50.asm
                 ECCP1DEL   0x000fbd       data     extern C:\MCC18\src\traditional\proc\p18F46J50.asm
             ECCP1DELbits   0x000fbd       data     extern C:\MCC18\src\traditional\proc\p18F46J50.asm
                  ECCP2AS   0x000fb8       data     extern C:\MCC18\src\traditional\proc\p18F46J50.asm
              ECCP2ASbits   0x000fb8       data     extern C:\MCC18\src\traditional\proc\p18F46J50.asm
                 ECCP2CON   0x000fb4       data     extern C:\MCC18\src\traditional\proc\p18F46J50.asm
             ECCP2CONbits   0x000fb4       data     extern C:\MCC18\src\traditional\proc\p18F46J50.asm
                 ECCP2DEL   0x000fb7       data     extern C:\MCC18\src\traditional\proc\p18F46J50.asm
             ECCP2DELbits   0x000fb7       data     extern C:\MCC18\src\traditional\proc\p18F46J50.asm
                   EECON1   0x000fa6       data     extern C:\MCC18\src\traditional\proc\p18F46J50.asm
               EECON1bits   0x000fa6       data     extern C:\MCC18\src\traditional\proc\p18F46J50.asm
                   EECON2   0x000fa7       data     extern C:\MCC18\src\traditional\proc\p18F46J50.asm
                     FSR0   0x000fe9       data     extern C:\MCC18\src\traditional\proc\p18F46J50.asm
                    FSR0H   0x000fea       data     extern C:\MCC18\src\traditional\proc\p18F46J50.asm
                    FSR0L   0x000fe9       data     extern C:\MCC18\src\traditional\proc\p18F46J50.asm
                     FSR1   0x000fe1       data     extern C:\MCC18\src\traditional\proc\p18F46J50.asm
                    FSR1H   0x000fe2       data     extern C:\MCC18\src\traditional\proc\p18F46J50.asm
                    FSR1L   0x000fe1       data     extern C:\MCC18\src\traditional\proc\p18F46J50.asm
                     FSR2   0x000fd9       data     extern C:\MCC18\src\traditional\proc\p18F46J50.asm
                    FSR2H   0x000fda       data     extern C:\MCC18\src\traditional\proc\p18F46J50.asm
                    FSR2L   0x000fd9       data     extern C:\MCC18\src\traditional\proc\p18F46J50.asm
                  HLVDCON   0x000f85       data     extern C:\MCC18\src\traditional\proc\p18F46J50.asm
              HLVDCONbits   0x000f85       data     extern C:\MCC18\src\traditional\proc\p18F46J50.asm
                    INDF0   0x000fef       data     extern C:\MCC18\src\traditional\proc\p18F46J50.asm
                    INDF1   0x000fe7       data     extern C:\MCC18\src\traditional\proc\p18F46J50.asm
                    INDF2   0x000fdf       data     extern C:\MCC18\src\traditional\proc\p18F46J50.asm
                   INTCON   0x000ff2       data     extern C:\MCC18\src\traditional\proc\p18F46J50.asm
                  INTCON2   0x000ff1       data     extern C:\MCC18\src\traditional\proc\p18F46J50.asm
              INTCON2bits   0x000ff1       data     extern C:\MCC18\src\traditional\proc\p18F46J50.asm
                  INTCON3   0x000ff0       data     extern C:\MCC18\src\traditional\proc\p18F46J50.asm
              INTCON3bits   0x000ff0       data     extern C:\MCC18\src\traditional\proc\p18F46J50.asm
               INTCONbits   0x000ff2       data     extern C:\MCC18\src\traditional\proc\p18F46J50.asm
                     IPR1   0x000f9f       data     extern C:\MCC18\src\traditional\proc\p18F46J50.asm
                 IPR1bits   0x000f9f       data     extern C:\MCC18\src\traditional\proc\p18F46J50.asm
                     IPR2   0x000fa2       data     extern C:\MCC18\src\traditional\proc\p18F46J50.asm
                 IPR2bits   0x000fa2       data     extern C:\MCC18\src\traditional\proc\p18F46J50.asm
                     IPR3   0x000fa5       data     extern C:\MCC18\src\traditional\proc\p18F46J50.asm
                 IPR3bits   0x000fa5       data     extern C:\MCC18\src\traditional\proc\p18F46J50.asm
                     LATA   0x000f89       data     extern C:\MCC18\src\traditional\proc\p18F46J50.asm
                 LATAbits   0x000f89       data     extern C:\MCC18\src\traditional\proc\p18F46J50.asm
                     LATB   0x000f8a       data     extern C:\MCC18\src\traditional\proc\p18F46J50.asm
                 LATBbits   0x000f8a       data     extern C:\MCC18\src\traditional\proc\p18F46J50.asm
                     LATC   0x000f8b       data     extern C:\MCC18\src\traditional\proc\p18F46J50.asm
                 LATCbits   0x000f8b       data     extern C:\MCC18\src\traditional\proc\p18F46J50.asm
                     LATD   0x000f8c       data     extern C:\MCC18\src\traditional\proc\p18F46J50.asm
                 LATDbits   0x000f8c       data     extern C:\MCC18\src\traditional\proc\p18F46J50.asm
                     LATE   0x000f8d       data     extern C:\MCC18\src\traditional\proc\p18F46J50.asm
                 LATEbits   0x000f8d       data     extern C:\MCC18\src\traditional\proc\p18F46J50.asm
                   ODCON1   0x000f42       data     extern C:\MCC18\src\traditional\proc\p18F46J50.asm
               ODCON1bits   0x000f42       data     extern C:\MCC18\src\traditional\proc\p18F46J50.asm
                   ODCON2   0x000f41       data     extern C:\MCC18\src\traditional\proc\p18F46J50.asm
               ODCON2bits   0x000f41       data     extern C:\MCC18\src\traditional\proc\p18F46J50.asm
                   ODCON3   0x000f40       data     extern C:\MCC18\src\traditional\proc\p18F46J50.asm
               ODCON3bits   0x000f40       data     extern C:\MCC18\src\traditional\proc\p18F46J50.asm
                   OSCCON   0x000fd3       data     extern C:\MCC18\src\traditional\proc\p18F46J50.asm
               OSCCONbits   0x000fd3       data     extern C:\MCC18\src\traditional\proc\p18F46J50.asm
                  OSCTUNE   0x000f9b       data     extern C:\MCC18\src\traditional\proc\p18F46J50.asm
              OSCTUNEbits   0x000f9b       data     extern C:\MCC18\src\traditional\proc\p18F46J50.asm
                  PADCFG1   0x000f3c       data     extern C:\MCC18\src\traditional\proc\p18F46J50.asm
              PADCFG1bits   0x000f3c       data     extern C:\MCC18\src\traditional\proc\p18F46J50.asm
                       PC   0x000ff9       data     extern C:\MCC18\src\traditional\proc\p18F46J50.asm
                      PCL   0x000ff9       data     extern C:\MCC18\src\traditional\proc\p18F46J50.asm
                   PCLATH   0x000ffa       data     extern C:\MCC18\src\traditional\proc\p18F46J50.asm
                   PCLATU   0x000ffb       data     extern C:\MCC18\src\traditional\proc\p18F46J50.asm
                     PIE1   0x000f9d       data     extern C:\MCC18\src\traditional\proc\p18F46J50.asm
                 PIE1bits   0x000f9d       data     extern C:\MCC18\src\traditional\proc\p18F46J50.asm
                     PIE2   0x000fa0       data     extern C:\MCC18\src\traditional\proc\p18F46J50.asm
                 PIE2bits   0x000fa0       data     extern C:\MCC18\src\traditional\proc\p18F46J50.asm
                     PIE3   0x000fa3       data     extern C:\MCC18\src\traditional\proc\p18F46J50.asm
                 PIE3bits   0x000fa3       data     extern C:\MCC18\src\traditional\proc\p18F46J50.asm
                     PIR1   0x000f9e       data     extern C:\MCC18\src\traditional\proc\p18F46J50.asm
                 PIR1bits   0x000f9e       data     extern C:\MCC18\src\traditional\proc\p18F46J50.asm
                     PIR2   0x000fa1       data     extern C:\MCC18\src\traditional\proc\p18F46J50.asm
                 PIR2bits   0x000fa1       data     extern C:\MCC18\src\traditional\proc\p18F46J50.asm
                     PIR3   0x000fa4       data     extern C:\MCC18\src\traditional\proc\p18F46J50.asm
                 PIR3bits   0x000fa4       data     extern C:\MCC18\src\traditional\proc\p18F46J50.asm
                   PLUSW0   0x000feb       data     extern C:\MCC18\src\traditional\proc\p18F46J50.asm
                   PLUSW1   0x000fe3       data     extern C:\MCC18\src\traditional\proc\p18F46J50.asm
                   PLUSW2   0x000fdb       data     extern C:\MCC18\src\traditional\proc\p18F46J50.asm
                  PMADDRH   0x000f6f       data     extern C:\MCC18\src\traditional\proc\p18F46J50.asm
              PMADDRHbits   0x000f6f       data     extern C:\MCC18\src\traditional\proc\p18F46J50.asm
                  PMADDRL   0x000f6e       data     extern C:\MCC18\src\traditional\proc\p18F46J50.asm
                   PMCONH   0x000f5f       data     extern C:\MCC18\src\traditional\proc\p18F46J50.asm
               PMCONHbits   0x000f5f       data     extern C:\MCC18\src\traditional\proc\p18F46J50.asm
                   PMCONL   0x000f5e       data     extern C:\MCC18\src\traditional\proc\p18F46J50.asm
               PMCONLbits   0x000f5e       data     extern C:\MCC18\src\traditional\proc\p18F46J50.asm
                  PMDIN1H   0x000f6d       data     extern C:\MCC18\src\traditional\proc\p18F46J50.asm
                  PMDIN1L   0x000f6c       data     extern C:\MCC18\src\traditional\proc\p18F46J50.asm
                  PMDIN2H   0x000f59       data     extern C:\MCC18\src\traditional\proc\p18F46J50.asm
                  PMDIN2L   0x000f58       data     extern C:\MCC18\src\traditional\proc\p18F46J50.asm
                 PMDOUT1H   0x000f6f       data     extern C:\MCC18\src\traditional\proc\p18F46J50.asm
                 PMDOUT1L   0x000f6e       data     extern C:\MCC18\src\traditional\proc\p18F46J50.asm
                 PMDOUT2H   0x000f5b       data     extern C:\MCC18\src\traditional\proc\p18F46J50.asm
                 PMDOUT2L   0x000f5a       data     extern C:\MCC18\src\traditional\proc\p18F46J50.asm
                     PMEH   0x000f57       data     extern C:\MCC18\src\traditional\proc\p18F46J50.asm
                 PMEHbits   0x000f57       data     extern C:\MCC18\src\traditional\proc\p18F46J50.asm
                     PMEL   0x000f56       data     extern C:\MCC18\src\traditional\proc\p18F46J50.asm
                 PMELbits   0x000f56       data     extern C:\MCC18\src\traditional\proc\p18F46J50.asm
                  PMMODEH   0x000f5d       data     extern C:\MCC18\src\traditional\proc\p18F46J50.asm
              PMMODEHbits   0x000f5d       data     extern C:\MCC18\src\traditional\proc\p18F46J50.asm
                  PMMODEL   0x000f5c       data     extern C:\MCC18\src\traditional\proc\p18F46J50.asm
              PMMODELbits   0x000f5c       data     extern C:\MCC18\src\traditional\proc\p18F46J50.asm
                  PMSTATH   0x000f55       data     extern C:\MCC18\src\traditional\proc\p18F46J50.asm
              PMSTATHbits   0x000f55       data     extern C:\MCC18\src\traditional\proc\p18F46J50.asm
                  PMSTATL   0x000f54       data     extern C:\MCC18\src\traditional\proc\p18F46J50.asm
              PMSTATLbits   0x000f54       data     extern C:\MCC18\src\traditional\proc\p18F46J50.asm
                    PORTA   0x000f80       data     extern C:\MCC18\src\traditional\proc\p18F46J50.asm
                PORTAbits   0x000f80       data     extern C:\MCC18\src\traditional\proc\p18F46J50.asm
                    PORTB   0x000f81       data     extern C:\MCC18\src\traditional\proc\p18F46J50.asm
                PORTBbits   0x000f81       data     extern C:\MCC18\src\traditional\proc\p18F46J50.asm
                    PORTC   0x000f82       data     extern C:\MCC18\src\traditional\proc\p18F46J50.asm
                PORTCbits   0x000f82       data     extern C:\MCC18\src\traditional\proc\p18F46J50.asm
                    PORTD   0x000f83       data     extern C:\MCC18\src\traditional\proc\p18F46J50.asm
                PORTDbits   0x000f83       data     extern C:\MCC18\src\traditional\proc\p18F46J50.asm
                    PORTE   0x000f84       data     extern C:\MCC18\src\traditional\proc\p18F46J50.asm
                PORTEbits   0x000f84       data     extern C:\MCC18\src\traditional\proc\p18F46J50.asm
                 POSTDEC0   0x000fed       data     extern C:\MCC18\src\traditional\proc\p18F46J50.asm
                 POSTDEC1   0x000fe5       data     extern C:\MCC18\src\traditional\proc\p18F46J50.asm
                 POSTDEC2   0x000fdd       data     extern C:\MCC18\src\traditional\proc\p18F46J50.asm
                 POSTINC0   0x000fee       data     extern C:\MCC18\src\traditional\proc\p18F46J50.asm
                 POSTINC1   0x000fe6       data     extern C:\MCC18\src\traditional\proc\p18F46J50.asm
                 POSTINC2   0x000fde       data     extern C:\MCC18\src\traditional\proc\p18F46J50.asm
                   PPSCON   0x000eff       data     extern C:\MCC18\src\traditional\proc\p18F46J50.asm
               PPSCONbits   0x000eff       data     extern C:\MCC18\src\traditional\proc\p18F46J50.asm
                      PR2   0x000fcb       data     extern C:\MCC18\src\traditional\proc\p18F46J50.asm
                      PR4   0x000f77       data     extern C:\MCC18\src\traditional\proc\p18F46J50.asm
                  PREINC0   0x000fec       data     extern C:\MCC18\src\traditional\proc\p18F46J50.asm
                  PREINC1   0x000fe4       data     extern C:\MCC18\src\traditional\proc\p18F46J50.asm
                  PREINC2   0x000fdc       data     extern C:\MCC18\src\traditional\proc\p18F46J50.asm
                     PROD   0x000ff3       data     extern C:\MCC18\src\traditional\proc\p18F46J50.asm
                    PRODH   0x000ff4       data     extern C:\MCC18\src\traditional\proc\p18F46J50.asm
                    PRODL   0x000ff3       data     extern C:\MCC18\src\traditional\proc\p18F46J50.asm
                 PSTR1CON   0x000fbf       data     extern C:\MCC18\src\traditional\proc\p18F46J50.asm
             PSTR1CONbits   0x000fbf       data     extern C:\MCC18\src\traditional\proc\p18F46J50.asm
                 PSTR2CON   0x000fb9       data     extern C:\MCC18\src\traditional\proc\p18F46J50.asm
             PSTR2CONbits   0x000fb9       data     extern C:\MCC18\src\traditional\proc\p18F46J50.asm
                  PWM1CON   0x000fbd       data     extern C:\MCC18\src\traditional\proc\p18F46J50.asm
              PWM1CONbits   0x000fbd       data     extern C:\MCC18\src\traditional\proc\p18F46J50.asm
                  PWM2CON   0x000fb7       data     extern C:\MCC18\src\traditional\proc\p18F46J50.asm
              PWM2CONbits   0x000fb7       data     extern C:\MCC18\src\traditional\proc\p18F46J50.asm
                     RCON   0x000fd0       data     extern C:\MCC18\src\traditional\proc\p18F46J50.asm
                 RCONbits   0x000fd0       data     extern C:\MCC18\src\traditional\proc\p18F46J50.asm
                    RCREG   0x000faf       data     extern C:\MCC18\src\traditional\proc\p18F46J50.asm
                   RCREG1   0x000faf       data     extern C:\MCC18\src\traditional\proc\p18F46J50.asm
                   RCREG2   0x000faa       data     extern C:\MCC18\src\traditional\proc\p18F46J50.asm
                    RCSTA   0x000fac       data     extern C:\MCC18\src\traditional\proc\p18F46J50.asm
                   RCSTA1   0x000fac       data     extern C:\MCC18\src\traditional\proc\p18F46J50.asm
               RCSTA1bits   0x000fac       data     extern C:\MCC18\src\traditional\proc\p18F46J50.asm
                   RCSTA2   0x000f9c       data     extern C:\MCC18\src\traditional\proc\p18F46J50.asm
               RCSTA2bits   0x000f9c       data     extern C:\MCC18\src\traditional\proc\p18F46J50.asm
                RCSTAbits   0x000fac       data     extern C:\MCC18\src\traditional\proc\p18F46J50.asm
                  REFOCON   0x000f3d       data     extern C:\MCC18\src\traditional\proc\p18F46J50.asm
              REFOCONbits   0x000f3d       data     extern C:\MCC18\src\traditional\proc\p18F46J50.asm
                   RPINR1   0x000ee7       data     extern C:\MCC18\src\traditional\proc\p18F46J50.asm
                  RPINR12   0x000ef2       data     extern C:\MCC18\src\traditional\proc\p18F46J50.asm
                  RPINR13   0x000ef3       data     extern C:\MCC18\src\traditional\proc\p18F46J50.asm
                  RPINR16   0x000ef6       data     extern C:\MCC18\src\traditional\proc\p18F46J50.asm
                  RPINR17   0x000ef7       data     extern C:\MCC18\src\traditional\proc\p18F46J50.asm
                   RPINR2   0x000ee8       data     extern C:\MCC18\src\traditional\proc\p18F46J50.asm
                  RPINR21   0x000efb       data     extern C:\MCC18\src\traditional\proc\p18F46J50.asm
                  RPINR22   0x000efc       data     extern C:\MCC18\src\traditional\proc\p18F46J50.asm
                  RPINR23   0x000efd       data     extern C:\MCC18\src\traditional\proc\p18F46J50.asm
                  RPINR24   0x000efe       data     extern C:\MCC18\src\traditional\proc\p18F46J50.asm
                   RPINR3   0x000ee9       data     extern C:\MCC18\src\traditional\proc\p18F46J50.asm
                   RPINR4   0x000eea       data     extern C:\MCC18\src\traditional\proc\p18F46J50.asm
                   RPINR6   0x000eec       data     extern C:\MCC18\src\traditional\proc\p18F46J50.asm
                   RPINR7   0x000eed       data     extern C:\MCC18\src\traditional\proc\p18F46J50.asm
                   RPINR8   0x000eee       data     extern C:\MCC18\src\traditional\proc\p18F46J50.asm
                    RPOR0   0x000ec6       data     extern C:\MCC18\src\traditional\proc\p18F46J50.asm
                    RPOR1   0x000ec7       data     extern C:\MCC18\src\traditional\proc\p18F46J50.asm
                   RPOR10   0x000ed0       data     extern C:\MCC18\src\traditional\proc\p18F46J50.asm
                   RPOR11   0x000ed1       data     extern C:\MCC18\src\traditional\proc\p18F46J50.asm
                   RPOR12   0x000ed2       data     extern C:\MCC18\src\traditional\proc\p18F46J50.asm
                   RPOR13   0x000ed3       data     extern C:\MCC18\src\traditional\proc\p18F46J50.asm
                   RPOR17   0x000ed7       data     extern C:\MCC18\src\traditional\proc\p18F46J50.asm
                   RPOR18   0x000ed8       data     extern C:\MCC18\src\traditional\proc\p18F46J50.asm
                   RPOR19   0x000ed9       data     extern C:\MCC18\src\traditional\proc\p18F46J50.asm
                    RPOR2   0x000ec8       data     extern C:\MCC18\src\traditional\proc\p18F46J50.asm
                   RPOR20   0x000eda       data     extern C:\MCC18\src\traditional\proc\p18F46J50.asm
                   RPOR21   0x000edb       data     extern C:\MCC18\src\traditional\proc\p18F46J50.asm
                   RPOR22   0x000edc       data     extern C:\MCC18\src\traditional\proc\p18F46J50.asm
                   RPOR23   0x000edd       data     extern C:\MCC18\src\traditional\proc\p18F46J50.asm
                   RPOR24   0x000ede       data     extern C:\MCC18\src\traditional\proc\p18F46J50.asm
                    RPOR3   0x000ec9       data     extern C:\MCC18\src\traditional\proc\p18F46J50.asm
                    RPOR4   0x000eca       data     extern C:\MCC18\src\traditional\proc\p18F46J50.asm
                    RPOR5   0x000ecb       data     extern C:\MCC18\src\traditional\proc\p18F46J50.asm
                    RPOR6   0x000ecc       data     extern C:\MCC18\src\traditional\proc\p18F46J50.asm
                    RPOR7   0x000ecd       data     extern C:\MCC18\src\traditional\proc\p18F46J50.asm
                    RPOR8   0x000ece       data     extern C:\MCC18\src\traditional\proc\p18F46J50.asm
                    RPOR9   0x000ecf       data     extern C:\MCC18\src\traditional\proc\p18F46J50.asm
                   RTCCAL   0x000f3e       data     extern C:\MCC18\src\traditional\proc\p18F46J50.asm
               RTCCALbits   0x000f3e       data     extern C:\MCC18\src\traditional\proc\p18F46J50.asm
                   RTCCFG   0x000f3f       data     extern C:\MCC18\src\traditional\proc\p18F46J50.asm
               RTCCFGbits   0x000f3f       data     extern C:\MCC18\src\traditional\proc\p18F46J50.asm
                  RTCVALH   0x000f99       data     extern C:\MCC18\src\traditional\proc\p18F46J50.asm
                  RTCVALL   0x000f98       data     extern C:\MCC18\src\traditional\proc\p18F46J50.asm
                  RXADDRH   0x000f68       data     extern C:\MCC18\src\traditional\proc\p18F46J50.asm
              RXADDRHbits   0x000f68       data     extern C:\MCC18\src\traditional\proc\p18F46J50.asm
                  RXADDRL   0x000f69       data     extern C:\MCC18\src\traditional\proc\p18F46J50.asm
                     SIGN   0x000000       data     extern C:\MCC18\src\traditional\math\cmath18.asm
                    SPBRG   0x000fb0       data     extern C:\MCC18\src\traditional\proc\p18F46J50.asm
                   SPBRG1   0x000fb0       data     extern C:\MCC18\src\traditional\proc\p18F46J50.asm
                   SPBRG2   0x000fab       data     extern C:\MCC18\src\traditional\proc\p18F46J50.asm
                   SPBRGH   0x000f7f       data     extern C:\MCC18\src\traditional\proc\p18F46J50.asm
                  SPBRGH1   0x000f7f       data     extern C:\MCC18\src\traditional\proc\p18F46J50.asm
                  SPBRGH2   0x000f7d       data     extern C:\MCC18\src\traditional\proc\p18F46J50.asm
                  SSP1ADD   0x000fc8       data     extern C:\MCC18\src\traditional\proc\p18F46J50.asm
              SSP1ADDbits   0x000fc8       data     extern C:\MCC18\src\traditional\proc\p18F46J50.asm
                  SSP1BUF   0x000fc9       data     extern C:\MCC18\src\traditional\proc\p18F46J50.asm
                 SSP1CON1   0x000fc6       data     extern C:\MCC18\src\traditional\proc\p18F46J50.asm
             SSP1CON1bits   0x000fc6       data     extern C:\MCC18\src\traditional\proc\p18F46J50.asm
                 SSP1CON2   0x000fc5       data     extern C:\MCC18\src\traditional\proc\p18F46J50.asm
             SSP1CON2bits   0x000fc5       data     extern C:\MCC18\src\traditional\proc\p18F46J50.asm
                 SSP1STAT   0x000fc7       data     extern C:\MCC18\src\traditional\proc\p18F46J50.asm
             SSP1STATbits   0x000fc7       data     extern C:\MCC18\src\traditional\proc\p18F46J50.asm
                  SSP2ADD   0x000f74       data     extern C:\MCC18\src\traditional\proc\p18F46J50.asm
              SSP2ADDbits   0x000f74       data     extern C:\MCC18\src\traditional\proc\p18F46J50.asm
                  SSP2BUF   0x000f75       data     extern C:\MCC18\src\traditional\proc\p18F46J50.asm
                 SSP2CON1   0x000f72       data     extern C:\MCC18\src\traditional\proc\p18F46J50.asm
             SSP2CON1bits   0x000f72       data     extern C:\MCC18\src\traditional\proc\p18F46J50.asm
                 SSP2CON2   0x000f71       data     extern C:\MCC18\src\traditional\proc\p18F46J50.asm
             SSP2CON2bits   0x000f71       data     extern C:\MCC18\src\traditional\proc\p18F46J50.asm
                 SSP2STAT   0x000f73       data     extern C:\MCC18\src\traditional\proc\p18F46J50.asm
             SSP2STATbits   0x000f73       data     extern C:\MCC18\src\traditional\proc\p18F46J50.asm
                   SSPADD   0x000fc8       data     extern C:\MCC18\src\traditional\proc\p18F46J50.asm
               SSPADDbits   0x000fc8       data     extern C:\MCC18\src\traditional\proc\p18F46J50.asm
                   SSPBUF   0x000fc9       data     extern C:\MCC18\src\traditional\proc\p18F46J50.asm
                  SSPCON1   0x000fc6       data     extern C:\MCC18\src\traditional\proc\p18F46J50.asm
              SSPCON1bits   0x000fc6       data     extern C:\MCC18\src\traditional\proc\p18F46J50.asm
                  SSPCON2   0x000fc5       data     extern C:\MCC18\src\traditional\proc\p18F46J50.asm
              SSPCON2bits   0x000fc5       data     extern C:\MCC18\src\traditional\proc\p18F46J50.asm
                  SSPSTAT   0x000fc7       data     extern C:\MCC18\src\traditional\proc\p18F46J50.asm
              SSPSTATbits   0x000fc7       data     extern C:\MCC18\src\traditional\proc\p18F46J50.asm
                   STATUS   0x000fd8       data     extern C:\MCC18\src\traditional\proc\p18F46J50.asm
               STATUSbits   0x000fd8       data     extern C:\MCC18\src\traditional\proc\p18F46J50.asm
                   STKPTR   0x000ffc       data     extern C:\MCC18\src\traditional\proc\p18F46J50.asm
               STKPTRbits   0x000ffc       data     extern C:\MCC18\src\traditional\proc\p18F46J50.asm
                    T0CON   0x000fd5       data     extern C:\MCC18\src\traditional\proc\p18F46J50.asm
                T0CONbits   0x000fd5       data     extern C:\MCC18\src\traditional\proc\p18F46J50.asm
                    T1CON   0x000fcd       data     extern C:\MCC18\src\traditional\proc\p18F46J50.asm
                T1CONbits   0x000fcd       data     extern C:\MCC18\src\traditional\proc\p18F46J50.asm
                   T1GCON   0x000f9a       data     extern C:\MCC18\src\traditional\proc\p18F46J50.asm
               T1GCONbits   0x000f9a       data     extern C:\MCC18\src\traditional\proc\p18F46J50.asm
                    T2CON   0x000fca       data     extern C:\MCC18\src\traditional\proc\p18F46J50.asm
                T2CONbits   0x000fca       data     extern C:\MCC18\src\traditional\proc\p18F46J50.asm
                    T3CON   0x000f79       data     extern C:\MCC18\src\traditional\proc\p18F46J50.asm
                T3CONbits   0x000f79       data     extern C:\MCC18\src\traditional\proc\p18F46J50.asm
                   T3GCON   0x000f97       data     extern C:\MCC18\src\traditional\proc\p18F46J50.asm
               T3GCONbits   0x000f97       data     extern C:\MCC18\src\traditional\proc\p18F46J50.asm
                    T4CON   0x000f76       data     extern C:\MCC18\src\traditional\proc\p18F46J50.asm
                T4CONbits   0x000f76       data     extern C:\MCC18\src\traditional\proc\p18F46J50.asm
                   TABLAT   0x000ff5       data     extern C:\MCC18\src\traditional\proc\p18F46J50.asm
                   TBLPTR   0x000ff6       data     extern C:\MCC18\src\traditional\proc\p18F46J50.asm
                  TBLPTRH   0x000ff7       data     extern C:\MCC18\src\traditional\proc\p18F46J50.asm
                  TBLPTRL   0x000ff6       data     extern C:\MCC18\src\traditional\proc\p18F46J50.asm
                  TBLPTRU   0x000ff8       data     extern C:\MCC18\src\traditional\proc\p18F46J50.asm
                  TCLKCON   0x000f52       data     extern C:\MCC18\src\traditional\proc\p18F46J50.asm
              TCLKCONbits   0x000f52       data     extern C:\MCC18\src\traditional\proc\p18F46J50.asm
                    TMR0H   0x000fd7       data     extern C:\MCC18\src\traditional\proc\p18F46J50.asm
                    TMR0L   0x000fd6       data     extern C:\MCC18\src\traditional\proc\p18F46J50.asm
                    TMR1H   0x000fcf       data     extern C:\MCC18\src\traditional\proc\p18F46J50.asm
                    TMR1L   0x000fce       data     extern C:\MCC18\src\traditional\proc\p18F46J50.asm
                     TMR2   0x000fcc       data     extern C:\MCC18\src\traditional\proc\p18F46J50.asm
                    TMR3H   0x000f7b       data     extern C:\MCC18\src\traditional\proc\p18F46J50.asm
                    TMR3L   0x000f7a       data     extern C:\MCC18\src\traditional\proc\p18F46J50.asm
                     TMR4   0x000f78       data     extern C:\MCC18\src\traditional\proc\p18F46J50.asm
                      TOS   0x000ffd       data     extern C:\MCC18\src\traditional\proc\p18F46J50.asm
                     TOSH   0x000ffe       data     extern C:\MCC18\src\traditional\proc\p18F46J50.asm
                     TOSL   0x000ffd       data     extern C:\MCC18\src\traditional\proc\p18F46J50.asm
                     TOSU   0x000fff       data     extern C:\MCC18\src\traditional\proc\p18F46J50.asm
                    TRISA   0x000f92       data     extern C:\MCC18\src\traditional\proc\p18F46J50.asm
                TRISAbits   0x000f92       data     extern C:\MCC18\src\traditional\proc\p18F46J50.asm
                    TRISB   0x000f93       data     extern C:\MCC18\src\traditional\proc\p18F46J50.asm
                TRISBbits   0x000f93       data     extern C:\MCC18\src\traditional\proc\p18F46J50.asm
                    TRISC   0x000f94       data     extern C:\MCC18\src\traditional\proc\p18F46J50.asm
                TRISCbits   0x000f94       data     extern C:\MCC18\src\traditional\proc\p18F46J50.asm
                    TRISD   0x000f95       data     extern C:\MCC18\src\traditional\proc\p18F46J50.asm
                TRISDbits   0x000f95       data     extern C:\MCC18\src\traditional\proc\p18F46J50.asm
                    TRISE   0x000f96       data     extern C:\MCC18\src\traditional\proc\p18F46J50.asm
                TRISEbits   0x000f96       data     extern C:\MCC18\src\traditional\proc\p18F46J50.asm
                  TXADDRH   0x000f6a       data     extern C:\MCC18\src\traditional\proc\p18F46J50.asm
              TXADDRHbits   0x000f6a       data     extern C:\MCC18\src\traditional\proc\p18F46J50.asm
                  TXADDRL   0x000f6b       data     extern C:\MCC18\src\traditional\proc\p18F46J50.asm
                    TXREG   0x000fae       data     extern C:\MCC18\src\traditional\proc\p18F46J50.asm
                   TXREG1   0x000fae       data     extern C:\MCC18\src\traditional\proc\p18F46J50.asm
                   TXREG2   0x000fa9       data     extern C:\MCC18\src\traditional\proc\p18F46J50.asm
                    TXSTA   0x000fad       data     extern C:\MCC18\src\traditional\proc\p18F46J50.asm
                   TXSTA1   0x000fad       data     extern C:\MCC18\src\traditional\proc\p18F46J50.asm
               TXSTA1bits   0x000fad       data     extern C:\MCC18\src\traditional\proc\p18F46J50.asm
                   TXSTA2   0x000fa8       data     extern C:\MCC18\src\traditional\proc\p18F46J50.asm
               TXSTA2bits   0x000fa8       data     extern C:\MCC18\src\traditional\proc\p18F46J50.asm
                TXSTAbits   0x000fad       data     extern C:\MCC18\src\traditional\proc\p18F46J50.asm
             TetrisInGame   0x000e97       data     extern D:\geoff\OneDrive - Haute Ecole Bruxelles Brabant (HE2B)\Ecole 2020 - 2021\UE_SystemesEmbarques\PrograEmbarque\ProgEmb_Tetris_App\src\Tetris_PIC18.c
                    UADDR   0x000f38       data     extern C:\MCC18\src\traditional\proc\p18F46J50.asm
[...]
                    TRISC   0x000f94       data     extern C:\MCC18\src\traditional\proc\p18F46J50.asm
                TRISDbits   0x000f95       data     extern C:\MCC18\src\traditional\proc\p18F46J50.asm
                    TRISD   0x000f95       data     extern C:\MCC18\src\traditional\proc\p18F46J50.asm
                    TRISE   0x000f96       data     extern C:\MCC18\src\traditional\proc\p18F46J50.asm
                TRISEbits   0x000f96       data     extern C:\MCC18\src\traditional\proc\p18F46J50.asm
                   T3GCON   0x000f97       data     extern C:\MCC18\src\traditional\proc\p18F46J50.asm
               T3GCONbits   0x000f97       data     extern C:\MCC18\src\traditional\proc\p18F46J50.asm
                  RTCVALL   0x000f98       data     extern C:\MCC18\src\traditional\proc\p18F46J50.asm
                  RTCVALH   0x000f99       data     extern C:\MCC18\src\traditional\proc\p18F46J50.asm
                   T1GCON   0x000f9a       data     extern C:\MCC18\src\traditional\proc\p18F46J50.asm
               T1GCONbits   0x000f9a       data     extern C:\MCC18\src\traditional\proc\p18F46J50.asm
              OSCTUNEbits   0x000f9b       data     extern C:\MCC18\src\traditional\proc\p18F46J50.asm
                  OSCTUNE   0x000f9b       data     extern C:\MCC18\src\traditional\proc\p18F46J50.asm
                   RCSTA2   0x000f9c       data     extern C:\MCC18\src\traditional\proc\p18F46J50.asm
               RCSTA2bits   0x000f9c       data     extern C:\MCC18\src\traditional\proc\p18F46J50.asm
                     PIE1   0x000f9d       data     extern C:\MCC18\src\traditional\proc\p18F46J50.asm
                 PIE1bits   0x000f9d       data     extern C:\MCC18\src\traditional\proc\p18F46J50.asm
                     PIR1   0x000f9e       data     extern C:\MCC18\src\traditional\proc\p18F46J50.asm
                 PIR1bits   0x000f9e       data     extern C:\MCC18\src\traditional\proc\p18F46J50.asm
                 IPR1bits   0x000f9f       data     extern C:\MCC18\src\traditional\proc\p18F46J50.asm
                     IPR1   0x000f9f       data     extern C:\MCC18\src\traditional\proc\p18F46J50.asm
                 PIE2bits   0x000fa0       data     extern C:\MCC18\src\traditional\proc\p18F46J50.asm
                     PIE2   0x000fa0       data     extern C:\MCC18\src\traditional\proc\p18F46J50.asm
                 PIR2bits   0x000fa1       data     extern C:\MCC18\src\traditional\proc\p18F46J50.asm
                     PIR2   0x000fa1       data     extern C:\MCC18\src\traditional\proc\p18F46J50.asm
                     IPR2   0x000fa2       data     extern C:\MCC18\src\traditional\proc\p18F46J50.asm
                 IPR2bits   0x000fa2       data     extern C:\MCC18\src\traditional\proc\p18F46J50.asm
                 PIE3bits   0x000fa3       data     extern C:\MCC18\src\traditional\proc\p18F46J50.asm
                     PIE3   0x000fa3       data     extern C:\MCC18\src\traditional\proc\p18F46J50.asm
                     PIR3   0x000fa4       data     extern C:\MCC18\src\traditional\proc\p18F46J50.asm
                 PIR3bits   0x000fa4       data     extern C:\MCC18\src\traditional\proc\p18F46J50.asm
                 IPR3bits   0x000fa5       data     extern C:\MCC18\src\traditional\proc\p18F46J50.asm
                     IPR3   0x000fa5       data     extern C:\MCC18\src\traditional\proc\p18F46J50.asm
               EECON1bits   0x000fa6       data     extern C:\MCC18\src\traditional\proc\p18F46J50.asm
                   EECON1   0x000fa6       data     extern C:\MCC18\src\traditional\proc\p18F46J50.asm
                   EECON2   0x000fa7       data     extern C:\MCC18\src\traditional\proc\p18F46J50.asm
               TXSTA2bits   0x000fa8       data     extern C:\MCC18\src\traditional\proc\p18F46J50.asm
                   TXSTA2   0x000fa8       data     extern C:\MCC18\src\traditional\proc\p18F46J50.asm
                   TXREG2   0x000fa9       data     extern C:\MCC18\src\traditional\proc\p18F46J50.asm
                   RCREG2   0x000faa       data     extern C:\MCC18\src\traditional\proc\p18F46J50.asm
                   SPBRG2   0x000fab       data     extern C:\MCC18\src\traditional\proc\p18F46J50.asm
                RCSTAbits   0x000fac       data     extern C:\MCC18\src\traditional\proc\p18F46J50.asm
               RCSTA1bits   0x000fac       data     extern C:\MCC18\src\traditional\proc\p18F46J50.asm
                   RCSTA1   0x000fac       data     extern C:\MCC18\src\traditional\proc\p18F46J50.asm
                    RCSTA   0x000fac       data     extern C:\MCC18\src\traditional\proc\p18F46J50.asm
               TXSTA1bits   0x000fad       data     extern C:\MCC18\src\traditional\proc\p18F46J50.asm
                TXSTAbits   0x000fad       data     extern C:\MCC18\src\traditional\proc\p18F46J50.asm
                   TXSTA1   0x000fad       data     extern C:\MCC18\src\traditional\proc\p18F46J50.asm
                    TXSTA   0x000fad       data     extern C:\MCC18\src\traditional\proc\p18F46J50.asm
                    TXREG   0x000fae       data     extern C:\MCC18\src\traditional\proc\p18F46J50.asm
                   TXREG1   0x000fae       data     extern C:\MCC18\src\traditional\proc\p18F46J50.asm
                   RCREG1   0x000faf       data     extern C:\MCC18\src\traditional\proc\p18F46J50.asm
                    RCREG   0x000faf       data     extern C:\MCC18\src\traditional\proc\p18F46J50.asm
                    SPBRG   0x000fb0       data     extern C:\MCC18\src\traditional\proc\p18F46J50.asm
                   SPBRG1   0x000fb0       data     extern C:\MCC18\src\traditional\proc\p18F46J50.asm
             CTMUICONbits   0x000fb1       data     extern C:\MCC18\src\traditional\proc\p18F46J50.asm
                 CTMUICON   0x000fb1       data     extern C:\MCC18\src\traditional\proc\p18F46J50.asm
             CTMUCONLbits   0x000fb2       data     extern C:\MCC18\src\traditional\proc\p18F46J50.asm
                 CTMUCONL   0x000fb2       data     extern C:\MCC18\src\traditional\proc\p18F46J50.asm
             CTMUCONHbits   0x000fb3       data     extern C:\MCC18\src\traditional\proc\p18F46J50.asm
                 CTMUCONH   0x000fb3       data     extern C:\MCC18\src\traditional\proc\p18F46J50.asm
             ECCP2CONbits   0x000fb4       data     extern C:\MCC18\src\traditional\proc\p18F46J50.asm
                 ECCP2CON   0x000fb4       data     extern C:\MCC18\src\traditional\proc\p18F46J50.asm
                  CCP2CON   0x000fb4       data     extern C:\MCC18\src\traditional\proc\p18F46J50.asm
              CCP2CONbits   0x000fb4       data     extern C:\MCC18\src\traditional\proc\p18F46J50.asm
                   CCPR2L   0x000fb5       data     extern C:\MCC18\src\traditional\proc\p18F46J50.asm
                    CCPR2   0x000fb5       data     extern C:\MCC18\src\traditional\proc\p18F46J50.asm
                   CCPR2H   0x000fb6       data     extern C:\MCC18\src\traditional\proc\p18F46J50.asm
                 ECCP2DEL   0x000fb7       data     extern C:\MCC18\src\traditional\proc\p18F46J50.asm
             ECCP2DELbits   0x000fb7       data     extern C:\MCC18\src\traditional\proc\p18F46J50.asm
                  PWM2CON   0x000fb7       data     extern C:\MCC18\src\traditional\proc\p18F46J50.asm
              PWM2CONbits   0x000fb7       data     extern C:\MCC18\src\traditional\proc\p18F46J50.asm
                  ECCP2AS   0x000fb8       data     extern C:\MCC18\src\traditional\proc\p18F46J50.asm
              ECCP2ASbits   0x000fb8       data     extern C:\MCC18\src\traditional\proc\p18F46J50.asm
                 PSTR2CON   0x000fb9       data     extern C:\MCC18\src\traditional\proc\p18F46J50.asm
             PSTR2CONbits   0x000fb9       data     extern C:\MCC18\src\traditional\proc\p18F46J50.asm
             ECCP1CONbits   0x000fba       data     extern C:\MCC18\src\traditional\proc\p18F46J50.asm
                 ECCP1CON   0x000fba       data     extern C:\MCC18\src\traditional\proc\p18F46J50.asm
              CCP1CONbits   0x000fba       data     extern C:\MCC18\src\traditional\proc\p18F46J50.asm
                  CCP1CON   0x000fba       data     extern C:\MCC18\src\traditional\proc\p18F46J50.asm
                   CCPR1L   0x000fbb       data     extern C:\MCC18\src\traditional\proc\p18F46J50.asm
                    CCPR1   0x000fbb       data     extern C:\MCC18\src\traditional\proc\p18F46J50.asm
                   CCPR1H   0x000fbc       data     extern C:\MCC18\src\traditional\proc\p18F46J50.asm
                  PWM1CON   0x000fbd       data     extern C:\MCC18\src\traditional\proc\p18F46J50.asm
              PWM1CONbits   0x000fbd       data     extern C:\MCC18\src\traditional\proc\p18F46J50.asm
             ECCP1DELbits   0x000fbd       data     extern C:\MCC18\src\traditional\proc\p18F46J50.asm
                 ECCP1DEL   0x000fbd       data     extern C:\MCC18\src\traditional\proc\p18F46J50.asm
              ECCP1ASbits   0x000fbe       data     extern C:\MCC18\src\traditional\proc\p18F46J50.asm
                  ECCP1AS   0x000fbe       data     extern C:\MCC18\src\traditional\proc\p18F46J50.asm
             PSTR1CONbits   0x000fbf       data     extern C:\MCC18\src\traditional\proc\p18F46J50.asm
                 PSTR1CON   0x000fbf       data     extern C:\MCC18\src\traditional\proc\p18F46J50.asm
               WDTCONbits   0x000fc0       data     extern C:\MCC18\src\traditional\proc\p18F46J50.asm
                   WDTCON   0x000fc0       data     extern C:\MCC18\src\traditional\proc\p18F46J50.asm
               ADCON1bits   0x000fc1       data     extern C:\MCC18\src\traditional\proc\p18F46J50.asm
                   ADCON1   0x000fc1       data     extern C:\MCC18\src\traditional\proc\p18F46J50.asm
               ADCON0bits   0x000fc2       data     extern C:\MCC18\src\traditional\proc\p18F46J50.asm
                   ADCON0   0x000fc2       data     extern C:\MCC18\src\traditional\proc\p18F46J50.asm
                   ADRESL   0x000fc3       data     extern C:\MCC18\src\traditional\proc\p18F46J50.asm
                    ADRES   0x000fc3       data     extern C:\MCC18\src\traditional\proc\p18F46J50.asm
                   ADRESH   0x000fc4       data     extern C:\MCC18\src\traditional\proc\p18F46J50.asm
             SSP1CON2bits   0x000fc5       data     extern C:\MCC18\src\traditional\proc\p18F46J50.asm
                  SSPCON2   0x000fc5       data     extern C:\MCC18\src\traditional\proc\p18F46J50.asm
              SSPCON2bits   0x000fc5       data     extern C:\MCC18\src\traditional\proc\p18F46J50.asm
                 SSP1CON2   0x000fc5       data     extern C:\MCC18\src\traditional\proc\p18F46J50.asm
                  SSPCON1   0x000fc6       data     extern C:\MCC18\src\traditional\proc\p18F46J50.asm
             SSP1CON1bits   0x000fc6       data     extern C:\MCC18\src\traditional\proc\p18F46J50.asm
                 SSP1CON1   0x000fc6       data     extern C:\MCC18\src\traditional\proc\p18F46J50.asm
              SSPCON1bits   0x000fc6       data     extern C:\MCC18\src\traditional\proc\p18F46J50.asm
              SSPSTATbits   0x000fc7       data     extern C:\MCC18\src\traditional\proc\p18F46J50.asm
                  SSPSTAT   0x000fc7       data     extern C:\MCC18\src\traditional\proc\p18F46J50.asm
                 SSP1STAT   0x000fc7       data     extern C:\MCC18\src\traditional\proc\p18F46J50.asm
             SSP1STATbits   0x000fc7       data     extern C:\MCC18\src\traditional\proc\p18F46J50.asm
              SSP1ADDbits   0x000fc8       data     extern C:\MCC18\src\traditional\proc\p18F46J50.asm
                  SSP1ADD   0x000fc8       data     extern C:\MCC18\src\traditional\proc\p18F46J50.asm
                   SSPADD   0x000fc8       data     extern C:\MCC18\src\traditional\proc\p18F46J50.asm
               SSPADDbits   0x000fc8       data     extern C:\MCC18\src\traditional\proc\p18F46J50.asm
                   SSPBUF   0x000fc9       data     extern C:\MCC18\src\traditional\proc\p18F46J50.asm
                  SSP1BUF   0x000fc9       data     extern C:\MCC18\src\traditional\proc\p18F46J50.asm
                    T2CON   0x000fca       data     extern C:\MCC18\src\traditional\proc\p18F46J50.asm
                T2CONbits   0x000fca       data     extern C:\MCC18\src\traditional\proc\p18F46J50.asm
                      PR2   0x000fcb       data     extern C:\MCC18\src\traditional\proc\p18F46J50.asm
                     TMR2   0x000fcc       data     extern C:\MCC18\src\traditional\proc\p18F46J50.asm
                    T1CON   0x000fcd       data     extern C:\MCC18\src\traditional\proc\p18F46J50.asm
                T1CONbits   0x000fcd       data     extern C:\MCC18\src\traditional\proc\p18F46J50.asm
                    TMR1L   0x000fce       data     extern C:\MCC18\src\traditional\proc\p18F46J50.asm
                    TMR1H   0x000fcf       data     extern C:\MCC18\src\traditional\proc\p18F46J50.asm
                 RCONbits   0x000fd0       data     extern C:\MCC18\src\traditional\proc\p18F46J50.asm
                     RCON   0x000fd0       data     extern C:\MCC18\src\traditional\proc\p18F46J50.asm
                   CM2CON   0x000fd1       data     extern C:\MCC18\src\traditional\proc\p18F46J50.asm
                  CM2CON1   0x000fd1       data     extern C:\MCC18\src\traditional\proc\p18F46J50.asm
              CM2CON1bits   0x000fd1       data     extern C:\MCC18\src\traditional\proc\p18F46J50.asm
               CM2CONbits   0x000fd1       data     extern C:\MCC18\src\traditional\proc\p18F46J50.asm
               CM1CONbits   0x000fd2       data     extern C:\MCC18\src\traditional\proc\p18F46J50.asm
              CM1CON1bits   0x000fd2       data     extern C:\MCC18\src\traditional\proc\p18F46J50.asm
                  CM1CON1   0x000fd2       data     extern C:\MCC18\src\traditional\proc\p18F46J50.asm
                   CM1CON   0x000fd2       data     extern C:\MCC18\src\traditional\proc\p18F46J50.asm
                   OSCCON   0x000fd3       data     extern C:\MCC18\src\traditional\proc\p18F46J50.asm
               OSCCONbits   0x000fd3       data     extern C:\MCC18\src\traditional\proc\p18F46J50.asm
                    T0CON   0x000fd5       data     extern C:\MCC18\src\traditional\proc\p18F46J50.asm
                T0CONbits   0x000fd5       data     extern C:\MCC18\src\traditional\proc\p18F46J50.asm
                    TMR0L   0x000fd6       data     extern C:\MCC18\src\traditional\proc\p18F46J50.asm
                    TMR0H   0x000fd7       data     extern C:\MCC18\src\traditional\proc\p18F46J50.asm
                   STATUS   0x000fd8       data     extern C:\MCC18\src\traditional\proc\p18F46J50.asm
               STATUSbits   0x000fd8       data     extern C:\MCC18\src\traditional\proc\p18F46J50.asm
                    FSR2L   0x000fd9       data     extern C:\MCC18\src\traditional\proc\p18F46J50.asm
                     FSR2   0x000fd9       data     extern C:\MCC18\src\traditional\proc\p18F46J50.asm
                    FSR2H   0x000fda       data     extern C:\MCC18\src\traditional\proc\p18F46J50.asm
                   PLUSW2   0x000fdb       data     extern C:\MCC18\src\traditional\proc\p18F46J50.asm
                  PREINC2   0x000fdc       data     extern C:\MCC18\src\traditional\proc\p18F46J50.asm
                 POSTDEC2   0x000fdd       data     extern C:\MCC18\src\traditional\proc\p18F46J50.asm
                 POSTINC2   0x000fde       data     extern C:\MCC18\src\traditional\proc\p18F46J50.asm
                    INDF2   0x000fdf       data     extern C:\MCC18\src\traditional\proc\p18F46J50.asm
                      BSR   0x000fe0       data     extern C:\MCC18\src\traditional\proc\p18F46J50.asm
                    FSR1L   0x000fe1       data     extern C:\MCC18\src\traditional\proc\p18F46J50.asm
                     FSR1   0x000fe1       data     extern C:\MCC18\src\traditional\proc\p18F46J50.asm
                    FSR1H   0x000fe2       data     extern C:\MCC18\src\traditional\proc\p18F46J50.asm
                   PLUSW1   0x000fe3       data     extern C:\MCC18\src\traditional\proc\p18F46J50.asm
                  PREINC1   0x000fe4       data     extern C:\MCC18\src\traditional\proc\p18F46J50.asm
                 POSTDEC1   0x000fe5       data     extern C:\MCC18\src\traditional\proc\p18F46J50.asm
                 POSTINC1   0x000fe6       data     extern C:\MCC18\src\traditional\proc\p18F46J50.asm
                    INDF1   0x000fe7       data     extern C:\MCC18\src\traditional\proc\p18F46J50.asm
                     WREG   0x000fe8       data     extern C:\MCC18\src\traditional\proc\p18F46J50.asm
                    FSR0L   0x000fe9       data     extern C:\MCC18\src\traditional\proc\p18F46J50.asm
                     FSR0   0x000fe9       data     extern C:\MCC18\src\traditional\proc\p18F46J50.asm
                    FSR0H   0x000fea       data     extern C:\MCC18\src\traditional\proc\p18F46J50.asm
                   PLUSW0   0x000feb       data     extern C:\MCC18\src\traditional\proc\p18F46J50.asm
                  PREINC0   0x000fec       data     extern C:\MCC18\src\traditional\proc\p18F46J50.asm
                 POSTDEC0   0x000fed       data     extern C:\MCC18\src\traditional\proc\p18F46J50.asm
                 POSTINC0   0x000fee       data     extern C:\MCC18\src\traditional\proc\p18F46J50.asm
                    INDF0   0x000fef       data     extern C:\MCC18\src\traditional\proc\p18F46J50.asm
              INTCON3bits   0x000ff0       data     extern C:\MCC18\src\traditional\proc\p18F46J50.asm
                  INTCON3   0x000ff0       data     extern C:\MCC18\src\traditional\proc\p18F46J50.asm
              INTCON2bits   0x000ff1       data     extern C:\MCC18\src\traditional\proc\p18F46J50.asm
                  INTCON2   0x000ff1       data     extern C:\MCC18\src\traditional\proc\p18F46J50.asm
               INTCONbits   0x000ff2       data     extern C:\MCC18\src\traditional\proc\p18F46J50.asm
                   INTCON   0x000ff2       data     extern C:\MCC18\src\traditional\proc\p18F46J50.asm
                    PRODL   0x000ff3       data     extern C:\MCC18\src\traditional\proc\p18F46J50.asm
                     PROD   0x000ff3       data     extern C:\MCC18\src\traditional\proc\p18F46J50.asm
                    PRODH   0x000ff4       data     extern C:\MCC18\src\traditional\proc\p18F46J50.asm
                   TABLAT   0x000ff5       data     extern C:\MCC18\src\traditional\proc\p18F46J50.asm
                   TBLPTR   0x000ff6       data     extern C:\MCC18\src\traditional\proc\p18F46J50.asm
                  TBLPTRL   0x000ff6       data     extern C:\MCC18\src\traditional\proc\p18F46J50.asm
                  TBLPTRH   0x000ff7       data     extern C:\MCC18\src\traditional\proc\p18F46J50.asm
                  TBLPTRU   0x000ff8       data     extern C:\MCC18\src\traditional\proc\p18F46J50.asm
                       PC   0x000ff9       data     extern C:\MCC18\src\traditional\proc\p18F46J50.asm
                      PCL   0x000ff9       data     extern C:\MCC18\src\traditional\proc\p18F46J50.asm
                   PCLATH   0x000ffa       data     extern C:\MCC18\src\traditional\proc\p18F46J50.asm
                   PCLATU   0x000ffb       data     extern C:\MCC18\src\traditional\proc\p18F46J50.asm
                   STKPTR   0x000ffc       data     extern C:\MCC18\src\traditional\proc\p18F46J50.asm
               STKPTRbits   0x000ffc       data     extern C:\MCC18\src\traditional\proc\p18F46J50.asm
                      TOS   0x000ffd       data     extern C:\MCC18\src\traditional\proc\p18F46J50.asm
                     TOSL   0x000ffd       data     extern C:\MCC18\src\traditional\proc\p18F46J50.asm
                     TOSH   0x000ffe       data     extern C:\MCC18\src\traditional\proc\p18F46J50.asm
                     TOSU   0x000fff       data     extern C:\MCC18\src\traditional\proc\p18F46J50.asm


