MPLINK 4.31, Linker
Linker Map File - Created Wed Oct 21 22:21:12 2020

                                 Section Info
                  Section       Type    Address   Location Size(Bytes)
                ---------  ---------  ---------  ---------  ---------
               _entry_scn       code   0x000000    program   0x000006
                   .cinit    romdata   0x000006    program   0x00003e
  .romdata_ArraysImages.o    romdata   0x000044    program   0x001800
     .code_Tetris_PIC18.o       code   0x001844    program   0x000f80
         .code_vfprintf.o       code   0x0027c4    program   0x000c22
             .code_oled.o       code   0x0033e6    program   0x0007f0
             .code_main.o       code   0x003bd6    program   0x0005f2
    .code_Tetris_BMA150.o       code   0x0041c8    program   0x000384
    .code_Tetris_Mtouch.o       code   0x00454c    program   0x000296
           .code_BMA150.o       code   0x0047e2    program   0x000274
           .code_mtouch.o       code   0x004a56    program   0x00025e
      .code_Tetris_Oled.o       code   0x004cb4    program   0x000220
          .romdata_oled.o    romdata   0x004ed4    program   0x0001db
             .stringtable    romdata   0x0050af    program   0x0001a7
          .code_sprintf.o       code   0x005256    program   0x0000ac
                     PROG       code   0x005302    program   0x0000a6
               _cinit_scn       code   0x0053a8    program   0x00009e
             .code_putc.o       code   0x005446    program   0x000084
          .code_fxm3232.o       code   0x0054ca    program   0x000070
                   STRING       code   0x00553a    program   0x000066
         .code_fxd3232u.o       code   0x0055a0    program   0x000048
         .code_fxd1616u.o       code   0x0055e8    program   0x00002c
                    CTYPE       code   0x005614    program   0x000024
             _startup_scn       code   0x005638    program   0x00001c
                    STDIO       code   0x005654    program   0x00001c
      .romdata_vfprintf.o    romdata   0x005670    program   0x000011
 .romdata_Tetris_Mtouch.o    romdata   0x005681    program   0x000000
      .idata_fxd1616u.o_i    romdata   0x005681    program   0x000000
      .romdata_fxd1616u.o    romdata   0x005681    program   0x000000
        .idata___init.o_i    romdata   0x005681    program   0x000000
        .romdata___init.o    romdata   0x005681    program   0x000000
       .idata_sprintf.o_i    romdata   0x005681    program   0x000000
       .romdata_sprintf.o    romdata   0x005681    program   0x000000
      .idata_vfprintf.o_i    romdata   0x005681    program   0x000000
    .romdata__user_putc.o    romdata   0x005681    program   0x000000
      .idata_fxd3232u.o_i    romdata   0x005681    program   0x000000
      .romdata_fxd3232u.o    romdata   0x005681    program   0x000000
       .idata_fxm3232.o_i    romdata   0x005681    program   0x000000
       .romdata_fxm3232.o    romdata   0x005681    program   0x000000
          .idata_putc.o_i    romdata   0x005681    program   0x000000
          .romdata_putc.o    romdata   0x005681    program   0x000000
    .idata__user_putc.o_i    romdata   0x005681    program   0x000000
 .romdata_Tetris_BMA150.o    romdata   0x005681    program   0x000000
          .romdata_main.o    romdata   0x005681    program   0x000000
          .idata_oled.o_i    romdata   0x005681    program   0x000000
        .romdata_BMA150.o    romdata   0x005681    program   0x000000
        .idata_BMA150.o_i    romdata   0x005681    program   0x000000
  .idata_ArraysImages.o_i    romdata   0x005681    program   0x000000
         .romdata_c018i.o    romdata   0x005681    program   0x000000
  .romdata_Tetris_PIC18.o    romdata   0x005681    program   0x000000
   .idata_Tetris_Oled.o_i    romdata   0x005681    program   0x000000
   .romdata_Tetris_Oled.o    romdata   0x005681    program   0x000000
 .romdata_Tetris_Pieces.o    romdata   0x005681    program   0x000000
        .idata_mtouch.o_i    romdata   0x005681    program   0x000000
        .romdata_mtouch.o    romdata   0x005681    program   0x000000
         .idata_c018i.o_i    romdata   0x005681    program   0x000000
            .code_c018i.o       code   0x005682    program   0x000000
     .code_ArraysImages.o       code   0x005682    program   0x000000
    .code_Tetris_Pieces.o       code   0x005682    program   0x000000
                    .code       code   0x005682    program   0x00000e
       .code__user_putc.o       code   0x005690    program   0x000002
           .code___init.o       code   0x005692    program   0x000002
          .idata_main.o_i    romdata   0x005694    program   0x000004
 .idata_Tetris_Pieces.o_i    romdata   0x005698    program   0x000070
  .idata_Tetris_PIC18.o_i    romdata   0x005708    program   0x00000f
 .idata_Tetris_Mtouch.o_i    romdata   0x005717    program   0x00000b
 .idata_Tetris_BMA150.o_i    romdata   0x005722    program   0x000006
      .config_fff8_main.o    romdata   0x00fff8    program   0x000001
      .config_fff9_main.o    romdata   0x00fff9    program   0x000001
      .config_fffa_main.o    romdata   0x00fffa    program   0x000001
      .config_fffb_main.o    romdata   0x00fffb    program   0x000001
      .config_fffc_main.o    romdata   0x00fffc    program   0x000001
      .config_fffd_main.o    romdata   0x00fffd    program   0x000001
      .config_fffe_main.o    romdata   0x00fffe    program   0x000001
      .config_ffff_main.o    romdata   0x00ffff    program   0x000001
                MATH_DATA      udata   0x000000       data   0x000014
                 .tmpdata      udata   0x000014       data   0x00000c
    .udata_Tetris_PIC18.o      udata   0x000060       data   0x000090
    .idata_Tetris_PIC18.o      idata   0x0000f0       data   0x00000f
   .udata_Tetris_Pieces.o      udata   0x0000ff       data   0x000000
         .udata_fxm3232.o      udata   0x0000ff       data   0x000000
        .idata_fxd3232u.o      idata   0x0000ff       data   0x000000
          .idata_mtouch.o      idata   0x0000ff       data   0x000000
   .udata_Tetris_Mtouch.o      udata   0x0000ff       data   0x000000
        .udata_fxd3232u.o      udata   0x0000ff       data   0x000000
        .idata_vfprintf.o      idata   0x0000ff       data   0x000000
        .udata_vfprintf.o      udata   0x0000ff       data   0x000000
         .idata_sprintf.o      idata   0x0000ff       data   0x000000
         .udata_sprintf.o      udata   0x0000ff       data   0x000000
          .idata___init.o      idata   0x0000ff       data   0x000000
          .udata___init.o      udata   0x0000ff       data   0x000000
        .idata_fxd1616u.o      idata   0x0000ff       data   0x000000
        .udata_fxd1616u.o      udata   0x0000ff       data   0x000000
     .idata_Tetris_Oled.o      idata   0x0000ff       data   0x000000
     .udata_Tetris_Oled.o      udata   0x0000ff       data   0x000000
         .idata_fxm3232.o      idata   0x0000ff       data   0x000000
            .udata_putc.o      udata   0x0000ff       data   0x000000
            .idata_putc.o      idata   0x0000ff       data   0x000000
   .udata_Tetris_BMA150.o      udata   0x0000ff       data   0x000000
            .idata_oled.o      idata   0x0000ff       data   0x000000
      .udata__user_putc.o      udata   0x0000ff       data   0x000000
          .idata_BMA150.o      idata   0x0000ff       data   0x000000
      .idata__user_putc.o      idata   0x0000ff       data   0x000000
    .idata_ArraysImages.o      idata   0x0000ff       data   0x000000
    .udata_ArraysImages.o      udata   0x0000ff       data   0x000000
           .idata_c018i.o      idata   0x0000ff       data   0x000000
                   .stack      udata   0x000d00       data   0x000100
   .idata_Tetris_Pieces.o      idata   0x000e00       data   0x000070
            .udata_oled.o      udata   0x000e70       data   0x00000b
   .idata_Tetris_Mtouch.o      idata   0x000e7b       data   0x00000b
            .udata_main.o      udata   0x000e86       data   0x00000a
           .udata_c018i.o      udata   0x000e90       data   0x00000a
          .udata_BMA150.o      udata   0x000e9a       data   0x000006
   .idata_Tetris_BMA150.o      idata   0x000ea0       data   0x000006
          .udata_mtouch.o      udata   0x000ea6       data   0x000004
            .idata_main.o      idata   0x000eaa       data   0x000004
              SFR_BANKED0      udata   0x000ec6       data   0x00000e
              SFR_BANKED1      udata   0x000ed7       data   0x000008
              SFR_BANKED2      udata   0x000ee7       data   0x000004
              SFR_BANKED3      udata   0x000eec       data   0x000003
              SFR_BANKED4      udata   0x000ef2       data   0x000002
              SFR_BANKED5      udata   0x000ef6       data   0x000002
              SFR_BANKED6      udata   0x000efb       data   0x000005
              SFR_BANKED7      udata   0x000f26       data   0x000014
              SFR_BANKED8      udata   0x000f3c       data   0x000007
              SFR_BANKED9      udata   0x000f48       data   0x000008
             SFR_BANKED10      udata   0x000f52       data   0x00000e
            SFR_UNBANKED0      udata   0x000f60       data   0x0000a0



                              Program Memory Usage 
                               Start         End      
                           ---------   ---------      
                            0x000000    0x005680      
                            0x005682    0x005727      
                            0x00fff8    0x00ffff      
            22319 out of 65538 program addresses used, program memory utilization is 34%



                              Symbols - Sorted by Name
                     Name    Address   Location    Storage File                     
                ---------  ---------  ---------  --------- ---------                
          AppStateMachine   0x003bd6    program     extern D:\geoff\OneDrive - Haute Ecole Bruxelles Brabant (HE2B)\Ecole 2020 - 2021\UE_SystemesEmbarques\PrograEmbarque\ProgEmb_Tetris_App\main.c
          BMA150_ReadByte   0x0049a8    program     extern D:\geoff\OneDrive - Haute Ecole Bruxelles Brabant (HE2B)\Ecole 2020 - 2021\UE_SystemesEmbarques\PrograEmbarque\ProgEmb_Tetris_App\src\BMA150.c
         BMA150_WriteByte   0x0048c6    program     extern D:\geoff\OneDrive - Haute Ecole Bruxelles Brabant (HE2B)\Ecole 2020 - 2021\UE_SystemesEmbarques\PrograEmbarque\ProgEmb_Tetris_App\src\BMA150.c
          CalibrateBMA150   0x004354    program     extern D:\geoff\OneDrive - Haute Ecole Bruxelles Brabant (HE2B)\Ecole 2020 - 2021\UE_SystemesEmbarques\PrograEmbarque\ProgEmb_Tetris_App\src\Tetris_BMA150.c
       CheckButtonPressed   0x00454c    program     extern D:\geoff\OneDrive - Haute Ecole Bruxelles Brabant (HE2B)\Ecole 2020 - 2021\UE_SystemesEmbarques\PrograEmbarque\ProgEmb_Tetris_App\src\Tetris_Mtouch.c
                   D1616S   0x005324    program     static C:\MCC18\src\traditional\math\fxd1616s.asm
                D1616SNEG   0x005332    program     static C:\MCC18\src\traditional\math\fxd1616s.asm
                 D1616SOK   0x00532e    program     static C:\MCC18\src\traditional\math\fxd1616s.asm
                  D1616SX   0x005344    program     static C:\MCC18\src\traditional\math\fxd1616s.asm
                  DA1616S   0x005314    program     static C:\MCC18\src\traditional\math\fxd1616s.asm
                  DelayMs   0x0033e6    program     extern D:\geoff\OneDrive - Haute Ecole Bruxelles Brabant (HE2B)\Ecole 2020 - 2021\UE_SystemesEmbarques\PrograEmbarque\ProgEmb_Tetris_App\src\oled.c
                 FXD1616S   0x005302    program     extern C:\MCC18\src\traditional\math\fxd1616s.asm
                 FXD1616U   0x0055e8    program     extern C:\MCC18\src\traditional\math\fxd1616u.c
                 FXD3232U   0x0055a0    program     extern C:\MCC18\src\traditional\math\fxd3232u.c
                 FXM1616S   0x00534e    program     extern C:\MCC18\src\traditional\math\fxm1616s.asm
                  FXM3232   0x0054ca    program     extern C:\MCC18\src\traditional\math\fxm3232.c
              FillDisplay   0x00360a    program     extern D:\geoff\OneDrive - Haute Ecole Bruxelles Brabant (HE2B)\Ecole 2020 - 2021\UE_SystemesEmbarques\PrograEmbarque\ProgEmb_Tetris_App\src\oled.c
       GetScrollDirection   0x004622    program     extern D:\geoff\OneDrive - Haute Ecole Bruxelles Brabant (HE2B)\Ecole 2020 - 2021\UE_SystemesEmbarques\PrograEmbarque\ProgEmb_Tetris_App\src\Tetris_Mtouch.c
           GetScrollState   0x0045b6    program     extern D:\geoff\OneDrive - Haute Ecole Bruxelles Brabant (HE2B)\Ecole 2020 - 2021\UE_SystemesEmbarques\PrograEmbarque\ProgEmb_Tetris_App\src\Tetris_Mtouch.c
                  InitADC   0x004a6e    program     extern D:\geoff\OneDrive - Haute Ecole Bruxelles Brabant (HE2B)\Ecole 2020 - 2021\UE_SystemesEmbarques\PrograEmbarque\ProgEmb_Tetris_App\src\mtouch.c
          InitApplication   0x00415c    program     extern D:\geoff\OneDrive - Haute Ecole Bruxelles Brabant (HE2B)\Ecole 2020 - 2021\UE_SystemesEmbarques\PrograEmbarque\ProgEmb_Tetris_App\main.c
               InitBma150   0x0047e2    program     extern D:\geoff\OneDrive - Haute Ecole Bruxelles Brabant (HE2B)\Ecole 2020 - 2021\UE_SystemesEmbarques\PrograEmbarque\ProgEmb_Tetris_App\src\BMA150.c
                 InitCTMU   0x004a56    program     extern D:\geoff\OneDrive - Haute Ecole Bruxelles Brabant (HE2B)\Ecole 2020 - 2021\UE_SystemesEmbarques\PrograEmbarque\ProgEmb_Tetris_App\src\mtouch.c
              ResetDevice   0x003440    program     extern D:\geoff\OneDrive - Haute Ecole Bruxelles Brabant (HE2B)\Ecole 2020 - 2021\UE_SystemesEmbarques\PrograEmbarque\ProgEmb_Tetris_App\src\oled.c
                   Rotate   0x0018fc    program     extern D:\geoff\OneDrive - Haute Ecole Bruxelles Brabant (HE2B)\Ecole 2020 - 2021\UE_SystemesEmbarques\PrograEmbarque\ProgEmb_Tetris_App\src\Tetris_PIC18.c
       ShowAnimationStart   0x001844    program     extern D:\geoff\OneDrive - Haute Ecole Bruxelles Brabant (HE2B)\Ecole 2020 - 2021\UE_SystemesEmbarques\PrograEmbarque\ProgEmb_Tetris_App\src\Tetris_PIC18.c
          Show_TetrisGrid   0x002326    program     extern D:\geoff\OneDrive - Haute Ecole Bruxelles Brabant (HE2B)\Ecole 2020 - 2021\UE_SystemesEmbarques\PrograEmbarque\ProgEmb_Tetris_App\src\Tetris_PIC18.c
              SpiPinRemap   0x0048a2    program     extern D:\geoff\OneDrive - Haute Ecole Bruxelles Brabant (HE2B)\Ecole 2020 - 2021\UE_SystemesEmbarques\PrograEmbarque\ProgEmb_Tetris_App\src\BMA150.c
               TSIGN1616A   0x00539a    program     static C:\MCC18\src\traditional\math\fxm1616s.asm
         Tetris_DrawBlock   0x004e42    program     extern D:\geoff\OneDrive - Haute Ecole Bruxelles Brabant (HE2B)\Ecole 2020 - 2021\UE_SystemesEmbarques\PrograEmbarque\ProgEmb_Tetris_App\src\Tetris_Oled.c
        Tetris_DrawFigure   0x00243e    program     static D:\geoff\OneDrive - Haute Ecole Bruxelles Brabant (HE2B)\Ecole 2020 - 2021\UE_SystemesEmbarques\PrograEmbarque\ProgEmb_Tetris_App\src\Tetris_PIC18.c
        Tetris_EraseBlock   0x004e1c    program     extern D:\geoff\OneDrive - Haute Ecole Bruxelles Brabant (HE2B)\Ecole 2020 - 2021\UE_SystemesEmbarques\PrograEmbarque\ProgEmb_Tetris_App\src\Tetris_Oled.c
       Tetris_EraseFigure   0x0023ba    program     extern D:\geoff\OneDrive - Haute Ecole Bruxelles Brabant (HE2B)\Ecole 2020 - 2021\UE_SystemesEmbarques\PrograEmbarque\ProgEmb_Tetris_App\src\Tetris_PIC18.c
              Tetris_Init   0x0020ba    program     extern D:\geoff\OneDrive - Haute Ecole Bruxelles Brabant (HE2B)\Ecole 2020 - 2021\UE_SystemesEmbarques\PrograEmbarque\ProgEmb_Tetris_App\src\Tetris_PIC18.c
         Tetris_Oled_Read   0x004cda    program     extern D:\geoff\OneDrive - Haute Ecole Bruxelles Brabant (HE2B)\Ecole 2020 - 2021\UE_SystemesEmbarques\PrograEmbarque\ProgEmb_Tetris_App\src\Tetris_Oled.c
        Tetris_Oled_Write   0x004cb4    program     extern D:\geoff\OneDrive - Haute Ecole Bruxelles Brabant (HE2B)\Ecole 2020 - 2021\UE_SystemesEmbarques\PrograEmbarque\ProgEmb_Tetris_App\src\Tetris_Oled.c
          Tetris_SetBlock   0x004df4    program     extern D:\geoff\OneDrive - Haute Ecole Bruxelles Brabant (HE2B)\Ecole 2020 - 2021\UE_SystemesEmbarques\PrograEmbarque\ProgEmb_Tetris_App\src\Tetris_Oled.c
         Tetris_SetFigure   0x0023fc    program     extern D:\geoff\OneDrive - Haute Ecole Bruxelles Brabant (HE2B)\Ecole 2020 - 2021\UE_SystemesEmbarques\PrograEmbarque\ProgEmb_Tetris_App\src\Tetris_PIC18.c
        Tetris_WritePixel   0x004d24    program     extern D:\geoff\OneDrive - Haute Ecole Bruxelles Brabant (HE2B)\Ecole 2020 - 2021\UE_SystemesEmbarques\PrograEmbarque\ProgEmb_Tetris_App\src\Tetris_Oled.c
           Tetris_process   0x002138    program     extern D:\geoff\OneDrive - Haute Ecole Bruxelles Brabant (HE2B)\Ecole 2020 - 2021\UE_SystemesEmbarques\PrograEmbarque\ProgEmb_Tetris_App\src\Tetris_PIC18.c
             WriteCommand   0x0035ba    program     extern D:\geoff\OneDrive - Haute Ecole Bruxelles Brabant (HE2B)\Ecole 2020 - 2021\UE_SystemesEmbarques\PrograEmbarque\ProgEmb_Tetris_App\src\oled.c
                WriteData   0x0035e2    program     extern D:\geoff\OneDrive - Haute Ecole Bruxelles Brabant (HE2B)\Ecole 2020 - 2021\UE_SystemesEmbarques\PrograEmbarque\ProgEmb_Tetris_App\src\oled.c
                   _2jEnd   0x00558a    program     static C:\MCC18\src\traditional\stdclib\slenpgm.asm
       ___case_0_lbl00002   0x003c78    program     static                          
       ___case_0_lbl00022   0x003ff8    program     static                          
      ___case_10_lbl00035   0x00413c    program     static                          
       ___case_1_lbl00003   0x003c86    program     static                          
       ___case_1_lbl00023   0x004036    program     static                          
       ___case_2_lbl00005   0x003d50    program     static                          
       ___case_2_lbl00024   0x00405c    program     static                          
       ___case_3_lbl00006   0x003d62    program     static                          
       ___case_4_lbl00008   0x003e20    program     static                          
       ___case_5_lbl00009   0x003e32    program     static                          
       ___case_6_lbl00026   0x004062    program     static                          
       ___case_7_lbl00030   0x0040a2    program     static                          
       ___case_8_lbl00031   0x0040b8    program     static                          
       ___case_9_lbl00033   0x004102    program     static                          
      ___default_lbl00036   0x004146    program     static                          
         ___else_lbl00009   0x004990    program     static                          
         ___else_lbl00014   0x003e60    program     static                          
         ___else_lbl00016   0x003ef2    program     static                          
         ___else_lbl00018   0x003f34    program     static                          
         ___else_lbl00020   0x003f76    program     static                          
         ___else_lbl00029   0x0040b2    program     static                          
           ___if_lbl00001   0x004828    program     static                          
           ___if_lbl00004   0x003d60    program     static                          
           ___if_lbl00005   0x0048ee    program     static                          
           ___if_lbl00007   0x003e30    program     static                          
           ___if_lbl00008   0x004998    program     static                          
           ___if_lbl00010   0x003e5e    program     static                          
           ___if_lbl00011   0x003e82    program     static                          
           ___if_lbl00012   0x003e82    program     static                          
           ___if_lbl00013   0x003e82    program     static                          
           ___if_lbl00015   0x003f0c    program     static                          
           ___if_lbl00017   0x003f4e    program     static                          
           ___if_lbl00019   0x003f90    program     static                          
           ___if_lbl00025   0x004060    program     static                          
           ___if_lbl00027   0x0040a0    program     static                          
           ___if_lbl00028   0x0040b6    program     static                          
           ___if_lbl00032   0x004100    program     static                          
           ___if_lbl00034   0x00413a    program     static                          
       ___return_lbl00000   0x005538    program     static                          
       ___return_lbl00000   0x000004    program     static                          
       ___return_lbl00000   0x0055e6    program     static                          
       ___return_lbl00000   0x00488e    program     static                          
       ___return_lbl00000   0x005612    program     static                          
       ___return_lbl00000   0x004148    program     static                          
       ___return_lbl00001   0x004d1a    program     static                          
       ___return_lbl00001   0x005652    program     static                          
       ___return_lbl00002   0x005444    program     static                          
       ___return_lbl00003   0x004b64    program     static                          
       ___return_lbl00003   0x00499e    program     static                          
       ___return_lbl00012   0x004a4e    program     static                          
   ___switchexit_lbl00001   0x004148    program     static                          
   ___switchexit_lbl00021   0x004060    program     static                          
        ___while_lbl00004   0x004b46    program     static                          
        ___while_lbl00005   0x004b4a    program     static                          
        ___while_lbl00006   0x0048f8    program     static                          
        ___while_lbl00007   0x0048fc    program     static                          
        ___while_lbl00010   0x004998    program     static                          
        ___while_lbl00011   0x00499c    program     static                          
        ___while_lbl00013   0x0049bc    program     static                          
        ___while_lbl00014   0x0049c0    program     static                          
        ___while_lbl00015   0x004a44    program     static                          
        ___while_lbl00016   0x004a48    program     static                          
               __config_0   0x00fff8    program     static D:\geoff\OneDrive - Haute Ecole Bruxelles Brabant (HE2B)\Ecole 2020 - 2021\UE_SystemesEmbarques\PrograEmbarque\ProgEmb_Tetris_App\main.c
               __config_1   0x00fff9    program     static D:\geoff\OneDrive - Haute Ecole Bruxelles Brabant (HE2B)\Ecole 2020 - 2021\UE_SystemesEmbarques\PrograEmbarque\ProgEmb_Tetris_App\main.c
               __config_2   0x00fffa    program     static D:\geoff\OneDrive - Haute Ecole Bruxelles Brabant (HE2B)\Ecole 2020 - 2021\UE_SystemesEmbarques\PrograEmbarque\ProgEmb_Tetris_App\main.c
               __config_3   0x00fffb    program     static D:\geoff\OneDrive - Haute Ecole Bruxelles Brabant (HE2B)\Ecole 2020 - 2021\UE_SystemesEmbarques\PrograEmbarque\ProgEmb_Tetris_App\main.c
               __config_4   0x00fffc    program     static D:\geoff\OneDrive - Haute Ecole Bruxelles Brabant (HE2B)\Ecole 2020 - 2021\UE_SystemesEmbarques\PrograEmbarque\ProgEmb_Tetris_App\main.c
               __config_5   0x00fffd    program     static D:\geoff\OneDrive - Haute Ecole Bruxelles Brabant (HE2B)\Ecole 2020 - 2021\UE_SystemesEmbarques\PrograEmbarque\ProgEmb_Tetris_App\main.c
               __config_6   0x00fffe    program     static D:\geoff\OneDrive - Haute Ecole Bruxelles Brabant (HE2B)\Ecole 2020 - 2021\UE_SystemesEmbarques\PrograEmbarque\ProgEmb_Tetris_App\main.c
               __config_7   0x00ffff    program     static D:\geoff\OneDrive - Haute Ecole Bruxelles Brabant (HE2B)\Ecole 2020 - 2021\UE_SystemesEmbarques\PrograEmbarque\ProgEmb_Tetris_App\main.c
                   __init   0x005692    program     extern C:\MCC18\src\traditional\stdclib\__init.c
                   __pa_0   0x003104    program     static C:\MCC18\src\traditional\stdclib\vfprintf.c
                   __pa_1   0x00310c    program     static C:\MCC18\src\traditional\stdclib\vfprintf.c
                  __pa_10   0x0031c0    program     static C:\MCC18\src\traditional\stdclib\vfprintf.c
                  __pa_11   0x0031ce    program     static C:\MCC18\src\traditional\stdclib\vfprintf.c
                  __pa_12   0x0031e4    program     static C:\MCC18\src\traditional\stdclib\vfprintf.c
                  __pa_13   0x0031fe    program     static C:\MCC18\src\traditional\stdclib\vfprintf.c
                  __pa_14   0x003216    program     static C:\MCC18\src\traditional\stdclib\vfprintf.c
                  __pa_15   0x003226    program     static C:\MCC18\src\traditional\stdclib\vfprintf.c
                  __pa_16   0x00323c    program     static C:\MCC18\src\traditional\stdclib\vfprintf.c
                  __pa_17   0x00324e    program     static C:\MCC18\src\traditional\stdclib\vfprintf.c
                  __pa_18   0x003260    program     static C:\MCC18\src\traditional\stdclib\vfprintf.c
                  __pa_19   0x00326a    program     static C:\MCC18\src\traditional\stdclib\vfprintf.c
                   __pa_2   0x003116    program     static C:\MCC18\src\traditional\stdclib\vfprintf.c
                  __pa_20   0x00327a    program     static C:\MCC18\src\traditional\stdclib\vfprintf.c
                  __pa_21   0x00328a    program     static C:\MCC18\src\traditional\stdclib\vfprintf.c
                  __pa_22   0x00329a    program     static C:\MCC18\src\traditional\stdclib\vfprintf.c
                  __pa_23   0x0032a6    program     static C:\MCC18\src\traditional\stdclib\vfprintf.c
                  __pa_24   0x0032b4    program     static C:\MCC18\src\traditional\stdclib\vfprintf.c
                  __pa_25   0x0032bc    program     static C:\MCC18\src\traditional\stdclib\vfprintf.c
                  __pa_26   0x0032c6    program     static C:\MCC18\src\traditional\stdclib\vfprintf.c
                  __pa_27   0x0032d0    program     static C:\MCC18\src\traditional\stdclib\vfprintf.c
                  __pa_28   0x0032d8    program     static C:\MCC18\src\traditional\stdclib\vfprintf.c
                  __pa_29   0x0032e6    program     static C:\MCC18\src\traditional\stdclib\vfprintf.c
                   __pa_3   0x003120    program     static C:\MCC18\src\traditional\stdclib\vfprintf.c
                  __pa_30   0x003302    program     static C:\MCC18\src\traditional\stdclib\vfprintf.c
                  __pa_31   0x00331c    program     static C:\MCC18\src\traditional\stdclib\vfprintf.c
                  __pa_32   0x003336    program     static C:\MCC18\src\traditional\stdclib\vfprintf.c
                  __pa_33   0x00334e    program     static C:\MCC18\src\traditional\stdclib\vfprintf.c
                  __pa_34   0x003358    program     static C:\MCC18\src\traditional\stdclib\vfprintf.c
                  __pa_35   0x003366    program     static C:\MCC18\src\traditional\stdclib\vfprintf.c
                  __pa_36   0x00336e    program     static C:\MCC18\src\traditional\stdclib\vfprintf.c
                  __pa_37   0x003378    program     static C:\MCC18\src\traditional\stdclib\vfprintf.c
                  __pa_38   0x003388    program     static C:\MCC18\src\traditional\stdclib\vfprintf.c
                  __pa_39   0x003396    program     static C:\MCC18\src\traditional\stdclib\vfprintf.c
                   __pa_4   0x003138    program     static C:\MCC18\src\traditional\stdclib\vfprintf.c
                  __pa_40   0x0033a2    program     static C:\MCC18\src\traditional\stdclib\vfprintf.c
                  __pa_41   0x0033ae    program     static C:\MCC18\src\traditional\stdclib\vfprintf.c
                  __pa_42   0x0033b6    program     static C:\MCC18\src\traditional\stdclib\vfprintf.c
                  __pa_43   0x0033c0    program     static C:\MCC18\src\traditional\stdclib\vfprintf.c
                  __pa_44   0x0033c6    program     static C:\MCC18\src\traditional\stdclib\vfprintf.c
                  __pa_45   0x0033d0    program     static C:\MCC18\src\traditional\stdclib\vfprintf.c
                  __pa_46   0x0033dc    program     static C:\MCC18\src\traditional\stdclib\vfprintf.c
                   __pa_5   0x00314c    program     static C:\MCC18\src\traditional\stdclib\vfprintf.c
                   __pa_6   0x003168    program     static C:\MCC18\src\traditional\stdclib\vfprintf.c
                   __pa_7   0x003172    program     static C:\MCC18\src\traditional\stdclib\vfprintf.c
                   __pa_8   0x00317e    program     static C:\MCC18\src\traditional\stdclib\vfprintf.c
                   __pa_9   0x0031a0    program     static C:\MCC18\src\traditional\stdclib\vfprintf.c
               __string_0   0x005252    program     static D:\geoff\OneDrive - Haute Ecole Bruxelles Brabant (HE2B)\Ecole 2020 - 2021\UE_SystemesEmbarques\PrograEmbarque\ProgEmb_Tetris_App\src\Tetris_Mtouch.c
               __string_0   0x00523c    program     static D:\geoff\OneDrive - Haute Ecole Bruxelles Brabant (HE2B)\Ecole 2020 - 2021\UE_SystemesEmbarques\PrograEmbarque\ProgEmb_Tetris_App\main.c
               __string_0   0x0050dd    program     static D:\geoff\OneDrive - Haute Ecole Bruxelles Brabant (HE2B)\Ecole 2020 - 2021\UE_SystemesEmbarques\PrograEmbarque\ProgEmb_Tetris_App\src\Tetris_BMA150.c
               __string_1   0x0050c6    program     static D:\geoff\OneDrive - Haute Ecole Bruxelles Brabant (HE2B)\Ecole 2020 - 2021\UE_SystemesEmbarques\PrograEmbarque\ProgEmb_Tetris_App\src\Tetris_BMA150.c
               __string_1   0x005226    program     static D:\geoff\OneDrive - Haute Ecole Bruxelles Brabant (HE2B)\Ecole 2020 - 2021\UE_SystemesEmbarques\PrograEmbarque\ProgEmb_Tetris_App\main.c
              __string_10   0x005160    program     static D:\geoff\OneDrive - Haute Ecole Bruxelles Brabant (HE2B)\Ecole 2020 - 2021\UE_SystemesEmbarques\PrograEmbarque\ProgEmb_Tetris_App\main.c
              __string_11   0x00514a    program     static D:\geoff\OneDrive - Haute Ecole Bruxelles Brabant (HE2B)\Ecole 2020 - 2021\UE_SystemesEmbarques\PrograEmbarque\ProgEmb_Tetris_App\main.c
              __string_12   0x005135    program     static D:\geoff\OneDrive - Haute Ecole Bruxelles Brabant (HE2B)\Ecole 2020 - 2021\UE_SystemesEmbarques\PrograEmbarque\ProgEmb_Tetris_App\main.c
              __string_13   0x00511f    program     static D:\geoff\OneDrive - Haute Ecole Bruxelles Brabant (HE2B)\Ecole 2020 - 2021\UE_SystemesEmbarques\PrograEmbarque\ProgEmb_Tetris_App\main.c
              __string_14   0x005109    program     static D:\geoff\OneDrive - Haute Ecole Bruxelles Brabant (HE2B)\Ecole 2020 - 2021\UE_SystemesEmbarques\PrograEmbarque\ProgEmb_Tetris_App\main.c
              __string_15   0x0050f3    program     static D:\geoff\OneDrive - Haute Ecole Bruxelles Brabant (HE2B)\Ecole 2020 - 2021\UE_SystemesEmbarques\PrograEmbarque\ProgEmb_Tetris_App\main.c
               __string_2   0x0050af    program     static D:\geoff\OneDrive - Haute Ecole Bruxelles Brabant (HE2B)\Ecole 2020 - 2021\UE_SystemesEmbarques\PrograEmbarque\ProgEmb_Tetris_App\src\Tetris_BMA150.c
               __string_2   0x005210    program     static D:\geoff\OneDrive - Haute Ecole Bruxelles Brabant (HE2B)\Ecole 2020 - 2021\UE_SystemesEmbarques\PrograEmbarque\ProgEmb_Tetris_App\main.c
               __string_3   0x0051fa    program     static D:\geoff\OneDrive - Haute Ecole Bruxelles Brabant (HE2B)\Ecole 2020 - 2021\UE_SystemesEmbarques\PrograEmbarque\ProgEmb_Tetris_App\main.c
               __string_4   0x0051e4    program     static D:\geoff\OneDrive - Haute Ecole Bruxelles Brabant (HE2B)\Ecole 2020 - 2021\UE_SystemesEmbarques\PrograEmbarque\ProgEmb_Tetris_App\main.c
               __string_5   0x0051ce    program     static D:\geoff\OneDrive - Haute Ecole Bruxelles Brabant (HE2B)\Ecole 2020 - 2021\UE_SystemesEmbarques\PrograEmbarque\ProgEmb_Tetris_App\main.c
               __string_6   0x0051b8    program     static D:\geoff\OneDrive - Haute Ecole Bruxelles Brabant (HE2B)\Ecole 2020 - 2021\UE_SystemesEmbarques\PrograEmbarque\ProgEmb_Tetris_App\main.c
               __string_7   0x0051a2    program     static D:\geoff\OneDrive - Haute Ecole Bruxelles Brabant (HE2B)\Ecole 2020 - 2021\UE_SystemesEmbarques\PrograEmbarque\ProgEmb_Tetris_App\main.c
               __string_8   0x00518c    program     static D:\geoff\OneDrive - Haute Ecole Bruxelles Brabant (HE2B)\Ecole 2020 - 2021\UE_SystemesEmbarques\PrograEmbarque\ProgEmb_Tetris_App\main.c
               __string_9   0x005176    program     static D:\geoff\OneDrive - Haute Ecole Bruxelles Brabant (HE2B)\Ecole 2020 - 2021\UE_SystemesEmbarques\PrograEmbarque\ProgEmb_Tetris_App\main.c
               __tmplbl_0   0x0048e2    program     static                          
               __tmplbl_0   0x003bec    program     static                          
               __tmplbl_1   0x0048da    program     static                          
               __tmplbl_1   0x003bfa    program     static                          
              __tmplbl_10   0x003c74    program     static                          
              __tmplbl_11   0x003fde    program     static                          
              __tmplbl_12   0x003fea    program     static                          
              __tmplbl_13   0x003ff4    program     static                          
              __tmplbl_14   0x003e72    program     static                          
               __tmplbl_2   0x003c08    program     static                          
               __tmplbl_3   0x003c16    program     static                          
               __tmplbl_4   0x003c24    program     static                          
              __tmplbl_42   0x00329a    program     static                          
              __tmplbl_43   0x0030e2    program     static                          
              __tmplbl_44   0x0030c8    program     static                          
               __tmplbl_5   0x003c32    program     static                          
               __tmplbl_6   0x003c40    program     static                          
               __tmplbl_7   0x003c4e    program     static                          
               __tmplbl_8   0x003c5c    program     static                          
              __tmplbl_85   0x00281a    program     static                          
               __tmplbl_9   0x003c6a    program     static                          
            __zero_memory   0x005682    program     extern C:\MCC18\src\traditional\proc\p18F46J50.asm
                _do_cinit   0x0053a8    program     extern C:\MCC18\src\traditional\startup\c018i.c
                   _entry   0x000000    program     extern C:\MCC18\src\traditional\startup\c018i.c
                   _false   0x0055e2    program     static                          
                 _startup   0x005638    program     extern C:\MCC18\src\traditional\startup\c018i.c
              _usart_putc   0x005654    program     extern C:\MCC18\src\pmc_common\USART\_usartpc.asm
               _user_putc   0x005690    program     extern C:\MCC18\src\traditional\stdclib\_user_putc.c
                    check   0x002586    program     extern D:\geoff\OneDrive - Haute Ecole Bruxelles Brabant (HE2B)\Ecole 2020 - 2021\UE_SystemesEmbarques\PrograEmbarque\ProgEmb_Tetris_App\src\Tetris_PIC18.c
               clear_loop   0x005688    program     static C:\MCC18\src\traditional\proc\p18F46J50.asm
                copy_loop   0x00541a    program     static                          
            copy_one_byte   0x005420    program     static                          
                     done   0x005444    program     static                          
             done_copying   0x00542e    program     static                          
                  endloop   0x00560e    program     static                          
                g_pucFont   0x004ed4    program     extern D:\geoff\OneDrive - Haute Ecole Bruxelles Brabant (HE2B)\Ecole 2020 - 2021\UE_SystemesEmbarques\PrograEmbarque\ProgEmb_Tetris_App\src\oled.c
                  get_XYZ   0x0041c8    program     extern D:\geoff\OneDrive - Haute Ecole Bruxelles Brabant (HE2B)\Ecole 2020 - 2021\UE_SystemesEmbarques\PrograEmbarque\ProgEmb_Tetris_App\src\Tetris_BMA150.c
                  isdigit   0x005614    program     extern C:\MCC18\src\traditional\stdclib\isdigit.asm
                     jEnd   0x00558c    program     static C:\MCC18\src\traditional\stdclib\slenpgm.asm
                     jEnd   0x005554    program     static C:\MCC18\src\traditional\stdclib\strlen.asm
                    jLoop   0x005574    program     static C:\MCC18\src\traditional\stdclib\slenpgm.asm
                    jLoop   0x00554a    program     static C:\MCC18\src\traditional\stdclib\strlen.asm
                   jMatch   0x005634    program     static C:\MCC18\src\traditional\stdclib\isdigit.asm
                 jNoMatch   0x005636    program     static C:\MCC18\src\traditional\stdclib\isdigit.asm
                     loop   0x005648    program     static                          
                     loop   0x0055ae    program     static                          
                     loop   0x0055f2    program     static                          
                     loop   0x005664    program     static C:\MCC18\src\pmc_common\USART\_usartpc.asm
          mTouchCalibrate   0x004b78    program     extern D:\geoff\OneDrive - Haute Ecole Bruxelles Brabant (HE2B)\Ecole 2020 - 2021\UE_SystemesEmbarques\PrograEmbarque\ProgEmb_Tetris_App\src\mtouch.c
               mTouchInit   0x004aa2    program     extern D:\geoff\OneDrive - Haute Ecole Bruxelles Brabant (HE2B)\Ecole 2020 - 2021\UE_SystemesEmbarques\PrograEmbarque\ProgEmb_Tetris_App\src\mtouch.c
         mTouchReadButton   0x004aa8    program     extern D:\geoff\OneDrive - Haute Ecole Bruxelles Brabant (HE2B)\Ecole 2020 - 2021\UE_SystemesEmbarques\PrograEmbarque\ProgEmb_Tetris_App\src\mtouch.c
                     main   0x0041c0    program     extern D:\geoff\OneDrive - Haute Ecole Bruxelles Brabant (HE2B)\Ecole 2020 - 2021\UE_SystemesEmbarques\PrograEmbarque\ProgEmb_Tetris_App\main.c
                 moveDown   0x001b44    program     extern D:\geoff\OneDrive - Haute Ecole Bruxelles Brabant (HE2B)\Ecole 2020 - 2021\UE_SystemesEmbarques\PrograEmbarque\ProgEmb_Tetris_App\src\Tetris_PIC18.c
                 moveLeft   0x001f14    program     extern D:\geoff\OneDrive - Haute Ecole Bruxelles Brabant (HE2B)\Ecole 2020 - 2021\UE_SystemesEmbarques\PrograEmbarque\ProgEmb_Tetris_App\src\Tetris_PIC18.c
                moveRight   0x001e92    program     extern D:\geoff\OneDrive - Haute Ecole Bruxelles Brabant (HE2B)\Ecole 2020 - 2021\UE_SystemesEmbarques\PrograEmbarque\ProgEmb_Tetris_App\src\Tetris_PIC18.c
             oledPutImage   0x003b1c    program     extern D:\geoff\OneDrive - Haute Ecole Bruxelles Brabant (HE2B)\Ecole 2020 - 2021\UE_SystemesEmbarques\PrograEmbarque\ProgEmb_Tetris_App\src\oled.c
         oledPutNegString   0x003ab2    program     extern D:\geoff\OneDrive - Haute Ecole Bruxelles Brabant (HE2B)\Ecole 2020 - 2021\UE_SystemesEmbarques\PrograEmbarque\ProgEmb_Tetris_App\src\oled.c
      oledPutROMNegString   0x0039da    program     extern D:\geoff\OneDrive - Haute Ecole Bruxelles Brabant (HE2B)\Ecole 2020 - 2021\UE_SystemesEmbarques\PrograEmbarque\ProgEmb_Tetris_App\src\oled.c
         oledPutROMString   0x00396c    program     extern D:\geoff\OneDrive - Haute Ecole Bruxelles Brabant (HE2B)\Ecole 2020 - 2021\UE_SystemesEmbarques\PrograEmbarque\ProgEmb_Tetris_App\src\oled.c
            oledPutString   0x003a48    program     extern D:\geoff\OneDrive - Haute Ecole Bruxelles Brabant (HE2B)\Ecole 2020 - 2021\UE_SystemesEmbarques\PrograEmbarque\ProgEmb_Tetris_App\src\oled.c
          oledWriteChar1x   0x00367c    program     extern D:\geoff\OneDrive - Haute Ecole Bruxelles Brabant (HE2B)\Ecole 2020 - 2021\UE_SystemesEmbarques\PrograEmbarque\ProgEmb_Tetris_App\src\oled.c
       oledWriteNegChar1x   0x0037f4    program     extern D:\geoff\OneDrive - Haute Ecole Bruxelles Brabant (HE2B)\Ecole 2020 - 2021\UE_SystemesEmbarques\PrograEmbarque\ProgEmb_Tetris_App\src\oled.c
                     putc   0x005446    program     extern C:\MCC18\src\traditional\stdclib\putc.c
                 s_digits   0x005670    program     static C:\MCC18\src\traditional\stdclib\vfprintf.c
            s_put_n_chars   0x0027c4    program     static C:\MCC18\src\traditional\stdclib\vfprintf.c
                setFigure   0x001f96    program     extern D:\geoff\OneDrive - Haute Ecole Bruxelles Brabant (HE2B)\Ecole 2020 - 2021\UE_SystemesEmbarques\PrograEmbarque\ProgEmb_Tetris_App\src\Tetris_PIC18.c
                  sprintf   0x005256    program     extern C:\MCC18\src\traditional\stdclib\sprintf.c
                     stop   0x0022fc    program     extern D:\geoff\OneDrive - Haute Ecole Bruxelles Brabant (HE2B)\Ecole 2020 - 2021\UE_SystemesEmbarques\PrograEmbarque\ProgEmb_Tetris_App\src\Tetris_PIC18.c
                   strlen   0x00553a    program     extern C:\MCC18\src\traditional\stdclib\strlen.asm
                strlenpgm   0x005556    program     extern C:\MCC18\src\traditional\stdclib\slenpgm.asm
           tb_uc_GameOver   0x000844    program     extern D:\geoff\OneDrive - Haute Ecole Bruxelles Brabant (HE2B)\Ecole 2020 - 2021\UE_SystemesEmbarques\PrograEmbarque\ProgEmb_Tetris_App\src\ArraysImages.c
               tb_uc_LOGO   0x000044    program     extern D:\geoff\OneDrive - Haute Ecole Bruxelles Brabant (HE2B)\Ecole 2020 - 2021\UE_SystemesEmbarques\PrograEmbarque\ProgEmb_Tetris_App\src\ArraysImages.c
         tb_uc_PressStart   0x001044    program     extern D:\geoff\OneDrive - Haute Ecole Bruxelles Brabant (HE2B)\Ecole 2020 - 2021\UE_SystemesEmbarques\PrograEmbarque\ProgEmb_Tetris_App\src\ArraysImages.c
                     test   0x0053c2    program     static                          
                 vfprintf   0x0027f0    program     extern C:\MCC18\src\traditional\stdclib\vfprintf.c
                   ADCON0   0x000fc2       data     extern C:\MCC18\src\traditional\proc\p18F46J50.asm
               ADCON0bits   0x000fc2       data     extern C:\MCC18\src\traditional\proc\p18F46J50.asm
                   ADCON1   0x000fc1       data     extern C:\MCC18\src\traditional\proc\p18F46J50.asm
               ADCON1bits   0x000fc1       data     extern C:\MCC18\src\traditional\proc\p18F46J50.asm
                    ADRES   0x000fc3       data     extern C:\MCC18\src\traditional\proc\p18F46J50.asm
                   ADRESH   0x000fc4       data     extern C:\MCC18\src\traditional\proc\p18F46J50.asm
                   ADRESL   0x000fc3       data     extern C:\MCC18\src\traditional\proc\p18F46J50.asm
                  ALRMCFG   0x000f91       data     extern C:\MCC18\src\traditional\proc\p18F46J50.asm
              ALRMCFGbits   0x000f91       data     extern C:\MCC18\src\traditional\proc\p18F46J50.asm
                  ALRMRPT   0x000f90       data     extern C:\MCC18\src\traditional\proc\p18F46J50.asm
              ALRMRPTbits   0x000f90       data     extern C:\MCC18\src\traditional\proc\p18F46J50.asm
                 ALRMVALH   0x000f8f       data     extern C:\MCC18\src\traditional\proc\p18F46J50.asm
                 ALRMVALL   0x000f8e       data     extern C:\MCC18\src\traditional\proc\p18F46J50.asm
                   ANCON0   0x000f48       data     extern C:\MCC18\src\traditional\proc\p18F46J50.asm
               ANCON0bits   0x000f48       data     extern C:\MCC18\src\traditional\proc\p18F46J50.asm
                   ANCON1   0x000f49       data     extern C:\MCC18\src\traditional\proc\p18F46J50.asm
               ANCON1bits   0x000f49       data     extern C:\MCC18\src\traditional\proc\p18F46J50.asm
                  BAUDCON   0x000f7e       data     extern C:\MCC18\src\traditional\proc\p18F46J50.asm
                 BAUDCON1   0x000f7e       data     extern C:\MCC18\src\traditional\proc\p18F46J50.asm
             BAUDCON1bits   0x000f7e       data     extern C:\MCC18\src\traditional\proc\p18F46J50.asm
                 BAUDCON2   0x000f7c       data     extern C:\MCC18\src\traditional\proc\p18F46J50.asm
             BAUDCON2bits   0x000f7c       data     extern C:\MCC18\src\traditional\proc\p18F46J50.asm
              BAUDCONbits   0x000f7e       data     extern C:\MCC18\src\traditional\proc\p18F46J50.asm
                  BAUDCTL   0x000f7e       data     extern C:\MCC18\src\traditional\proc\p18F46J50.asm
              BAUDCTLbits   0x000f7e       data     extern C:\MCC18\src\traditional\proc\p18F46J50.asm
                      BSR   0x000fe0       data     extern C:\MCC18\src\traditional\proc\p18F46J50.asm
                   Blocks   0x000e00       data     extern D:\geoff\OneDrive - Haute Ecole Bruxelles Brabant (HE2B)\Ecole 2020 - 2021\UE_SystemesEmbarques\PrograEmbarque\ProgEmb_Tetris_App\src\Tetris_Pieces.c
                  CCP1CON   0x000fba       data     extern C:\MCC18\src\traditional\proc\p18F46J50.asm
              CCP1CONbits   0x000fba       data     extern C:\MCC18\src\traditional\proc\p18F46J50.asm
                  CCP2CON   0x000fb4       data     extern C:\MCC18\src\traditional\proc\p18F46J50.asm
              CCP2CONbits   0x000fb4       data     extern C:\MCC18\src\traditional\proc\p18F46J50.asm
                    CCPR1   0x000fbb       data     extern C:\MCC18\src\traditional\proc\p18F46J50.asm
                   CCPR1H   0x000fbc       data     extern C:\MCC18\src\traditional\proc\p18F46J50.asm
                   CCPR1L   0x000fbb       data     extern C:\MCC18\src\traditional\proc\p18F46J50.asm
                    CCPR2   0x000fb5       data     extern C:\MCC18\src\traditional\proc\p18F46J50.asm
                   CCPR2H   0x000fb6       data     extern C:\MCC18\src\traditional\proc\p18F46J50.asm
                   CCPR2L   0x000fb5       data     extern C:\MCC18\src\traditional\proc\p18F46J50.asm
                   CM1CON   0x000fd2       data     extern C:\MCC18\src\traditional\proc\p18F46J50.asm
                  CM1CON1   0x000fd2       data     extern C:\MCC18\src\traditional\proc\p18F46J50.asm
              CM1CON1bits   0x000fd2       data     extern C:\MCC18\src\traditional\proc\p18F46J50.asm
               CM1CONbits   0x000fd2       data     extern C:\MCC18\src\traditional\proc\p18F46J50.asm
                   CM2CON   0x000fd1       data     extern C:\MCC18\src\traditional\proc\p18F46J50.asm
                  CM2CON1   0x000fd1       data     extern C:\MCC18\src\traditional\proc\p18F46J50.asm
              CM2CON1bits   0x000fd1       data     extern C:\MCC18\src\traditional\proc\p18F46J50.asm
               CM2CONbits   0x000fd1       data     extern C:\MCC18\src\traditional\proc\p18F46J50.asm
                   CMSTAT   0x000f70       data     extern C:\MCC18\src\traditional\proc\p18F46J50.asm
                 CMSTATUS   0x000f70       data     extern C:\MCC18\src\traditional\proc\p18F46J50.asm
             CMSTATUSbits   0x000f70       data     extern C:\MCC18\src\traditional\proc\p18F46J50.asm
               CMSTATbits   0x000f70       data     extern C:\MCC18\src\traditional\proc\p18F46J50.asm
                 CTMUCONH   0x000fb3       data     extern C:\MCC18\src\traditional\proc\p18F46J50.asm
             CTMUCONHbits   0x000fb3       data     extern C:\MCC18\src\traditional\proc\p18F46J50.asm
                 CTMUCONL   0x000fb2       data     extern C:\MCC18\src\traditional\proc\p18F46J50.asm
             CTMUCONLbits   0x000fb2       data     extern C:\MCC18\src\traditional\proc\p18F46J50.asm
                 CTMUICON   0x000fb1       data     extern C:\MCC18\src\traditional\proc\p18F46J50.asm
             CTMUICONbits   0x000fb1       data     extern C:\MCC18\src\traditional\proc\p18F46J50.asm
                   CVRCON   0x000f53       data     extern C:\MCC18\src\traditional\proc\p18F46J50.asm
               CVRCONbits   0x000f53       data     extern C:\MCC18\src\traditional\proc\p18F46J50.asm
                   DMABCH   0x000f66       data     extern C:\MCC18\src\traditional\proc\p18F46J50.asm
               DMABCHbits   0x000f66       data     extern C:\MCC18\src\traditional\proc\p18F46J50.asm
                   DMABCL   0x000f67       data     extern C:\MCC18\src\traditional\proc\p18F46J50.asm
                  DMACON1   0x000f88       data     extern C:\MCC18\src\traditional\proc\p18F46J50.asm
              DMACON1bits   0x000f88       data     extern C:\MCC18\src\traditional\proc\p18F46J50.asm
                  DMACON2   0x000f86       data     extern C:\MCC18\src\traditional\proc\p18F46J50.asm
              DMACON2bits   0x000f86       data     extern C:\MCC18\src\traditional\proc\p18F46J50.asm
                   DSCONH   0x000f4d       data     extern C:\MCC18\src\traditional\proc\p18F46J50.asm
               DSCONHbits   0x000f4d       data     extern C:\MCC18\src\traditional\proc\p18F46J50.asm
                   DSCONL   0x000f4c       data     extern C:\MCC18\src\traditional\proc\p18F46J50.asm
               DSCONLbits   0x000f4c       data     extern C:\MCC18\src\traditional\proc\p18F46J50.asm
                   DSGPR0   0x000f4e       data     extern C:\MCC18\src\traditional\proc\p18F46J50.asm
                   DSGPR1   0x000f4f       data     extern C:\MCC18\src\traditional\proc\p18F46J50.asm
                  DSWAKEH   0x000f4b       data     extern C:\MCC18\src\traditional\proc\p18F46J50.asm
              DSWAKEHbits   0x000f4b       data     extern C:\MCC18\src\traditional\proc\p18F46J50.asm
                  DSWAKEL   0x000f4a       data     extern C:\MCC18\src\traditional\proc\p18F46J50.asm
              DSWAKELbits   0x000f4a       data     extern C:\MCC18\src\traditional\proc\p18F46J50.asm
                  ECCP1AS   0x000fbe       data     extern C:\MCC18\src\traditional\proc\p18F46J50.asm
              ECCP1ASbits   0x000fbe       data     extern C:\MCC18\src\traditional\proc\p18F46J50.asm
                 ECCP1CON   0x000fba       data     extern C:\MCC18\src\traditional\proc\p18F46J50.asm
             ECCP1CONbits   0x000fba       data     extern C:\MCC18\src\traditional\proc\p18F46J50.asm
                 ECCP1DEL   0x000fbd       data     extern C:\MCC18\src\traditional\proc\p18F46J50.asm
             ECCP1DELbits   0x000fbd       data     extern C:\MCC18\src\traditional\proc\p18F46J50.asm
                  ECCP2AS   0x000fb8       data     extern C:\MCC18\src\traditional\proc\p18F46J50.asm
              ECCP2ASbits   0x000fb8       data     extern C:\MCC18\src\traditional\proc\p18F46J50.asm
                 ECCP2CON   0x000fb4       data     extern C:\MCC18\src\traditional\proc\p18F46J50.asm
             ECCP2CONbits   0x000fb4       data     extern C:\MCC18\src\traditional\proc\p18F46J50.asm
                 ECCP2DEL   0x000fb7       data     extern C:\MCC18\src\traditional\proc\p18F46J50.asm
             ECCP2DELbits   0x000fb7       data     extern C:\MCC18\src\traditional\proc\p18F46J50.asm
                   EECON1   0x000fa6       data     extern C:\MCC18\src\traditional\proc\p18F46J50.asm
               EECON1bits   0x000fa6       data     extern C:\MCC18\src\traditional\proc\p18F46J50.asm
                   EECON2   0x000fa7       data     extern C:\MCC18\src\traditional\proc\p18F46J50.asm
                     FSR0   0x000fe9       data     extern C:\MCC18\src\traditional\proc\p18F46J50.asm
                    FSR0H   0x000fea       data     extern C:\MCC18\src\traditional\proc\p18F46J50.asm
                    FSR0L   0x000fe9       data     extern C:\MCC18\src\traditional\proc\p18F46J50.asm
                     FSR1   0x000fe1       data     extern C:\MCC18\src\traditional\proc\p18F46J50.asm
                    FSR1H   0x000fe2       data     extern C:\MCC18\src\traditional\proc\p18F46J50.asm
                    FSR1L   0x000fe1       data     extern C:\MCC18\src\traditional\proc\p18F46J50.asm
                     FSR2   0x000fd9       data     extern C:\MCC18\src\traditional\proc\p18F46J50.asm
                    FSR2H   0x000fda       data     extern C:\MCC18\src\traditional\proc\p18F46J50.asm
                    FSR2L   0x000fd9       data     extern C:\MCC18\src\traditional\proc\p18F46J50.asm
                  HLVDCON   0x000f85       data     extern C:\MCC18\src\traditional\proc\p18F46J50.asm
              HLVDCONbits   0x000f85       data     extern C:\MCC18\src\traditional\proc\p18F46J50.asm
                    INDF0   0x000fef       data     extern C:\MCC18\src\traditional\proc\p18F46J50.asm
                    INDF1   0x000fe7       data     extern C:\MCC18\src\traditional\proc\p18F46J50.asm
                    INDF2   0x000fdf       data     extern C:\MCC18\src\traditional\proc\p18F46J50.asm
                   INTCON   0x000ff2       data     extern C:\MCC18\src\traditional\proc\p18F46J50.asm
                  INTCON2   0x000ff1       data     extern C:\MCC18\src\traditional\proc\p18F46J50.asm
              INTCON2bits   0x000ff1       data     extern C:\MCC18\src\traditional\proc\p18F46J50.asm
                  INTCON3   0x000ff0       data     extern C:\MCC18\src\traditional\proc\p18F46J50.asm
              INTCON3bits   0x000ff0       data     extern C:\MCC18\src\traditional\proc\p18F46J50.asm
               INTCONbits   0x000ff2       data     extern C:\MCC18\src\traditional\proc\p18F46J50.asm
                     IPR1   0x000f9f       data     extern C:\MCC18\src\traditional\proc\p18F46J50.asm
                 IPR1bits   0x000f9f       data     extern C:\MCC18\src\traditional\proc\p18F46J50.asm
                     IPR2   0x000fa2       data     extern C:\MCC18\src\traditional\proc\p18F46J50.asm
                 IPR2bits   0x000fa2       data     extern C:\MCC18\src\traditional\proc\p18F46J50.asm
                     IPR3   0x000fa5       data     extern C:\MCC18\src\traditional\proc\p18F46J50.asm
                 IPR3bits   0x000fa5       data     extern C:\MCC18\src\traditional\proc\p18F46J50.asm
                     LATA   0x000f89       data     extern C:\MCC18\src\traditional\proc\p18F46J50.asm
                 LATAbits   0x000f89       data     extern C:\MCC18\src\traditional\proc\p18F46J50.asm
                     LATB   0x000f8a       data     extern C:\MCC18\src\traditional\proc\p18F46J50.asm
                 LATBbits   0x000f8a       data     extern C:\MCC18\src\traditional\proc\p18F46J50.asm
                     LATC   0x000f8b       data     extern C:\MCC18\src\traditional\proc\p18F46J50.asm
                 LATCbits   0x000f8b       data     extern C:\MCC18\src\traditional\proc\p18F46J50.asm
                     LATD   0x000f8c       data     extern C:\MCC18\src\traditional\proc\p18F46J50.asm
                 LATDbits   0x000f8c       data     extern C:\MCC18\src\traditional\proc\p18F46J50.asm
                     LATE   0x000f8d       data     extern C:\MCC18\src\traditional\proc\p18F46J50.asm
                 LATEbits   0x000f8d       data     extern C:\MCC18\src\traditional\proc\p18F46J50.asm
                   ODCON1   0x000f42       data     extern C:\MCC18\src\traditional\proc\p18F46J50.asm
               ODCON1bits   0x000f42       data     extern C:\MCC18\src\traditional\proc\p18F46J50.asm
                   ODCON2   0x000f41       data     extern C:\MCC18\src\traditional\proc\p18F46J50.asm
               ODCON2bits   0x000f41       data     extern C:\MCC18\src\traditional\proc\p18F46J50.asm
                   ODCON3   0x000f40       data     extern C:\MCC18\src\traditional\proc\p18F46J50.asm
               ODCON3bits   0x000f40       data     extern C:\MCC18\src\traditional\proc\p18F46J50.asm
                   OSCCON   0x000fd3       data     extern C:\MCC18\src\traditional\proc\p18F46J50.asm
               OSCCONbits   0x000fd3       data     extern C:\MCC18\src\traditional\proc\p18F46J50.asm
                  OSCTUNE   0x000f9b       data     extern C:\MCC18\src\traditional\proc\p18F46J50.asm
              OSCTUNEbits   0x000f9b       data     extern C:\MCC18\src\traditional\proc\p18F46J50.asm
                  PADCFG1   0x000f3c       data     extern C:\MCC18\src\traditional\proc\p18F46J50.asm
              PADCFG1bits   0x000f3c       data     extern C:\MCC18\src\traditional\proc\p18F46J50.asm
                       PC   0x000ff9       data     extern C:\MCC18\src\traditional\proc\p18F46J50.asm
                      PCL   0x000ff9       data     extern C:\MCC18\src\traditional\proc\p18F46J50.asm
                   PCLATH   0x000ffa       data     extern C:\MCC18\src\traditional\proc\p18F46J50.asm
                   PCLATU   0x000ffb       data     extern C:\MCC18\src\traditional\proc\p18F46J50.asm
                     PIE1   0x000f9d       data     extern C:\MCC18\src\traditional\proc\p18F46J50.asm
                 PIE1bits   0x000f9d       data     extern C:\MCC18\src\traditional\proc\p18F46J50.asm
                     PIE2   0x000fa0       data     extern C:\MCC18\src\traditional\proc\p18F46J50.asm
                 PIE2bits   0x000fa0       data     extern C:\MCC18\src\traditional\proc\p18F46J50.asm
                     PIE3   0x000fa3       data     extern C:\MCC18\src\traditional\proc\p18F46J50.asm
                 PIE3bits   0x000fa3       data     extern C:\MCC18\src\traditional\proc\p18F46J50.asm
                     PIR1   0x000f9e       data     extern C:\MCC18\src\traditional\proc\p18F46J50.asm
                 PIR1bits   0x000f9e       data     extern C:\MCC18\src\traditional\proc\p18F46J50.asm
                     PIR2   0x000fa1       data     extern C:\MCC18\src\traditional\proc\p18F46J50.asm
                 PIR2bits   0x000fa1       data     extern C:\MCC18\src\traditional\proc\p18F46J50.asm
                     PIR3   0x000fa4       data     extern C:\MCC18\src\traditional\proc\p18F46J50.asm
                 PIR3bits   0x000fa4       data     extern C:\MCC18\src\traditional\proc\p18F46J50.asm
                   PLUSW0   0x000feb       data     extern C:\MCC18\src\traditional\proc\p18F46J50.asm
                   PLUSW1   0x000fe3       data     extern C:\MCC18\src\traditional\proc\p18F46J50.asm
                   PLUSW2   0x000fdb       data     extern C:\MCC18\src\traditional\proc\p18F46J50.asm
                  PMADDRH   0x000f6f       data     extern C:\MCC18\src\traditional\proc\p18F46J50.asm
              PMADDRHbits   0x000f6f       data     extern C:\MCC18\src\traditional\proc\p18F46J50.asm
                  PMADDRL   0x000f6e       data     extern C:\MCC18\src\traditional\proc\p18F46J50.asm
                   PMCONH   0x000f5f       data     extern C:\MCC18\src\traditional\proc\p18F46J50.asm
               PMCONHbits   0x000f5f       data     extern C:\MCC18\src\traditional\proc\p18F46J50.asm
                   PMCONL   0x000f5e       data     extern C:\MCC18\src\traditional\proc\p18F46J50.asm
               PMCONLbits   0x000f5e       data     extern C:\MCC18\src\traditional\proc\p18F46J50.asm
                  PMDIN1H   0x000f6d       data     extern C:\MCC18\src\traditional\proc\p18F46J50.asm
                  PMDIN1L   0x000f6c       data     extern C:\MCC18\src\traditional\proc\p18F46J50.asm
                  PMDIN2H   0x000f59       data     extern C:\MCC18\src\traditional\proc\p18F46J50.asm
                  PMDIN2L   0x000f58       data     extern C:\MCC18\src\traditional\proc\p18F46J50.asm
                 PMDOUT1H   0x000f6f       data     extern C:\MCC18\src\traditional\proc\p18F46J50.asm
                 PMDOUT1L   0x000f6e       data     extern C:\MCC18\src\traditional\proc\p18F46J50.asm
                 PMDOUT2H   0x000f5b       data     extern C:\MCC18\src\traditional\proc\p18F46J50.asm
                 PMDOUT2L   0x000f5a       data     extern C:\MCC18\src\traditional\proc\p18F46J50.asm
                     PMEH   0x000f57       data     extern C:\MCC18\src\traditional\proc\p18F46J50.asm
                 PMEHbits   0x000f57       data     extern C:\MCC18\src\traditional\proc\p18F46J50.asm
                     PMEL   0x000f56       data     extern C:\MCC18\src\traditional\proc\p18F46J50.asm
                 PMELbits   0x000f56       data     extern C:\MCC18\src\traditional\proc\p18F46J50.asm
                  PMMODEH   0x000f5d       data     extern C:\MCC18\src\traditional\proc\p18F46J50.asm
              PMMODEHbits   0x000f5d       data     extern C:\MCC18\src\traditional\proc\p18F46J50.asm
                  PMMODEL   0x000f5c       data     extern C:\MCC18\src\traditional\proc\p18F46J50.asm
              PMMODELbits   0x000f5c       data     extern C:\MCC18\src\traditional\proc\p18F46J50.asm
                  PMSTATH   0x000f55       data     extern C:\MCC18\src\traditional\proc\p18F46J50.asm
              PMSTATHbits   0x000f55       data     extern C:\MCC18\src\traditional\proc\p18F46J50.asm
                  PMSTATL   0x000f54       data     extern C:\MCC18\src\traditional\proc\p18F46J50.asm
              PMSTATLbits   0x000f54       data     extern C:\MCC18\src\traditional\proc\p18F46J50.asm
                    PORTA   0x000f80       data     extern C:\MCC18\src\traditional\proc\p18F46J50.asm
                PORTAbits   0x000f80       data     extern C:\MCC18\src\traditional\proc\p18F46J50.asm
                    PORTB   0x000f81       data     extern C:\MCC18\src\traditional\proc\p18F46J50.asm
                PORTBbits   0x000f81       data     extern C:\MCC18\src\traditional\proc\p18F46J50.asm
                    PORTC   0x000f82       data     extern C:\MCC18\src\traditional\proc\p18F46J50.asm
                PORTCbits   0x000f82       data     extern C:\MCC18\src\traditional\proc\p18F46J50.asm
                    PORTD   0x000f83       data     extern C:\MCC18\src\traditional\proc\p18F46J50.asm
                PORTDbits   0x000f83       data     extern C:\MCC18\src\traditional\proc\p18F46J50.asm
                    PORTE   0x000f84       data     extern C:\MCC18\src\traditional\proc\p18F46J50.asm
                PORTEbits   0x000f84       data     extern C:\MCC18\src\traditional\proc\p18F46J50.asm
                 POSTDEC0   0x000fed       data     extern C:\MCC18\src\traditional\proc\p18F46J50.asm
                 POSTDEC1   0x000fe5       data     extern C:\MCC18\src\traditional\proc\p18F46J50.asm
                 POSTDEC2   0x000fdd       data     extern C:\MCC18\src\traditional\proc\p18F46J50.asm
                 POSTINC0   0x000fee       data     extern C:\MCC18\src\traditional\proc\p18F46J50.asm
                 POSTINC1   0x000fe6       data     extern C:\MCC18\src\traditional\proc\p18F46J50.asm
                 POSTINC2   0x000fde       data     extern C:\MCC18\src\traditional\proc\p18F46J50.asm
                   PPSCON   0x000eff       data     extern C:\MCC18\src\traditional\proc\p18F46J50.asm
               PPSCONbits   0x000eff       data     extern C:\MCC18\src\traditional\proc\p18F46J50.asm
                      PR2   0x000fcb       data     extern C:\MCC18\src\traditional\proc\p18F46J50.asm
                      PR4   0x000f77       data     extern C:\MCC18\src\traditional\proc\p18F46J50.asm
                  PREINC0   0x000fec       data     extern C:\MCC18\src\traditional\proc\p18F46J50.asm
                  PREINC1   0x000fe4       data     extern C:\MCC18\src\traditional\proc\p18F46J50.asm
                  PREINC2   0x000fdc       data     extern C:\MCC18\src\traditional\proc\p18F46J50.asm
                     PROD   0x000ff3       data     extern C:\MCC18\src\traditional\proc\p18F46J50.asm
                    PRODH   0x000ff4       data     extern C:\MCC18\src\traditional\proc\p18F46J50.asm
                    PRODL   0x000ff3       data     extern C:\MCC18\src\traditional\proc\p18F46J50.asm
                 PSTR1CON   0x000fbf       data     extern C:\MCC18\src\traditional\proc\p18F46J50.asm
             PSTR1CONbits   0x000fbf       data     extern C:\MCC18\src\traditional\proc\p18F46J50.asm
                 PSTR2CON   0x000fb9       data     extern C:\MCC18\src\traditional\proc\p18F46J50.asm
             PSTR2CONbits   0x000fb9       data     extern C:\MCC18\src\traditional\proc\p18F46J50.asm
                  PWM1CON   0x000fbd       data     extern C:\MCC18\src\traditional\proc\p18F46J50.asm
              PWM1CONbits   0x000fbd       data     extern C:\MCC18\src\traditional\proc\p18F46J50.asm
                  PWM2CON   0x000fb7       data     extern C:\MCC18\src\traditional\proc\p18F46J50.asm
              PWM2CONbits   0x000fb7       data     extern C:\MCC18\src\traditional\proc\p18F46J50.asm
                     RCON   0x000fd0       data     extern C:\MCC18\src\traditional\proc\p18F46J50.asm
                 RCONbits   0x000fd0       data     extern C:\MCC18\src\traditional\proc\p18F46J50.asm
                    RCREG   0x000faf       data     extern C:\MCC18\src\traditional\proc\p18F46J50.asm
                   RCREG1   0x000faf       data     extern C:\MCC18\src\traditional\proc\p18F46J50.asm
                   RCREG2   0x000faa       data     extern C:\MCC18\src\traditional\proc\p18F46J50.asm
                    RCSTA   0x000fac       data     extern C:\MCC18\src\traditional\proc\p18F46J50.asm
                   RCSTA1   0x000fac       data     extern C:\MCC18\src\traditional\proc\p18F46J50.asm
               RCSTA1bits   0x000fac       data     extern C:\MCC18\src\traditional\proc\p18F46J50.asm
                   RCSTA2   0x000f9c       data     extern C:\MCC18\src\traditional\proc\p18F46J50.asm
               RCSTA2bits   0x000f9c       data     extern C:\MCC18\src\traditional\proc\p18F46J50.asm
                RCSTAbits   0x000fac       data     extern C:\MCC18\src\traditional\proc\p18F46J50.asm
                  REFOCON   0x000f3d       data     extern C:\MCC18\src\traditional\proc\p18F46J50.asm
              REFOCONbits   0x000f3d       data     extern C:\MCC18\src\traditional\proc\p18F46J50.asm
                   RPINR1   0x000ee7       data     extern C:\MCC18\src\traditional\proc\p18F46J50.asm
                  RPINR12   0x000ef2       data     extern C:\MCC18\src\traditional\proc\p18F46J50.asm
                  RPINR13   0x000ef3       data     extern C:\MCC18\src\traditional\proc\p18F46J50.asm
                  RPINR16   0x000ef6       data     extern C:\MCC18\src\traditional\proc\p18F46J50.asm
                  RPINR17   0x000ef7       data     extern C:\MCC18\src\traditional\proc\p18F46J50.asm
                   RPINR2   0x000ee8       data     extern C:\MCC18\src\traditional\proc\p18F46J50.asm
                  RPINR21   0x000efb       data     extern C:\MCC18\src\traditional\proc\p18F46J50.asm
                  RPINR22   0x000efc       data     extern C:\MCC18\src\traditional\proc\p18F46J50.asm
                  RPINR23   0x000efd       data     extern C:\MCC18\src\traditional\proc\p18F46J50.asm
                  RPINR24   0x000efe       data     extern C:\MCC18\src\traditional\proc\p18F46J50.asm
                   RPINR3   0x000ee9       data     extern C:\MCC18\src\traditional\proc\p18F46J50.asm
                   RPINR4   0x000eea       data     extern C:\MCC18\src\traditional\proc\p18F46J50.asm
                   RPINR6   0x000eec       data     extern C:\MCC18\src\traditional\proc\p18F46J50.asm
                   RPINR7   0x000eed       data     extern C:\MCC18\src\traditional\proc\p18F46J50.asm
                   RPINR8   0x000eee       data     extern C:\MCC18\src\traditional\proc\p18F46J50.asm
                    RPOR0   0x000ec6       data     extern C:\MCC18\src\traditional\proc\p18F46J50.asm
                    RPOR1   0x000ec7       data     extern C:\MCC18\src\traditional\proc\p18F46J50.asm
                   RPOR10   0x000ed0       data     extern C:\MCC18\src\traditional\proc\p18F46J50.asm
                   RPOR11   0x000ed1       data     extern C:\MCC18\src\traditional\proc\p18F46J50.asm
                   RPOR12   0x000ed2       data     extern C:\MCC18\src\traditional\proc\p18F46J50.asm
                   RPOR13   0x000ed3       data     extern C:\MCC18\src\traditional\proc\p18F46J50.asm
                   RPOR17   0x000ed7       data     extern C:\MCC18\src\traditional\proc\p18F46J50.asm
                   RPOR18   0x000ed8       data     extern C:\MCC18\src\traditional\proc\p18F46J50.asm
                   RPOR19   0x000ed9       data     extern C:\MCC18\src\traditional\proc\p18F46J50.asm
                    RPOR2   0x000ec8       data     extern C:\MCC18\src\traditional\proc\p18F46J50.asm
                   RPOR20   0x000eda       data     extern C:\MCC18\src\traditional\proc\p18F46J50.asm
                   RPOR21   0x000edb       data     extern C:\MCC18\src\traditional\proc\p18F46J50.asm
                   RPOR22   0x000edc       data     extern C:\MCC18\src\traditional\proc\p18F46J50.asm
                   RPOR23   0x000edd       data     extern C:\MCC18\src\traditional\proc\p18F46J50.asm
                   RPOR24   0x000ede       data     extern C:\MCC18\src\traditional\proc\p18F46J50.asm
                    RPOR3   0x000ec9       data     extern C:\MCC18\src\traditional\proc\p18F46J50.asm
                    RPOR4   0x000eca       data     extern C:\MCC18\src\traditional\proc\p18F46J50.asm
                    RPOR5   0x000ecb       data     extern C:\MCC18\src\traditional\proc\p18F46J50.asm
                    RPOR6   0x000ecc       data     extern C:\MCC18\src\traditional\proc\p18F46J50.asm
                    RPOR7   0x000ecd       data     extern C:\MCC18\src\traditional\proc\p18F46J50.asm
                    RPOR8   0x000ece       data     extern C:\MCC18\src\traditional\proc\p18F46J50.asm
                    RPOR9   0x000ecf       data     extern C:\MCC18\src\traditional\proc\p18F46J50.asm
                   RTCCAL   0x000f3e       data     extern C:\MCC18\src\traditional\proc\p18F46J50.asm
               RTCCALbits   0x000f3e       data     extern C:\MCC18\src\traditional\proc\p18F46J50.asm
                   RTCCFG   0x000f3f       data     extern C:\MCC18\src\traditional\proc\p18F46J50.asm
               RTCCFGbits   0x000f3f       data     extern C:\MCC18\src\traditional\proc\p18F46J50.asm
                  RTCVALH   0x000f99       data     extern C:\MCC18\src\traditional\proc\p18F46J50.asm
                  RTCVALL   0x000f98       data     extern C:\MCC18\src\traditional\proc\p18F46J50.asm
                  RXADDRH   0x000f68       data     extern C:\MCC18\src\traditional\proc\p18F46J50.asm
              RXADDRHbits   0x000f68       data     extern C:\MCC18\src\traditional\proc\p18F46J50.asm
                  RXADDRL   0x000f69       data     extern C:\MCC18\src\traditional\proc\p18F46J50.asm
                     SIGN   0x000000       data     extern C:\MCC18\src\traditional\math\cmath18.asm
                    SPBRG   0x000fb0       data     extern C:\MCC18\src\traditional\proc\p18F46J50.asm
                   SPBRG1   0x000fb0       data     extern C:\MCC18\src\traditional\proc\p18F46J50.asm
                   SPBRG2   0x000fab       data     extern C:\MCC18\src\traditional\proc\p18F46J50.asm
                   SPBRGH   0x000f7f       data     extern C:\MCC18\src\traditional\proc\p18F46J50.asm
                  SPBRGH1   0x000f7f       data     extern C:\MCC18\src\traditional\proc\p18F46J50.asm
                  SPBRGH2   0x000f7d       data     extern C:\MCC18\src\traditional\proc\p18F46J50.asm
                  SSP1ADD   0x000fc8       data     extern C:\MCC18\src\traditional\proc\p18F46J50.asm
              SSP1ADDbits   0x000fc8       data     extern C:\MCC18\src\traditional\proc\p18F46J50.asm
                  SSP1BUF   0x000fc9       data     extern C:\MCC18\src\traditional\proc\p18F46J50.asm
                 SSP1CON1   0x000fc6       data     extern C:\MCC18\src\traditional\proc\p18F46J50.asm
             SSP1CON1bits   0x000fc6       data     extern C:\MCC18\src\traditional\proc\p18F46J50.asm
                 SSP1CON2   0x000fc5       data     extern C:\MCC18\src\traditional\proc\p18F46J50.asm
             SSP1CON2bits   0x000fc5       data     extern C:\MCC18\src\traditional\proc\p18F46J50.asm
                 SSP1STAT   0x000fc7       data     extern C:\MCC18\src\traditional\proc\p18F46J50.asm
             SSP1STATbits   0x000fc7       data     extern C:\MCC18\src\traditional\proc\p18F46J50.asm
                  SSP2ADD   0x000f74       data     extern C:\MCC18\src\traditional\proc\p18F46J50.asm
              SSP2ADDbits   0x000f74       data     extern C:\MCC18\src\traditional\proc\p18F46J50.asm
                  SSP2BUF   0x000f75       data     extern C:\MCC18\src\traditional\proc\p18F46J50.asm
                 SSP2CON1   0x000f72       data     extern C:\MCC18\src\traditional\proc\p18F46J50.asm
             SSP2CON1bits   0x000f72       data     extern C:\MCC18\src\traditional\proc\p18F46J50.asm
                 SSP2CON2   0x000f71       data     extern C:\MCC18\src\traditional\proc\p18F46J50.asm
             SSP2CON2bits   0x000f71       data     extern C:\MCC18\src\traditional\proc\p18F46J50.asm
                 SSP2STAT   0x000f73       data     extern C:\MCC18\src\traditional\proc\p18F46J50.asm
             SSP2STATbits   0x000f73       data     extern C:\MCC18\src\traditional\proc\p18F46J50.asm
                   SSPADD   0x000fc8       data     extern C:\MCC18\src\traditional\proc\p18F46J50.asm
               SSPADDbits   0x000fc8       data     extern C:\MCC18\src\traditional\proc\p18F46J50.asm
                   SSPBUF   0x000fc9       data     extern C:\MCC18\src\traditional\proc\p18F46J50.asm
                  SSPCON1   0x000fc6       data     extern C:\MCC18\src\traditional\proc\p18F46J50.asm
              SSPCON1bits   0x000fc6       data     extern C:\MCC18\src\traditional\proc\p18F46J50.asm
                  SSPCON2   0x000fc5       data     extern C:\MCC18\src\traditional\proc\p18F46J50.asm
              SSPCON2bits   0x000fc5       data     extern C:\MCC18\src\traditional\proc\p18F46J50.asm
                  SSPSTAT   0x000fc7       data     extern C:\MCC18\src\traditional\proc\p18F46J50.asm
              SSPSTATbits   0x000fc7       data     extern C:\MCC18\src\traditional\proc\p18F46J50.asm
                   STATUS   0x000fd8       data     extern C:\MCC18\src\traditional\proc\p18F46J50.asm
               STATUSbits   0x000fd8       data     extern C:\MCC18\src\traditional\proc\p18F46J50.asm
                   STKPTR   0x000ffc       data     extern C:\MCC18\src\traditional\proc\p18F46J50.asm
               STKPTRbits   0x000ffc       data     extern C:\MCC18\src\traditional\proc\p18F46J50.asm
                    T0CON   0x000fd5       data     extern C:\MCC18\src\traditional\proc\p18F46J50.asm
                T0CONbits   0x000fd5       data     extern C:\MCC18\src\traditional\proc\p18F46J50.asm
                    T1CON   0x000fcd       data     extern C:\MCC18\src\traditional\proc\p18F46J50.asm
                T1CONbits   0x000fcd       data     extern C:\MCC18\src\traditional\proc\p18F46J50.asm
                   T1GCON   0x000f9a       data     extern C:\MCC18\src\traditional\proc\p18F46J50.asm
               T1GCONbits   0x000f9a       data     extern C:\MCC18\src\traditional\proc\p18F46J50.asm
                    T2CON   0x000fca       data     extern C:\MCC18\src\traditional\proc\p18F46J50.asm
                T2CONbits   0x000fca       data     extern C:\MCC18\src\traditional\proc\p18F46J50.asm
                    T3CON   0x000f79       data     extern C:\MCC18\src\traditional\proc\p18F46J50.asm
                T3CONbits   0x000f79       data     extern C:\MCC18\src\traditional\proc\p18F46J50.asm
                   T3GCON   0x000f97       data     extern C:\MCC18\src\traditional\proc\p18F46J50.asm
               T3GCONbits   0x000f97       data     extern C:\MCC18\src\traditional\proc\p18F46J50.asm
                    T4CON   0x000f76       data     extern C:\MCC18\src\traditional\proc\p18F46J50.asm
                T4CONbits   0x000f76       data     extern C:\MCC18\src\traditional\proc\p18F46J50.asm
                   TABLAT   0x000ff5       data     extern C:\MCC18\src\traditional\proc\p18F46J50.asm
                   TBLPTR   0x000ff6       data     extern C:\MCC18\src\traditional\proc\p18F46J50.asm
                  TBLPTRH   0x000ff7       data     extern C:\MCC18\src\traditional\proc\p18F46J50.asm
                  TBLPTRL   0x000ff6       data     extern C:\MCC18\src\traditional\proc\p18F46J50.asm
                  TBLPTRU   0x000ff8       data     extern C:\MCC18\src\traditional\proc\p18F46J50.asm
                  TCLKCON   0x000f52       data     extern C:\MCC18\src\traditional\proc\p18F46J50.asm
              TCLKCONbits   0x000f52       data     extern C:\MCC18\src\traditional\proc\p18F46J50.asm
                    TMR0H   0x000fd7       data     extern C:\MCC18\src\traditional\proc\p18F46J50.asm
                    TMR0L   0x000fd6       data     extern C:\MCC18\src\traditional\proc\p18F46J50.asm
                    TMR1H   0x000fcf       data     extern C:\MCC18\src\traditional\proc\p18F46J50.asm
                    TMR1L   0x000fce       data     extern C:\MCC18\src\traditional\proc\p18F46J50.asm
                     TMR2   0x000fcc       data     extern C:\MCC18\src\traditional\proc\p18F46J50.asm
                    TMR3H   0x000f7b       data     extern C:\MCC18\src\traditional\proc\p18F46J50.asm
                    TMR3L   0x000f7a       data     extern C:\MCC18\src\traditional\proc\p18F46J50.asm
                     TMR4   0x000f78       data     extern C:\MCC18\src\traditional\proc\p18F46J50.asm
                      TOS   0x000ffd       data     extern C:\MCC18\src\traditional\proc\p18F46J50.asm
                     TOSH   0x000ffe       data     extern C:\MCC18\src\traditional\proc\p18F46J50.asm
                     TOSL   0x000ffd       data     extern C:\MCC18\src\traditional\proc\p18F46J50.asm
                     TOSU   0x000fff       data     extern C:\MCC18\src\traditional\proc\p18F46J50.asm
                    TRISA   0x000f92       data     extern C:\MCC18\src\traditional\proc\p18F46J50.asm
                TRISAbits   0x000f92       data     extern C:\MCC18\src\traditional\proc\p18F46J50.asm
                    TRISB   0x000f93       data     extern C:\MCC18\src\traditional\proc\p18F46J50.asm
                TRISBbits   0x000f93       data     extern C:\MCC18\src\traditional\proc\p18F46J50.asm
                    TRISC   0x000f94       data     extern C:\MCC18\src\traditional\proc\p18F46J50.asm
                TRISCbits   0x000f94       data     extern C:\MCC18\src\traditional\proc\p18F46J50.asm
                    TRISD   0x000f95       data     extern C:\MCC18\src\traditional\proc\p18F46J50.asm
                TRISDbits   0x000f95       data     extern C:\MCC18\src\traditional\proc\p18F46J50.asm
                    TRISE   0x000f96       data     extern C:\MCC18\src\traditional\proc\p18F46J50.asm
                TRISEbits   0x000f96       data     extern C:\MCC18\src\traditional\proc\p18F46J50.asm
                  TXADDRH   0x000f6a       data     extern C:\MCC18\src\traditional\proc\p18F46J50.asm
              TXADDRHbits   0x000f6a       data     extern C:\MCC18\src\traditional\proc\p18F46J50.asm
                  TXADDRL   0x000f6b       data     extern C:\MCC18\src\traditional\proc\p18F46J50.asm
                    TXREG   0x000fae       data     extern C:\MCC18\src\traditional\proc\p18F46J50.asm
                   TXREG1   0x000fae       data     extern C:\MCC18\src\traditional\proc\p18F46J50.asm
[...]
                    TRISC   0x000f94       data     extern C:\MCC18\src\traditional\proc\p18F46J50.asm
                    TRISD   0x000f95       data     extern C:\MCC18\src\traditional\proc\p18F46J50.asm
                TRISDbits   0x000f95       data     extern C:\MCC18\src\traditional\proc\p18F46J50.asm
                TRISEbits   0x000f96       data     extern C:\MCC18\src\traditional\proc\p18F46J50.asm
                    TRISE   0x000f96       data     extern C:\MCC18\src\traditional\proc\p18F46J50.asm
                   T3GCON   0x000f97       data     extern C:\MCC18\src\traditional\proc\p18F46J50.asm
               T3GCONbits   0x000f97       data     extern C:\MCC18\src\traditional\proc\p18F46J50.asm
                  RTCVALL   0x000f98       data     extern C:\MCC18\src\traditional\proc\p18F46J50.asm
                  RTCVALH   0x000f99       data     extern C:\MCC18\src\traditional\proc\p18F46J50.asm
               T1GCONbits   0x000f9a       data     extern C:\MCC18\src\traditional\proc\p18F46J50.asm
                   T1GCON   0x000f9a       data     extern C:\MCC18\src\traditional\proc\p18F46J50.asm
              OSCTUNEbits   0x000f9b       data     extern C:\MCC18\src\traditional\proc\p18F46J50.asm
                  OSCTUNE   0x000f9b       data     extern C:\MCC18\src\traditional\proc\p18F46J50.asm
               RCSTA2bits   0x000f9c       data     extern C:\MCC18\src\traditional\proc\p18F46J50.asm
                   RCSTA2   0x000f9c       data     extern C:\MCC18\src\traditional\proc\p18F46J50.asm
                 PIE1bits   0x000f9d       data     extern C:\MCC18\src\traditional\proc\p18F46J50.asm
                     PIE1   0x000f9d       data     extern C:\MCC18\src\traditional\proc\p18F46J50.asm
                     PIR1   0x000f9e       data     extern C:\MCC18\src\traditional\proc\p18F46J50.asm
                 PIR1bits   0x000f9e       data     extern C:\MCC18\src\traditional\proc\p18F46J50.asm
                     IPR1   0x000f9f       data     extern C:\MCC18\src\traditional\proc\p18F46J50.asm
                 IPR1bits   0x000f9f       data     extern C:\MCC18\src\traditional\proc\p18F46J50.asm
                 PIE2bits   0x000fa0       data     extern C:\MCC18\src\traditional\proc\p18F46J50.asm
                     PIE2   0x000fa0       data     extern C:\MCC18\src\traditional\proc\p18F46J50.asm
                 PIR2bits   0x000fa1       data     extern C:\MCC18\src\traditional\proc\p18F46J50.asm
                     PIR2   0x000fa1       data     extern C:\MCC18\src\traditional\proc\p18F46J50.asm
                     IPR2   0x000fa2       data     extern C:\MCC18\src\traditional\proc\p18F46J50.asm
                 IPR2bits   0x000fa2       data     extern C:\MCC18\src\traditional\proc\p18F46J50.asm
                     PIE3   0x000fa3       data     extern C:\MCC18\src\traditional\proc\p18F46J50.asm
                 PIE3bits   0x000fa3       data     extern C:\MCC18\src\traditional\proc\p18F46J50.asm
                     PIR3   0x000fa4       data     extern C:\MCC18\src\traditional\proc\p18F46J50.asm
                 PIR3bits   0x000fa4       data     extern C:\MCC18\src\traditional\proc\p18F46J50.asm
                 IPR3bits   0x000fa5       data     extern C:\MCC18\src\traditional\proc\p18F46J50.asm
                     IPR3   0x000fa5       data     extern C:\MCC18\src\traditional\proc\p18F46J50.asm
               EECON1bits   0x000fa6       data     extern C:\MCC18\src\traditional\proc\p18F46J50.asm
                   EECON1   0x000fa6       data     extern C:\MCC18\src\traditional\proc\p18F46J50.asm
                   EECON2   0x000fa7       data     extern C:\MCC18\src\traditional\proc\p18F46J50.asm
                   TXSTA2   0x000fa8       data     extern C:\MCC18\src\traditional\proc\p18F46J50.asm
               TXSTA2bits   0x000fa8       data     extern C:\MCC18\src\traditional\proc\p18F46J50.asm
                   TXREG2   0x000fa9       data     extern C:\MCC18\src\traditional\proc\p18F46J50.asm
                   RCREG2   0x000faa       data     extern C:\MCC18\src\traditional\proc\p18F46J50.asm
                   SPBRG2   0x000fab       data     extern C:\MCC18\src\traditional\proc\p18F46J50.asm
                RCSTAbits   0x000fac       data     extern C:\MCC18\src\traditional\proc\p18F46J50.asm
               RCSTA1bits   0x000fac       data     extern C:\MCC18\src\traditional\proc\p18F46J50.asm
                   RCSTA1   0x000fac       data     extern C:\MCC18\src\traditional\proc\p18F46J50.asm
                    RCSTA   0x000fac       data     extern C:\MCC18\src\traditional\proc\p18F46J50.asm
                TXSTAbits   0x000fad       data     extern C:\MCC18\src\traditional\proc\p18F46J50.asm
                    TXSTA   0x000fad       data     extern C:\MCC18\src\traditional\proc\p18F46J50.asm
                   TXSTA1   0x000fad       data     extern C:\MCC18\src\traditional\proc\p18F46J50.asm
               TXSTA1bits   0x000fad       data     extern C:\MCC18\src\traditional\proc\p18F46J50.asm
                    TXREG   0x000fae       data     extern C:\MCC18\src\traditional\proc\p18F46J50.asm
                   TXREG1   0x000fae       data     extern C:\MCC18\src\traditional\proc\p18F46J50.asm
                   RCREG1   0x000faf       data     extern C:\MCC18\src\traditional\proc\p18F46J50.asm
                    RCREG   0x000faf       data     extern C:\MCC18\src\traditional\proc\p18F46J50.asm
                    SPBRG   0x000fb0       data     extern C:\MCC18\src\traditional\proc\p18F46J50.asm
                   SPBRG1   0x000fb0       data     extern C:\MCC18\src\traditional\proc\p18F46J50.asm
             CTMUICONbits   0x000fb1       data     extern C:\MCC18\src\traditional\proc\p18F46J50.asm
                 CTMUICON   0x000fb1       data     extern C:\MCC18\src\traditional\proc\p18F46J50.asm
             CTMUCONLbits   0x000fb2       data     extern C:\MCC18\src\traditional\proc\p18F46J50.asm
                 CTMUCONL   0x000fb2       data     extern C:\MCC18\src\traditional\proc\p18F46J50.asm
             CTMUCONHbits   0x000fb3       data     extern C:\MCC18\src\traditional\proc\p18F46J50.asm
                 CTMUCONH   0x000fb3       data     extern C:\MCC18\src\traditional\proc\p18F46J50.asm
             ECCP2CONbits   0x000fb4       data     extern C:\MCC18\src\traditional\proc\p18F46J50.asm
                 ECCP2CON   0x000fb4       data     extern C:\MCC18\src\traditional\proc\p18F46J50.asm
              CCP2CONbits   0x000fb4       data     extern C:\MCC18\src\traditional\proc\p18F46J50.asm
                  CCP2CON   0x000fb4       data     extern C:\MCC18\src\traditional\proc\p18F46J50.asm
                   CCPR2L   0x000fb5       data     extern C:\MCC18\src\traditional\proc\p18F46J50.asm
                    CCPR2   0x000fb5       data     extern C:\MCC18\src\traditional\proc\p18F46J50.asm
                   CCPR2H   0x000fb6       data     extern C:\MCC18\src\traditional\proc\p18F46J50.asm
             ECCP2DELbits   0x000fb7       data     extern C:\MCC18\src\traditional\proc\p18F46J50.asm
                 ECCP2DEL   0x000fb7       data     extern C:\MCC18\src\traditional\proc\p18F46J50.asm
              PWM2CONbits   0x000fb7       data     extern C:\MCC18\src\traditional\proc\p18F46J50.asm
                  PWM2CON   0x000fb7       data     extern C:\MCC18\src\traditional\proc\p18F46J50.asm
              ECCP2ASbits   0x000fb8       data     extern C:\MCC18\src\traditional\proc\p18F46J50.asm
                  ECCP2AS   0x000fb8       data     extern C:\MCC18\src\traditional\proc\p18F46J50.asm
                 PSTR2CON   0x000fb9       data     extern C:\MCC18\src\traditional\proc\p18F46J50.asm
             PSTR2CONbits   0x000fb9       data     extern C:\MCC18\src\traditional\proc\p18F46J50.asm
             ECCP1CONbits   0x000fba       data     extern C:\MCC18\src\traditional\proc\p18F46J50.asm
                 ECCP1CON   0x000fba       data     extern C:\MCC18\src\traditional\proc\p18F46J50.asm
              CCP1CONbits   0x000fba       data     extern C:\MCC18\src\traditional\proc\p18F46J50.asm
                  CCP1CON   0x000fba       data     extern C:\MCC18\src\traditional\proc\p18F46J50.asm
                   CCPR1L   0x000fbb       data     extern C:\MCC18\src\traditional\proc\p18F46J50.asm
                    CCPR1   0x000fbb       data     extern C:\MCC18\src\traditional\proc\p18F46J50.asm
                   CCPR1H   0x000fbc       data     extern C:\MCC18\src\traditional\proc\p18F46J50.asm
                  PWM1CON   0x000fbd       data     extern C:\MCC18\src\traditional\proc\p18F46J50.asm
              PWM1CONbits   0x000fbd       data     extern C:\MCC18\src\traditional\proc\p18F46J50.asm
             ECCP1DELbits   0x000fbd       data     extern C:\MCC18\src\traditional\proc\p18F46J50.asm
                 ECCP1DEL   0x000fbd       data     extern C:\MCC18\src\traditional\proc\p18F46J50.asm
              ECCP1ASbits   0x000fbe       data     extern C:\MCC18\src\traditional\proc\p18F46J50.asm
                  ECCP1AS   0x000fbe       data     extern C:\MCC18\src\traditional\proc\p18F46J50.asm
             PSTR1CONbits   0x000fbf       data     extern C:\MCC18\src\traditional\proc\p18F46J50.asm
                 PSTR1CON   0x000fbf       data     extern C:\MCC18\src\traditional\proc\p18F46J50.asm
               WDTCONbits   0x000fc0       data     extern C:\MCC18\src\traditional\proc\p18F46J50.asm
                   WDTCON   0x000fc0       data     extern C:\MCC18\src\traditional\proc\p18F46J50.asm
               ADCON1bits   0x000fc1       data     extern C:\MCC18\src\traditional\proc\p18F46J50.asm
                   ADCON1   0x000fc1       data     extern C:\MCC18\src\traditional\proc\p18F46J50.asm
               ADCON0bits   0x000fc2       data     extern C:\MCC18\src\traditional\proc\p18F46J50.asm
                   ADCON0   0x000fc2       data     extern C:\MCC18\src\traditional\proc\p18F46J50.asm
                   ADRESL   0x000fc3       data     extern C:\MCC18\src\traditional\proc\p18F46J50.asm
                    ADRES   0x000fc3       data     extern C:\MCC18\src\traditional\proc\p18F46J50.asm
                   ADRESH   0x000fc4       data     extern C:\MCC18\src\traditional\proc\p18F46J50.asm
                 SSP1CON2   0x000fc5       data     extern C:\MCC18\src\traditional\proc\p18F46J50.asm
             SSP1CON2bits   0x000fc5       data     extern C:\MCC18\src\traditional\proc\p18F46J50.asm
              SSPCON2bits   0x000fc5       data     extern C:\MCC18\src\traditional\proc\p18F46J50.asm
                  SSPCON2   0x000fc5       data     extern C:\MCC18\src\traditional\proc\p18F46J50.asm
                 SSP1CON1   0x000fc6       data     extern C:\MCC18\src\traditional\proc\p18F46J50.asm
              SSPCON1bits   0x000fc6       data     extern C:\MCC18\src\traditional\proc\p18F46J50.asm
                  SSPCON1   0x000fc6       data     extern C:\MCC18\src\traditional\proc\p18F46J50.asm
             SSP1CON1bits   0x000fc6       data     extern C:\MCC18\src\traditional\proc\p18F46J50.asm
             SSP1STATbits   0x000fc7       data     extern C:\MCC18\src\traditional\proc\p18F46J50.asm
                 SSP1STAT   0x000fc7       data     extern C:\MCC18\src\traditional\proc\p18F46J50.asm
                  SSPSTAT   0x000fc7       data     extern C:\MCC18\src\traditional\proc\p18F46J50.asm
              SSPSTATbits   0x000fc7       data     extern C:\MCC18\src\traditional\proc\p18F46J50.asm
               SSPADDbits   0x000fc8       data     extern C:\MCC18\src\traditional\proc\p18F46J50.asm
                   SSPADD   0x000fc8       data     extern C:\MCC18\src\traditional\proc\p18F46J50.asm
                  SSP1ADD   0x000fc8       data     extern C:\MCC18\src\traditional\proc\p18F46J50.asm
              SSP1ADDbits   0x000fc8       data     extern C:\MCC18\src\traditional\proc\p18F46J50.asm
                   SSPBUF   0x000fc9       data     extern C:\MCC18\src\traditional\proc\p18F46J50.asm
                  SSP1BUF   0x000fc9       data     extern C:\MCC18\src\traditional\proc\p18F46J50.asm
                T2CONbits   0x000fca       data     extern C:\MCC18\src\traditional\proc\p18F46J50.asm
                    T2CON   0x000fca       data     extern C:\MCC18\src\traditional\proc\p18F46J50.asm
                      PR2   0x000fcb       data     extern C:\MCC18\src\traditional\proc\p18F46J50.asm
                     TMR2   0x000fcc       data     extern C:\MCC18\src\traditional\proc\p18F46J50.asm
                    T1CON   0x000fcd       data     extern C:\MCC18\src\traditional\proc\p18F46J50.asm
                T1CONbits   0x000fcd       data     extern C:\MCC18\src\traditional\proc\p18F46J50.asm
                    TMR1L   0x000fce       data     extern C:\MCC18\src\traditional\proc\p18F46J50.asm
                    TMR1H   0x000fcf       data     extern C:\MCC18\src\traditional\proc\p18F46J50.asm
                 RCONbits   0x000fd0       data     extern C:\MCC18\src\traditional\proc\p18F46J50.asm
                     RCON   0x000fd0       data     extern C:\MCC18\src\traditional\proc\p18F46J50.asm
               CM2CONbits   0x000fd1       data     extern C:\MCC18\src\traditional\proc\p18F46J50.asm
              CM2CON1bits   0x000fd1       data     extern C:\MCC18\src\traditional\proc\p18F46J50.asm
                  CM2CON1   0x000fd1       data     extern C:\MCC18\src\traditional\proc\p18F46J50.asm
                   CM2CON   0x000fd1       data     extern C:\MCC18\src\traditional\proc\p18F46J50.asm
               CM1CONbits   0x000fd2       data     extern C:\MCC18\src\traditional\proc\p18F46J50.asm
              CM1CON1bits   0x000fd2       data     extern C:\MCC18\src\traditional\proc\p18F46J50.asm
                  CM1CON1   0x000fd2       data     extern C:\MCC18\src\traditional\proc\p18F46J50.asm
                   CM1CON   0x000fd2       data     extern C:\MCC18\src\traditional\proc\p18F46J50.asm
               OSCCONbits   0x000fd3       data     extern C:\MCC18\src\traditional\proc\p18F46J50.asm
                   OSCCON   0x000fd3       data     extern C:\MCC18\src\traditional\proc\p18F46J50.asm
                    T0CON   0x000fd5       data     extern C:\MCC18\src\traditional\proc\p18F46J50.asm
                T0CONbits   0x000fd5       data     extern C:\MCC18\src\traditional\proc\p18F46J50.asm
                    TMR0L   0x000fd6       data     extern C:\MCC18\src\traditional\proc\p18F46J50.asm
                    TMR0H   0x000fd7       data     extern C:\MCC18\src\traditional\proc\p18F46J50.asm
                   STATUS   0x000fd8       data     extern C:\MCC18\src\traditional\proc\p18F46J50.asm
               STATUSbits   0x000fd8       data     extern C:\MCC18\src\traditional\proc\p18F46J50.asm
                    FSR2L   0x000fd9       data     extern C:\MCC18\src\traditional\proc\p18F46J50.asm
                     FSR2   0x000fd9       data     extern C:\MCC18\src\traditional\proc\p18F46J50.asm
                    FSR2H   0x000fda       data     extern C:\MCC18\src\traditional\proc\p18F46J50.asm
                   PLUSW2   0x000fdb       data     extern C:\MCC18\src\traditional\proc\p18F46J50.asm
                  PREINC2   0x000fdc       data     extern C:\MCC18\src\traditional\proc\p18F46J50.asm
                 POSTDEC2   0x000fdd       data     extern C:\MCC18\src\traditional\proc\p18F46J50.asm
                 POSTINC2   0x000fde       data     extern C:\MCC18\src\traditional\proc\p18F46J50.asm
                    INDF2   0x000fdf       data     extern C:\MCC18\src\traditional\proc\p18F46J50.asm
                      BSR   0x000fe0       data     extern C:\MCC18\src\traditional\proc\p18F46J50.asm
                    FSR1L   0x000fe1       data     extern C:\MCC18\src\traditional\proc\p18F46J50.asm
                     FSR1   0x000fe1       data     extern C:\MCC18\src\traditional\proc\p18F46J50.asm
                    FSR1H   0x000fe2       data     extern C:\MCC18\src\traditional\proc\p18F46J50.asm
                   PLUSW1   0x000fe3       data     extern C:\MCC18\src\traditional\proc\p18F46J50.asm
                  PREINC1   0x000fe4       data     extern C:\MCC18\src\traditional\proc\p18F46J50.asm
                 POSTDEC1   0x000fe5       data     extern C:\MCC18\src\traditional\proc\p18F46J50.asm
                 POSTINC1   0x000fe6       data     extern C:\MCC18\src\traditional\proc\p18F46J50.asm
                    INDF1   0x000fe7       data     extern C:\MCC18\src\traditional\proc\p18F46J50.asm
                     WREG   0x000fe8       data     extern C:\MCC18\src\traditional\proc\p18F46J50.asm
                     FSR0   0x000fe9       data     extern C:\MCC18\src\traditional\proc\p18F46J50.asm
                    FSR0L   0x000fe9       data     extern C:\MCC18\src\traditional\proc\p18F46J50.asm
                    FSR0H   0x000fea       data     extern C:\MCC18\src\traditional\proc\p18F46J50.asm
                   PLUSW0   0x000feb       data     extern C:\MCC18\src\traditional\proc\p18F46J50.asm
                  PREINC0   0x000fec       data     extern C:\MCC18\src\traditional\proc\p18F46J50.asm
                 POSTDEC0   0x000fed       data     extern C:\MCC18\src\traditional\proc\p18F46J50.asm
                 POSTINC0   0x000fee       data     extern C:\MCC18\src\traditional\proc\p18F46J50.asm
                    INDF0   0x000fef       data     extern C:\MCC18\src\traditional\proc\p18F46J50.asm
              INTCON3bits   0x000ff0       data     extern C:\MCC18\src\traditional\proc\p18F46J50.asm
                  INTCON3   0x000ff0       data     extern C:\MCC18\src\traditional\proc\p18F46J50.asm
                  INTCON2   0x000ff1       data     extern C:\MCC18\src\traditional\proc\p18F46J50.asm
              INTCON2bits   0x000ff1       data     extern C:\MCC18\src\traditional\proc\p18F46J50.asm
                   INTCON   0x000ff2       data     extern C:\MCC18\src\traditional\proc\p18F46J50.asm
               INTCONbits   0x000ff2       data     extern C:\MCC18\src\traditional\proc\p18F46J50.asm
                     PROD   0x000ff3       data     extern C:\MCC18\src\traditional\proc\p18F46J50.asm
                    PRODL   0x000ff3       data     extern C:\MCC18\src\traditional\proc\p18F46J50.asm
                    PRODH   0x000ff4       data     extern C:\MCC18\src\traditional\proc\p18F46J50.asm
                   TABLAT   0x000ff5       data     extern C:\MCC18\src\traditional\proc\p18F46J50.asm
                   TBLPTR   0x000ff6       data     extern C:\MCC18\src\traditional\proc\p18F46J50.asm
                  TBLPTRL   0x000ff6       data     extern C:\MCC18\src\traditional\proc\p18F46J50.asm
                  TBLPTRH   0x000ff7       data     extern C:\MCC18\src\traditional\proc\p18F46J50.asm
                  TBLPTRU   0x000ff8       data     extern C:\MCC18\src\traditional\proc\p18F46J50.asm
                       PC   0x000ff9       data     extern C:\MCC18\src\traditional\proc\p18F46J50.asm
                      PCL   0x000ff9       data     extern C:\MCC18\src\traditional\proc\p18F46J50.asm
                   PCLATH   0x000ffa       data     extern C:\MCC18\src\traditional\proc\p18F46J50.asm
                   PCLATU   0x000ffb       data     extern C:\MCC18\src\traditional\proc\p18F46J50.asm
                   STKPTR   0x000ffc       data     extern C:\MCC18\src\traditional\proc\p18F46J50.asm
               STKPTRbits   0x000ffc       data     extern C:\MCC18\src\traditional\proc\p18F46J50.asm
                      TOS   0x000ffd       data     extern C:\MCC18\src\traditional\proc\p18F46J50.asm
                     TOSL   0x000ffd       data     extern C:\MCC18\src\traditional\proc\p18F46J50.asm
                     TOSH   0x000ffe       data     extern C:\MCC18\src\traditional\proc\p18F46J50.asm
                     TOSU   0x000fff       data     extern C:\MCC18\src\traditional\proc\p18F46J50.asm


